Archive member included because of file (symbol)

c:/devkitPro/libnds/lib\libnds9.a(background.o)
                              sevencore_io.o (bgInit_call)
c:/devkitPro/libnds/lib\libnds9.a(console.o)
                              sevencore_io.o (consoleSelect)
c:/devkitPro/libnds/lib\libnds9.a(decompress.o)
                              sevencore_io.o (decompress)
c:/devkitPro/libnds/lib\libnds9.a(exceptions.o)
                              gdbStub.o (setExceptionHandler)
c:/devkitPro/libnds/lib\libnds9.a(keys.o)
                              gdbStub.o (scanKeys)
c:/devkitPro/libnds/lib\libnds9.a(sassert.o)
                              sevencore_io.o (__sassert)
c:/devkitPro/libnds/lib\libnds9.a(touch.o)
                              sevencore_io.o (touchRead)
c:/devkitPro/libnds/lib\libnds9.a(trig.o)
                              c:/devkitPro/libnds/lib\libnds9.a(background.o) (sinLerp)
c:/devkitPro/libnds/lib\libnds9.a(videoGL.o)
                              card_spi.o (glGlobalData)
c:/devkitPro/libnds/lib\libnds9.a(initSystem.o)
                              c:/devkitpro/devkitarm/bin/../lib/gcc/arm-none-eabi/4.7.1/../../../../arm-none-eabi/lib/thumb/ds_arm9_crt0.o (initSystem)
c:/devkitPro/libnds/lib\libnds9.a(fifosystem.o)
                              c:/devkitPro/libnds/lib\libnds9.a(initSystem.o) (fifoSendValue32)
c:/devkitPro/libnds/lib\libnds9.a(interrupts.o)
                              card_spi.o (irqSet)
c:/devkitPro/libnds/lib\libnds9.a(libnds_exit.arm.o)
                              c:/devkitpro/devkitarm/bin/../lib/gcc/arm-none-eabi/4.7.1/../../../../arm-none-eabi/lib/thumb/ds_arm9_crt0.o (__libnds_exit)
c:/devkitPro/libnds/lib\libnds9.a(syscalls.o)
                              c:/devkitPro/libnds/lib\libnds9.a(decompress.o) (swiDecompressLZSSVram)
c:/devkitPro/libnds/lib\libnds9.a(exceptionHandler.o)
                              gdbStub.o (getCPSR)
c:/devkitPro/libnds/lib\libnds9.a(mpu_setup.o)
                              c:/devkitpro/devkitarm/bin/../lib/gcc/arm-none-eabi/4.7.1/../../../../arm-none-eabi/lib/thumb/ds_arm9_crt0.o (__libnds_mpu_setup)
c:/devkitPro/libnds/lib\libnds9.a(biosCalls.o)
                              card_spi.o (swiDelay)
c:/devkitPro/libnds/lib\libnds9.a(debugprint.o)
                              c:/devkitPro/libnds/lib\libnds9.a(console.o) (nocashWrite)
c:/devkitPro/libnds/lib\libnds9.a(interruptDispatcher.o)
                              c:/devkitPro/libnds/lib\libnds9.a(interrupts.o) (IntrMain)
c:/devkitPro/libnds/lib\libnds9.a(swiSoftReset.o)
                              c:/devkitPro/libnds/lib\libnds9.a(fifosystem.o) (swiSoftReset)
c:/devkitPro/libnds/lib\libnds9.a(default_font.bin.o)
                              c:/devkitPro/libnds/lib\libnds9.a(console.o) (default_font_bin)
c:/devkitPro/libnds/lib\libnds9.a(dynamicArray.o)
                              c:/devkitPro/libnds/lib\libnds9.a(videoGL.o) (DynamicArrayInit)
c:/devkitPro/libnds/lib\libnds9.a(system.o)
                              c:/devkitPro/libnds/lib\libnds9.a(initSystem.o) (systemMsgHandler)
c:/devkitPro/libnds/lib\libnds9.a(video.o)
                              c:/devkitPro/libnds/lib\libnds9.a(videoGL.o) (vramSetPrimaryBanks)
c:/devkitpro/devkitarm/bin/../lib/gcc/arm-none-eabi/4.7.1/thumb\libgcc.a(_udivsi3.o)
                              sevencore_io.o (__aeabi_uidiv)
c:/devkitpro/devkitarm/bin/../lib/gcc/arm-none-eabi/4.7.1/thumb\libgcc.a(_divsi3.o)
                              Exp_Homework.o (__aeabi_idiv)
c:/devkitpro/devkitarm/bin/../lib/gcc/arm-none-eabi/4.7.1/thumb\libgcc.a(_dvmd_tls.o)
                              c:/devkitpro/devkitarm/bin/../lib/gcc/arm-none-eabi/4.7.1/thumb\libgcc.a(_udivsi3.o) (__aeabi_idiv0)
c:/devkitpro/devkitarm/bin/../lib/gcc/arm-none-eabi/4.7.1/thumb\libgcc.a(_muldi3.o)
                              c:/devkitPro/libnds/lib\libnds9.a(videoGL.o) (__aeabi_lmul)
c:/devkitpro/devkitarm/bin/../lib/gcc/arm-none-eabi/4.7.1/../../../../arm-none-eabi/lib/thumb\libg.a(lib_a-bsearch.o)
                              c:/devkitPro/libnds/lib\libnds9.a(trig.o) (bsearch)
c:/devkitpro/devkitarm/bin/../lib/gcc/arm-none-eabi/4.7.1/../../../../arm-none-eabi/lib/thumb\libg.a(lib_a-impure.o)
                              c:/devkitPro/libnds/lib\libnds9.a(console.o) (_impure_ptr)
c:/devkitpro/devkitarm/bin/../lib/gcc/arm-none-eabi/4.7.1/../../../../arm-none-eabi/lib/thumb\libg.a(lib_a-init.o)
                              c:/devkitpro/devkitarm/bin/../lib/gcc/arm-none-eabi/4.7.1/../../../../arm-none-eabi/lib/thumb/ds_arm9_crt0.o (__libc_init_array)
c:/devkitpro/devkitarm/bin/../lib/gcc/arm-none-eabi/4.7.1/../../../../arm-none-eabi/lib/thumb\libg.a(lib_a-iprintf.o)
                              c:/devkitPro/libnds/lib\libnds9.a(console.o) (iprintf)
c:/devkitpro/devkitarm/bin/../lib/gcc/arm-none-eabi/4.7.1/../../../../arm-none-eabi/lib/thumb\libg.a(lib_a-malloc.o)
                              heap_3.o (malloc)
[...]
Memory Configuration

Name             Origin             Length             Attributes
rom              0x08000000         0x02000000
ewram            0x02000000         0x003ff000
dtcm             0x0b000000         0x00004000
vectors          0x01000000         0x00000100
itcm             0x01000100         0x00007f00
*default*        0x00000000         0xffffffff

Linker script and memory map

                0x01000000                __vectors_start = ORIGIN (vectors)
                0x01000100                __itcm_start = ORIGIN (itcm)
                0x023ff000                __ewram_end = (ORIGIN (ewram) + 0x3ff000)
                0x023ff000                __eheap_end = (ORIGIN (ewram) + 0x3ff000)
                0x0b000000                __dtcm_start = ORIGIN (dtcm)
                0x0b004000                __dtcm_top = (ORIGIN (dtcm) + 0x4000)
                0x0b003ff8                __irq_flags = (__dtcm_top - 0x8)
                0x0b003ffc                __irq_vector = (__dtcm_top - 0x4)
                0x0b003f00                __sp_svc = (__dtcm_top - 0x100)
                0x0b003e00                __sp_irq = (__sp_svc - 0x100)
                0x0b003d00                __sp_usr = (__sp_irq - 0x100)

.init           0x02000000      0x23c
                0x02000000                __text_start = .
 *(.init)
 .init          0x02000000      0x230 c:/devkitpro/devkitarm/bin/../lib/gcc/arm-none-eabi/4.7.1/../../../../arm-none-eabi/lib/thumb/ds_arm9_crt0.o
                0x02000000                _start
 .init          0x02000230        0x4 c:/devkitpro/devkitarm/bin/../lib/gcc/arm-none-eabi/4.7.1/thumb/crti.o
                0x02000230                _init
 .init          0x02000234        0x8 c:/devkitpro/devkitarm/bin/../lib/gcc/arm-none-eabi/4.7.1/thumb/crtn.o
                0x0200023c                . = ALIGN (0x4)

.plt
 *(.plt)

.text           0x02000240    0x141c0
 *(EXCLUDE_FILE(*.itcm*) .text)
 .text          0x02000240        0x0 c:/devkitpro/devkitarm/bin/../lib/gcc/arm-none-eabi/4.7.1/../../../../arm-none-eabi/lib/thumb/ds_arm9_crt0.o
 .text          0x02000240        0x0 c:/devkitpro/devkitarm/bin/../lib/gcc/arm-none-eabi/4.7.1/thumb/crti.o
 .text          0x02000240       0xd0 c:/devkitpro/devkitarm/bin/../lib/gcc/arm-none-eabi/4.7.1/thumb/crtbegin.o
 .text          0x02000310        0x0 down.o
 .text          0x02000310        0x0 up.o
 .text          0x02000310      0x42c croutine.o
                0x02000310                xCoRoutineCreate
                0x020003d8                vCoRoutineAddToDelayedList
                0x020005d8                vCoRoutineSchedule
                0x020006e0                xCoRoutineRemoveFromEventList
 .text          0x0200073c      0x138 list.o
                0x0200073c                vListInitialise
                0x02000770                vListInitialiseItem
                0x02000780                vListInsertEnd
                0x020007c4                vListInsert
                0x0200082c                vListRemove
 .text          0x02000874      0x6e8 queue.o
                0x02000874                xQueueCreate
                0x02000928                xQueueCreateMutex
                0x020009a0                xQueueGenericSend
                0x02000aa8                xQueueGenericSendFromISR
                0x02000b18                xQueueGenericReceive
                0x02000c80                xQueueReceiveFromISR
                0x02000cf0                uxQueueMessagesWaiting
                0x02000d0c                uxQueueMessagesWaitingFromISR
                0x02000d20                vQueueDelete
                0x02000ef4                xQueueIsQueueEmptyFromISR
                0x02000f3c                xQueueIsQueueFullFromISR
 .text          0x02000f5c     0x119c tasks.o
                0x02000f5c                xTaskGenericCreate
                0x020010c4                vTaskDelete
                0x02001158                vTaskDelayUntil
                0x02001228                vTaskDelay
                0x020012b0                uxTaskPriorityGet
                0x020012e0                vTaskPrioritySet
                0x020013d4                vTaskSuspend
                0x02001468                xTaskIsTaskSuspended
                0x020014a8                vTaskResume
                0x02001534                xTaskResumeFromISR
                0x020015d4                vTaskStartScheduler
                0x02001630                vTaskEndScheduler
                0x02001648                vTaskSuspendAll
                0x02001658                xTaskResumeAll
                0x02001750                xTaskGetTickCount
                0x02001770                xTaskGetTickCountFromISR
                0x0200177c                uxTaskGetNumberOfTasks
                0x02001788                vTaskList
                0x0200187c                vTaskStartTrace
                0x020018c0                ulTaskEndTrace
                0x020018f4                vTaskIncrementTick
                0x020019c8                vTaskSwitchContext
                0x02001ac8                vTaskPlaceOnEventList
                0x02001b60                xTaskRemoveFromEventList
                0x02001c0c                vTaskSetTimeOutState
                0x02001c2c                xTaskCheckForTimeOut
                0x02001cb0                vTaskMissedYield
                0x02001fcc                xTaskGetCurrentTaskHandle
                0x02001fe0                vTaskPriorityInherit
                0x02002080                vTaskPriorityDisinherit
 .text          0x020020f8      0x4a8 card_spi.o
                0x02002148                cardLineIrqHandler
                0x0200214c                initSpi
                0x02002158                cardSpiBusy
                0x02002178                cardSpiStart
                0x020021c0                cardSpiStop
                0x020021e0                cardSpiInit
                0x02002210                cardSpiSetHandler
                0x0200224c                cardSpiEnable
                0x0200226c                cardSpiDisable
                0x02002288                cardSpiTransfer
                0x020022d0                cardSpiWriteBuffer
                0x02002390                cardSpiTransferBuffer
                0x02002474                poll_spi
                0x020024b4                getDebugChar
                0x02002540                putDebugChar
 .text          0x020025a0     0x15ec gdbStub.o
                0x02002a04                getRegister
                0x02002a7c                putRegister
                0x02002ad0                getRegisterAsBytes
                0x02002b34                putRegisterAsBytes
                0x02003944                initDebug
                0x02003b68                waitInput
 .text          0x02003b8c       0x44 heap_3.o
                0x02003b8c                pvPortMalloc
                0x02003bb0                vPortFree
 .text          0x02003bd0      0x16c port.o
                0x02003bd0                pxPortInitialiseStack
                0x02003cec                xPortStartScheduler
                0x02003d00                vPortEndScheduler
 .text          0x02003d3c       0x48 portISR.o
                0x02003d3c                vPortISRStartFirstTask
                0x02003d44                vPortEnterCritical
                0x02003d5c                vPortExitCritical
 .text          0x02003d84      0x99c sevencore_io.o
                0x0200420c                draw7SEGMENT
                0x02004500                init_virtual_io
                0x020045c0                init_printf
                0x0200461c                readb_virtual_io
                0x02004670                writeb_virtual_io
                0x0200471c                close_virtual_io
 .text          0x02004720      0x3d0 Exp_Homework.o
                0x02004720                key_init
                0x02004754                kbhit
                0x02004788                getkey
                0x020047b4                Exp_Homework_A
                0x02004990                Key_Task
 .text          0x02004af0       0x90 main.o
                0x02004af0                main
                0x02004b70                InitDebug
 .text          0x02004b80       0xf0 gdbStubAsm.o
                0x02004b80                BreakPoint
                0x02004b88                ICInvalidateAll
                0x02004b94                DCFlushAll
                0x02004bc0                enable_IRQs
                0x02004bcc                disable_IRQs
                0x02004bd8                getSPSR
                0x02004be0                setBankedReg
                0x02004c04                setRegs
                0x02004c0c                getPC
                0x02004c14                test_func
                0x02004c38                v5T_semantics_asm
                0x02004c40                add
                0x02004c50                mul
 .text          0x02004c70      0x140 port_asm.o
                0x02004c70                vPortDisableInterruptsFromThumb
                0x02004c88                vPortEnableInterruptsFromThumb
                0x02004ca0                portRESTORE_CONTEXT_FIRST
                0x02004cb8                portRESTORE_CONTEXT
                0x02004cf0                vPreemptiveTick
                0x02004d4c                vPortYIELD
 .text          0x02004db0      0x2e8 c:/devkitPro/libnds/lib\libnds9.a(background.o)
                0x02004db0                bgIsText
                0x02004dbc                checkIfText
                0x02004e14                bgUpdate
                0x02004f08                bgInit_call
                0x02004fcc                bgInitSub_call
 .text          0x02005098      0xa4c c:/devkitPro/libnds/lib\libnds9.a(console.o)
                0x02005138                nocash_write
                0x02005148                consoleGetDefault
                0x02005154                consoleSelect
                0x02005164                consoleDebugInit
                0x020051b4                consolePrintChar
                0x02005380                consoleLoadFont
                0x02005608                consoleSetFont
                0x02005628                consoleInit
                0x02005790                consoleDemoInit
                0x020057d4                con_write
                0x02005ab0                consoleClear
                0x02005ac0                consoleSetWindow
 .text          0x02005ae4       0x84 c:/devkitPro/libnds/lib\libnds9.a(decompress.o)
                0x02005ae4                getHeader
                0x02005ae8                readByte
                0x02005aec                decompress
                0x02005b2c                decompressStream
 .text          0x02005b68       0x28 c:/devkitPro/libnds/lib\libnds9.a(exceptions.o)
                0x02005b68                setExceptionHandler
 .text          0x02005b90       0xf4 c:/devkitPro/libnds/lib\libnds9.a(keys.o)
                0x02005b90                scanKeys
                0x02005bfc                keysHeld
                0x02005c08                keysDown
                0x02005c18                keysDownRepeat
                0x02005c28                keysSetRepeat
                0x02005c40                keysUp
                0x02005c50                keysCurrent
 .text          0x02005c84       0x24 c:/devkitPro/libnds/lib\libnds9.a(sassert.o)
                0x02005c84                __sassert
 .text          0x02005ca8       0x4c c:/devkitPro/libnds/lib\libnds9.a(touch.o)
                0x02005ca8                touchRead
                0x02005cd0                touchReadXY
 .text          0x02005cf4      0x244 c:/devkitPro/libnds/lib\libnds9.a(trig.o)
                0x02005cf4                asinComp
                0x02005d1c                sinLutLookup
                0x02005d58                sinLerp
                0x02005d90                cosLerp
                0x02005da4                tanLutLookup
                0x02005ddc                tanLerp
                0x02005e80                asinLerp
                0x02005efc                acosLerp
                0x02005f10                atanComp
 .text          0x02005f38     0x15cc c:/devkitPro/libnds/lib\libnds9.a(videoGL.o)
                0x02005f38                glGetGlobals
                0x02005f40                glRotatef32i
                0x02006214                glMaterialf
                0x02006280                glTexCoord2f32
                0x020062f4                vramBlock_init
                0x02006360                vramBlock_Construct
                0x02006388                vramBlock_terminate
                0x020063b0                vramBlock_Deconstruct
                0x020063c4                vramBlock__allocateBlock
                0x02006530                vramBlock__deallocateBlock
                0x0200668c                vramBlock_examineSpecial
                0x020068ac                vramBlock_allocateSpecial
                0x02006918                vramBlock_allocateBlock
                0x0200694c                vramBlock_deallocateBlock
                0x0200698c                vramBlock_deallocateAll
                0x0200699c                vramBlock_getAddr
                0x020069b0                vramBlock_getSize
                0x020069c4                glInit_C
                0x02006b6c                glResetTextures
                0x02006bf4                removePaletteFromTexture
                0x02006c64                glGenTextures
                0x02006d00                glDeleteTextures
                0x02006dd0                vramGetBank
                0x02006e90                glBindTexture
                0x02006ef0                glColorTableEXT
                0x02007070                glColorSubTableEXT
                0x020070c0                glGetColorTableEXT
                0x020070fc                glAssignColorTable
                0x02007170                glTexParameter
                0x020071a8                glGetTexturePointer
                0x020071c8                glGetTexParameter
                0x020071e8                glGetColorTableParameterEXT
                0x02007220                glTexImage2D
 .text          0x02007504      0x140 c:/devkitPro/libnds/lib\libnds9.a(initSystem.o)
                0x02007504                initSystem
 .text          0x02007644      0xc58 c:/devkitPro/libnds/lib\libnds9.a(fifosystem.o)
                0x02007898                fifoSendAddress
                0x020078c4                fifoSendValue32
                0x02007904                fifoSendDatamsg
                0x02007974                fifoGetAddress
                0x020079ec                fifoSetAddressHandler
                0x02007a60                fifoGetValue32
                0x02007ad4                fifoSetValue32Handler
                0x02007b48                fifoGetDatamsg
                0x02007fcc                fifoSetDatamsgHandler
                0x02008064                fifoCheckAddress
                0x02008088                fifoCheckDatamsg
                0x020080ac                fifoCheckValue32
                0x020080d0                fifoInit
 .text          0x0200829c      0x1ec c:/devkitPro/libnds/lib\libnds9.a(interrupts.o)
                0x0200829c                irqDummy
                0x020082a0                irqSet
                0x0200830c                irqInit
                0x02008358                irqInitHandler
                0x02008388                irqEnable
                0x020083ec                irqDisable
                0x02008450                irqClear
 .text          0x02008488       0x58 c:/devkitPro/libnds/lib\libnds9.a(libnds_exit.arm.o)
                0x02008488                systemErrorExit
                0x0200848c                __libnds_exit
 .text          0x020084e0       0x1c c:/devkitPro/libnds/lib\libnds9.a(syscalls.o)
                0x020084e0                swiDecompressLZSSVram
 .text          0x020084fc       0xdc c:/devkitPro/libnds/lib\libnds9.a(exceptionHandler.o)
                0x020084fc                getCPSR
                0x02008504                enterException
                0x02008578                exceptionC
                0x0200857c                exceptionStack
                0x02008580                exceptionRegisters
 .text          0x020085d8      0x1b4 c:/devkitPro/libnds/lib\libnds9.a(mpu_setup.o)
                0x020085d8                __libnds_mpu_setup
                0x02008718                memCached
                0x02008730                memUncached
 *fill*         0x0200878c        0x4 ff
 .text          0x02008790       0x70 c:/devkitPro/libnds/lib\libnds9.a(biosCalls.o)
                0x02008790                swiDelay
                0x02008794                swiIntrWait
                0x02008798                swiWaitForVBlank
                0x0200879c                swiSleep
                0x020087a0                swiChangeSoundBias
                0x020087a4                swiDivide
                0x020087a8                swiRemainder
                0x020087ae                swiDivMod
                0x020087ba                swiCopy
                0x020087be                swiFastCopy
                0x020087c2                swiSqrt
                0x020087c6                swiCRC16
                0x020087ca                swiIsDebugger
                0x020087ce                swiUnpackBits
                0x020087d2                swiDecompressLZSSWram
                0x020087d6                swiDecompressLZSSVramNTR
                0x020087da                swiDecompressLZSSVramTWL
                0x020087de                swiDecompressHuffman
                0x020087e2                swiDecompressRLEWram
                0x020087e6                swiDecompressRLEVram
                0x020087ea                swiWaitForIRQ
                0x020087ee                swiDecodeDelta8
                0x020087f2                swiDecodeDelta16
                0x020087f6                swiSetHaltCR
 .text          0x02008800       0xa4 c:/devkitPro/libnds/lib\libnds9.a(debugprint.o)
                0x02008800                nocashWrite
                0x02008802                nocashMessage
 .text          0x020088a4        0x0 c:/devkitPro/libnds/lib\libnds9.a(interruptDispatcher.o)
 *fill*         0x020088a4        0xc ff
 .text          0x020088b0       0x30 c:/devkitPro/libnds/lib\libnds9.a(swiSoftReset.o)
                0x020088b0                swiSoftReset
 .text          0x020088e0        0x0 c:/devkitPro/libnds/lib\libnds9.a(default_font.bin.o)
 .text          0x020088e0       0x8c c:/devkitPro/libnds/lib\libnds9.a(dynamicArray.o)
                0x020088e0                DynamicArrayInit
                0x020088f8                DynamicArrayDelete
                0x0200890c                DynamicArrayGet
                0x02008924                DynamicArraySet
 .text          0x0200896c      0x128 c:/devkitPro/libnds/lib\libnds9.a(system.o)
                0x0200896c                setSDcallback
                0x02008978                systemMsgHandler
                0x020089bc                systemSleep
                0x020089d4                systemValueHandler
                0x02008a10                powerOn
                0x02008a3c                powerOff
                0x02008a64                ledBlink
                0x02008a74                getBatteryLevel
 .text          0x02008a94      0x1f8 c:/devkitPro/libnds/lib\libnds9.a(video.o)
                0x02008a94                vramSetPrimaryBanks
                0x02008ad8                vramSetMainBanks
                0x02008b1c                vramSetBanks_EFG
                0x02008b54                vramRestorePrimaryBanks
                0x02008b60                vramRestoreMainBanks
                0x02008b6c                vramRestoreBanks_EFG
                0x02008b78                setBrightness
                0x02008bb8                vramDefault
 .text          0x02008c8c      0x11c c:/devkitpro/devkitarm/bin/../lib/gcc/arm-none-eabi/4.7.1/thumb\libgcc.a(_udivsi3.o)
                0x02008c8c                __aeabi_uidiv
                0x02008c8c                __udivsi3
                0x02008d88                __aeabi_uidivmod
 .text          0x02008da8      0x150 c:/devkitpro/devkitarm/bin/../lib/gcc/arm-none-eabi/4.7.1/thumb\libgcc.a(_divsi3.o)
                0x02008da8                __divsi3
                0x02008da8                __aeabi_idiv
                0x02008ed8                __aeabi_idivmod
 .text          0x02008ef8        0x4 c:/devkitpro/devkitarm/bin/../lib/gcc/arm-none-eabi/4.7.1/thumb\libgcc.a(_dvmd_tls.o)
                0x02008ef8                __aeabi_idiv0
                0x02008ef8                __aeabi_ldiv0
 .text          0x02008efc       0x4c c:/devkitpro/devkitarm/bin/../lib/gcc/arm-none-eabi/4.7.1/thumb\libgcc.a(_muldi3.o)
                0x02008efc                __muldi3
                0x02008efc                __aeabi_lmul
 .text          0x02008f48       0x64 c:/devkitpro/devkitarm/bin/../lib/gcc/arm-none-eabi/4.7.1/../../../../arm-none-eabi/lib/thumb\libg.a(lib_a-bsearch.o)
                0x02008f48                bsearch
 .text          0x02008fac        0x0 c:/devkitpro/devkitarm/bin/../lib/gcc/arm-none-eabi/4.7.1/../../../../arm-none-eabi/lib/thumb\libg.a(lib_a-impure.o)
 .text          0x02008fac       0x54 c:/devkitpro/devkitarm/bin/../lib/gcc/arm-none-eabi/4.7.1/../../../../arm-none-eabi/lib/thumb\libg.a(lib_a-init.o)
                0x02008fac                __libc_init_array
 .text          0x02009000       0x40 c:/devkitpro/devkitarm/bin/../lib/gcc/arm-none-eabi/4.7.1/../../../../arm-none-eabi/lib/thumb\libg.a(lib_a-iprintf.o)
                0x02009000                iprintf
                0x02009024                _iprintf_r
 .text          0x02009040       0x30 c:/devkitpro/devkitarm/bin/../lib/gcc/arm-none-eabi/4.7.1/../../../../arm-none-eabi/lib/thumb\libg.a(lib_a-malloc.o)
                0x02009040                malloc
                0x02009058                free
 .text          0x02009070      0x51c c:/devkitpro/devkitarm/bin/../lib/gcc/arm-none-eabi/4.7.1/../../../../arm-none-eabi/lib/thumb\libg.a(lib_a-mallocr.o)
                0x02009070                _malloc_r
 .text          0x0200958c       0x90 c:/devkitpro/devkitarm/bin/../lib/gcc/arm-none-eabi/4.7.1/../../../../arm-none-eabi/lib/thumb\libg.a(lib_a-memcpy-stub.o)
                0x0200958c                memcpy
 .text          0x0200961c       0x98 c:/devkitpro/devkitarm/bin/../lib/gcc/arm-none-eabi/4.7.1/../../../../arm-none-eabi/lib/thumb\libg.a(lib_a-memset.o)
                0x0200961c                memset
 .text          0x020096b4        0x8 c:/devkitpro/devkitarm/bin/../lib/gcc/arm-none-eabi/4.7.1/../../../../arm-none-eabi/lib/thumb\libg.a(lib_a-mlock.o)
                0x020096b4                __malloc_lock
                0x020096b8                __malloc_unlock
 .text          0x020096bc       0x1c c:/devkitpro/devkitarm/bin/../lib/gcc/arm-none-eabi/4.7.1/../../../../arm-none-eabi/lib/thumb\libg.a(lib_a-realloc.o)
                0x020096bc                realloc
 .text          0x020096d8      0x3e8 c:/devkitpro/devkitarm/bin/../lib/gcc/arm-none-eabi/4.7.1/../../../../arm-none-eabi/lib/thumb\libg.a(lib_a-reallocr.o)
                0x020096d8                _realloc_r
 .text          0x02009ac0      0x120 c:/devkitpro/devkitarm/bin/../lib/gcc/arm-none-eabi/4.7.1/../../../../arm-none-eabi/lib/thumb\libg.a(lib_a-setvbuf.o)
                0x02009ac0                setvbuf
 .text          0x02009be0       0xa0 c:/devkitpro/devkitarm/bin/../lib/gcc/arm-none-eabi/4.7.1/../../../../arm-none-eabi/lib/thumb\libg.a(lib_a-siscanf.o)
                0x02009be0                siscanf
                0x02009c30                _siscanf_r
 .text          0x02009c80       0x84 c:/devkitpro/devkitarm/bin/../lib/gcc/arm-none-eabi/4.7.1/../../../../arm-none-eabi/lib/thumb\libg.a(lib_a-sprintf.o)
                0x02009c80                _sprintf_r
                0x02009cc0                sprintf
 .text          0x02009d04       0xac c:/devkitpro/devkitarm/bin/../lib/gcc/arm-none-eabi/4.7.1/../../../../arm-none-eabi/lib/thumb\libg.a(lib_a-stdio.o)
                0x02009d04                __sread
                0x02009d30                __seofread
                0x02009d34                __swrite
                0x02009d70                __sseek
                0x02009da0                __sclose
 .text          0x02009db0       0x50 c:/devkitpro/devkitarm/bin/../lib/gcc/arm-none-eabi/4.7.1/../../../../arm-none-eabi/lib/thumb\libg.a(lib_a-strcat.o)
                0x02009db0                strcat
 .text          0x02009e00       0x10 c:/devkitpro/devkitarm/bin/../lib/gcc/arm-none-eabi/4.7.1/../../../../arm-none-eabi/lib/thumb\libg.a(lib_a-strcpy.o)
                0x02009e00                strcpy
 .text          0x02009e10       0x10 c:/devkitpro/devkitarm/bin/../lib/gcc/arm-none-eabi/4.7.1/../../../../arm-none-eabi/lib/thumb\libg.a(lib_a-strlen.o)
                0x02009e10                strlen
 .text          0x02009e20       0x60 c:/devkitpro/devkitarm/bin/../lib/gcc/arm-none-eabi/4.7.1/../../../../arm-none-eabi/lib/thumb\libg.a(lib_a-strncpy.o)
                0x02009e20                strncpy
 .text          0x02009e80      0xa98 c:/devkitpro/devkitarm/bin/../lib/gcc/arm-none-eabi/4.7.1/../../../../arm-none-eabi/lib/thumb\libg.a(lib_a-svfiscanf.o)
                0x02009e80                _sungetc_r
                0x02009f08                __ssrefill_r
                0x02009f4c                _sfread_r
                0x02009fd8                __ssvfiscanf_r
 .text          0x0200a918     0x1728 c:/devkitpro/devkitarm/bin/../lib/gcc/arm-none-eabi/4.7.1/../../../../arm-none-eabi/lib/thumb\libg.a(lib_a-svfprintf.o)
                0x0200a918                _svfprintf_r
 .text          0x0200c040      0x188 c:/devkitpro/devkitarm/bin/../lib/gcc/arm-none-eabi/4.7.1/../../../../arm-none-eabi/lib/thumb\libg.a(lib_a-ungetc.o)
                0x0200c040                __submore
                0x0200c0c8                _ungetc_r
                0x0200c1ac                ungetc
 .text          0x0200c1c8      0xed4 c:/devkitpro/devkitarm/bin/../lib/gcc/arm-none-eabi/4.7.1/../../../../arm-none-eabi/lib/thumb\libg.a(lib_a-vfiprintf.o)
                0x0200c1c8                __sprint_r
                0x0200c24c                _vfiprintf_r
                0x0200d078                vfiprintf
 .text          0x0200d09c       0xe8 c:/devkitpro/devkitarm/bin/../lib/gcc/arm-none-eabi/4.7.1/../../../../arm-none-eabi/lib/thumb\libg.a(lib_a-wcrtomb.o)
                0x0200d09c                _wcrtomb_r
                0x0200d104                wcrtomb
 .text          0x0200d184       0x40 c:/devkitpro/devkitarm/bin/../lib/gcc/arm-none-eabi/4.7.1/../../../../arm-none-eabi/lib/thumb\libg.a(lib_a-wcsrtombs.o)
                0x0200d184                _wcsrtombs_r
                0x0200d19c                wcsrtombs
 .text          0x0200d1c4      0x2a4 c:/devkitpro/devkitarm/bin/../lib/gcc/arm-none-eabi/4.7.1/../../../../arm-none-eabi/lib/thumb\libg.a(lib_a-wctomb_r.o)
                0x0200d1c4                __utf8_wctomb
                0x0200d278                _wctomb_r
                0x0200d2b0                __ascii_wctomb
                0x0200d2d0                __sjis_wctomb
                0x0200d34c                __eucjp_wctomb
                0x0200d3e8                __jis_wctomb
 .text          0x0200d468       0xd0 c:/devkitpro/devkitarm/bin/../lib/gcc/arm-none-eabi/4.7.1/../../../../arm-none-eabi/lib/thumb\libg.a(lib_a-wsetup.o)
                0x0200d468                __swsetup_r
 .text          0x0200d538       0x10 c:/devkitpro/devkitarm/bin/../lib/gcc/arm-none-eabi/4.7.1/../../../../arm-none-eabi/lib/thumb\libg.a(lib_a-ctype_.o)
                0x0200d538                __set_ctype
 .text          0x0200d548     0x10a0 c:/devkitpro/devkitarm/bin/../lib/gcc/arm-none-eabi/4.7.1/../../../../arm-none-eabi/lib/thumb\libg.a(lib_a-dtoa.o)
                0x0200d6a0                _dtoa_r
 .text          0x0200e5e8      0x1b8 c:/devkitpro/devkitarm/bin/../lib/gcc/arm-none-eabi/4.7.1/../../../../arm-none-eabi/lib/thumb\libg.a(lib_a-fflush.o)
                0x0200e5e8                __sflush_r
                0x0200e740                _fflush_r
                0x0200e770                fflush
 .text          0x0200e7a0      0x1d8 c:/devkitpro/devkitarm/bin/../lib/gcc/arm-none-eabi/4.7.1/../../../../arm-none-eabi/lib/thumb\libg.a(lib_a-findfp.o)
                0x0200e7a8                _cleanup_r
                0x0200e808                __sfmoreglue
                0x0200e838                _cleanup
                0x0200e84c                __sinit
                0x0200e8a0                __sfp
                0x0200e930                __sfp_lock_acquire
                0x0200e934                __sfp_lock_release
                0x0200e938                __sinit_lock_acquire
                0x0200e93c                __sinit_lock_release
                0x0200e940                __fp_lock_all
                0x0200e95c                __fp_unlock_all
 .text          0x0200e978      0x104 c:/devkitpro/devkitarm/bin/../lib/gcc/arm-none-eabi/4.7.1/../../../../arm-none-eabi/lib/thumb\libg.a(lib_a-fputwc.o)
                0x0200e978                _fputwc_r
                0x0200ea50                fputwc
 .text          0x0200ea7c      0x238 c:/devkitpro/devkitarm/bin/../lib/gcc/arm-none-eabi/4.7.1/../../../../arm-none-eabi/lib/thumb\libg.a(lib_a-freer.o)
                0x0200ea7c                _malloc_trim_r
                0x0200eb20                _free_r
 .text          0x0200ecb4      0x2fc c:/devkitpro/devkitarm/bin/../lib/gcc/arm-none-eabi/4.7.1/../../../../arm-none-eabi/lib/thumb\libg.a(lib_a-fvwrite.o)
                0x0200ecb4                __sfvwrite_r
 .text          0x0200efb0       0xb4 c:/devkitpro/devkitarm/bin/../lib/gcc/arm-none-eabi/4.7.1/../../../../arm-none-eabi/lib/thumb\libg.a(lib_a-fwalk.o)
                0x0200efb0                _fwalk
                0x0200f004                _fwalk_reent
 .text          0x0200f064       0x78 c:/devkitpro/devkitarm/bin/../lib/gcc/arm-none-eabi/4.7.1/../../../../arm-none-eabi/lib/thumb\libg.a(lib_a-iswspace.o)
                0x0200f064                iswspace
 .text          0x0200f0dc      0x1f0 c:/devkitpro/devkitarm/bin/../lib/gcc/arm-none-eabi/4.7.1/../../../../arm-none-eabi/lib/thumb\libg.a(lib_a-jp2uc.o)
                0x0200f268                _jp2uc
 .text          0x0200f2cc      0x950 c:/devkitpro/devkitarm/bin/../lib/gcc/arm-none-eabi/4.7.1/../../../../arm-none-eabi/lib/thumb\libg.a(lib_a-locale.o)
                0x0200f9c0                _setlocale_r
                0x0200fbbc                __locale_charset
                0x0200fbc4                __locale_mb_cur_max
                0x0200fbd0                __locale_msgcharset
                0x0200fbdc                __locale_cjk_lang
                0x0200fbe8                _localeconv_r
                0x0200fbf4                setlocale
                0x0200fc10                localeconv
 .text          0x0200fc1c       0xe0 c:/devkitpro/devkitarm/bin/../lib/gcc/arm-none-eabi/4.7.1/../../../../arm-none-eabi/lib/thumb\libg.a(lib_a-makebuf.o)
                0x0200fc1c                __smakebuf_r
 .text          0x0200fcfc      0x104 c:/devkitpro/devkitarm/bin/../lib/gcc/arm-none-eabi/4.7.1/../../../../arm-none-eabi/lib/thumb\libg.a(lib_a-mbrtowc.o)
                0x0200fcfc                _mbrtowc_r
                0x0200fd74                mbrtowc
 .text          0x0200fe00      0x584 c:/devkitpro/devkitarm/bin/../lib/gcc/arm-none-eabi/4.7.1/../../../../arm-none-eabi/lib/thumb\libg.a(lib_a-mbtowc_r.o)
                0x0200fe00                __utf8_mbtowc
                0x02010060                _mbtowc_r
                0x0201009c                __ascii_mbtowc
                0x020100cc                __sjis_mbtowc
                0x0201018c                __eucjp_mbtowc
                0x02010254                __jis_mbtowc
 .text          0x02010384       0x98 c:/devkitpro/devkitarm/bin/../lib/gcc/arm-none-eabi/4.7.1/../../../../arm-none-eabi/lib/thumb\libg.a(lib_a-memchr-stub.o)
                0x02010384                memchr
 .text          0x0201041c       0xb0 c:/devkitpro/devkitarm/bin/../lib/gcc/arm-none-eabi/4.7.1/../../../../arm-none-eabi/lib/thumb\libg.a(lib_a-memmove.o)
                0x0201041c                memmove
 *fill*         0x020104cc        0x4 ff
 .text          0x020104d0      0x978 c:/devkitpro/devkitarm/bin/../lib/gcc/arm-none-eabi/4.7.1/../../../../arm-none-eabi/lib/thumb\libg.a(lib_a-mprec.o)
                0x020104d0                _Balloc
                0x02010524                _Bfree
                0x0201053c                __multadd
                0x020105e8                __s2b
                0x02010684                __hi0bits
                0x020106bc                __lo0bits
                0x0201071c                __i2b
                0x02010734                __multiply
                0x02010898                __pow5mult
                0x02010948                __lshift
                0x02010a18                __mcmp
                0x02010a54                __mdiff
                0x02010b44                __ulp
                0x02010b8c                __b2d
                0x02010c30                __d2b
                0x02010ce8                __ratio
                0x02010d64                _mprec_log10
                0x02010da4                __copybits
                0x02010dec                __any_on
 .text          0x02010e48       0x7c c:/devkitpro/devkitarm/bin/../lib/gcc/arm-none-eabi/4.7.1/../../../../arm-none-eabi/lib/thumb\libg.a(lib_a-sccl.o)
                0x02010e48                __sccl
 .text          0x02010ec4       0x5c c:/devkitpro/devkitarm/bin/../lib/gcc/arm-none-eabi/4.7.1/../../../../arm-none-eabi/lib/thumb\libg.a(lib_a-s_fpclassify.o)
                0x02010ec4                __fpclassifyd
 .text          0x02010f20       0x50 c:/devkitpro/devkitarm/bin/../lib/gcc/arm-none-eabi/4.7.1/../../../../arm-none-eabi/lib/thumb\libg.a(lib_a-strcasecmp.o)
                0x02010f20                strcasecmp
 .text          0x02010f70       0xd4 c:/devkitpro/devkitarm/bin/../lib/gcc/arm-none-eabi/4.7.1/../../../../arm-none-eabi/lib/thumb\libg.a(lib_a-strchr.o)
                0x02010f70                strchr
 .text          0x02011044       0x14 c:/devkitpro/devkitarm/bin/../lib/gcc/arm-none-eabi/4.7.1/../../../../arm-none-eabi/lib/thumb\libg.a(lib_a-strcmp.o)
                0x02011044                strcmp
 .text          0x02011058       0x48 c:/devkitpro/devkitarm/bin/../lib/gcc/arm-none-eabi/4.7.1/../../../../arm-none-eabi/lib/thumb\libg.a(lib_a-strlcpy.o)
                0x02011058                strlcpy
 .text          0x020110a0       0x60 c:/devkitpro/devkitarm/bin/../lib/gcc/arm-none-eabi/4.7.1/../../../../arm-none-eabi/lib/thumb\libg.a(lib_a-strncasecmp.o)
                0x020110a0                strncasecmp
 .text          0x02011100       0xbc c:/devkitpro/devkitarm/bin/../lib/gcc/arm-none-eabi/4.7.1/../../../../arm-none-eabi/lib/thumb\libg.a(lib_a-strncmp.o)
                0x02011100                strncmp
 *fill*         0x020111bc        0x4 ff
 .text          0x020111c0      0x208 c:/devkitpro/devkitarm/bin/../lib/gcc/arm-none-eabi/4.7.1/../../../../arm-none-eabi/lib/thumb\libg.a(lib_a-strtoll_r.o)
                0x020111c0                _strtoll_r
 .text          0x020113c8      0x190 c:/devkitpro/devkitarm/bin/../lib/gcc/arm-none-eabi/4.7.1/../../../../arm-none-eabi/lib/thumb\libg.a(lib_a-strtol.o)
                0x020113c8                _strtol_r
                0x02011538                strtol
 .text          0x02011558      0x238 c:/devkitpro/devkitarm/bin/../lib/gcc/arm-none-eabi/4.7.1/../../../../arm-none-eabi/lib/thumb\libg.a(lib_a-strtoull_r.o)
                0x02011558                _strtoull_r
 .text          0x02011790      0x198 c:/devkitpro/devkitarm/bin/../lib/gcc/arm-none-eabi/4.7.1/../../../../arm-none-eabi/lib/thumb\libg.a(lib_a-strtoul.o)
                0x02011790                _strtoul_r
                0x02011908                strtoul
 .text          0x02011928      0xeb4 c:/devkitpro/devkitarm/bin/../lib/gcc/arm-none-eabi/4.7.1/../../../../arm-none-eabi/lib/thumb\libg.a(lib_a-svfiprintf.o)
                0x02011928                __ssprint_r
                0x02011a58                _svfiprintf_r
 .text          0x020127dc       0xd0 c:/devkitpro/devkitarm/bin/../lib/gcc/arm-none-eabi/4.7.1/../../../../arm-none-eabi/lib/thumb\libg.a(lib_a-wbuf.o)
                0x020127dc                __swbuf_r
                0x02012890                __swbuf
 .text          0x020128ac      0x150 c:/devkitpro/devkitarm/bin/../lib/gcc/arm-none-eabi/4.7.1/../../../../arm-none-eabi/lib/thumb\libg.a(lib_a-wcsnrtombs.o)
                0x020128ac                _wcsnrtombs_r
                0x020129cc                wcsnrtombs
 .text          0x020129fc       0x64 c:/devkitpro/devkitarm/bin/../lib/gcc/arm-none-eabi/4.7.1/../../../../arm-none-eabi/lib/thumb\libg.a(lib_a-callocr.o)
                0x020129fc                _calloc_r
 .text          0x02012a60       0xb0 c:/devkitpro/devkitarm/bin/../lib/gcc/arm-none-eabi/4.7.1/../../../../arm-none-eabi/lib/thumb\libg.a(lib_a-fclose.o)
                0x02012a60                _fclose_r
                0x02012af4                fclose
 .text          0x02012b10       0xa8 c:/devkitpro/devkitarm/bin/../lib/gcc/arm-none-eabi/4.7.1/../../../../arm-none-eabi/lib/thumb\libg.a(lib_a-getenv_r.o)
                0x02012b10                _findenv_r
                0x02012ba8                _getenv_r
 .text          0x02012bb8        0x0 c:/devkitpro/devkitarm/bin/../lib/gcc/arm-none-eabi/4.7.1/../../../../arm-none-eabi/lib/thumb\libg.a(lib_a-environ.o)
 .text          0x02012bb8        0x8 c:/devkitpro/devkitarm/bin/../lib/gcc/arm-none-eabi/4.7.1/../../../../arm-none-eabi/lib/thumb\libg.a(lib_a-envlock.o)
                0x02012bb8                __env_lock
                0x02012bbc                __env_unlock
 .text          0x02012bc0      0x144 c:/devkitpro/devkitarm/bin/../lib/gcc/arm-none-eabi/4.7.1/../../../../arm-none-eabi/lib/thumb\libsysbase.a(iosupport.o)
                0x02012bc0                setDefaultDevice
                0x02012bd4                FindDevice
                0x02012c44                RemoveDevice
                0x02012c68                AddDevice
                0x02012ce4                GetDeviceOpTab
 .text          0x02012d04       0x50 c:/devkitpro/devkitarm/bin/../lib/gcc/arm-none-eabi/4.7.1/../../../../arm-none-eabi/lib/thumb\libsysbase.a(close.o)
                0x02012d04                _close_r
 .text          0x02012d54       0x50 c:/devkitpro/devkitarm/bin/../lib/gcc/arm-none-eabi/4.7.1/../../../../arm-none-eabi/lib/thumb\libsysbase.a(fstat.o)
                0x02012d54                _fstat_r
 .text          0x02012da4        0x4 c:/devkitpro/devkitarm/bin/../lib/gcc/arm-none-eabi/4.7.1/../../../../arm-none-eabi/lib/thumb\libsysbase.a(isatty.o)
                0x02012da4                _isatty_r
 .text          0x02012da8       0x50 c:/devkitpro/devkitarm/bin/../lib/gcc/arm-none-eabi/4.7.1/../../../../arm-none-eabi/lib/thumb\libsysbase.a(lseek.o)
                0x02012da8                _lseek_r
 .text          0x02012df8       0x50 c:/devkitpro/devkitarm/bin/../lib/gcc/arm-none-eabi/4.7.1/../../../../arm-none-eabi/lib/thumb\libsysbase.a(read.o)
                0x02012df8                _read_r
 .text          0x02012e48       0x54 c:/devkitpro/devkitarm/bin/../lib/gcc/arm-none-eabi/4.7.1/../../../../arm-none-eabi/lib/thumb\libsysbase.a(sbrk.o)
                0x02012e48                _sbrk_r
 .text          0x02012e9c       0x44 c:/devkitpro/devkitarm/bin/../lib/gcc/arm-none-eabi/4.7.1/../../../../arm-none-eabi/lib/thumb\libsysbase.a(times.o)
                0x02012e9c                _times
                0x02012eb0                _times_r
                0x02012eb8                _gettimeofday_r
 .text          0x02012ee0       0x58 c:/devkitpro/devkitarm/bin/../lib/gcc/arm-none-eabi/4.7.1/../../../../arm-none-eabi/lib/thumb\libsysbase.a(write.o)
                0x02012ee0                _write_r
 .text          0x02012f38        0x0 c:/devkitpro/devkitarm/bin/../lib/gcc/arm-none-eabi/4.7.1/../../../../arm-none-eabi/lib/thumb\libsysbase.a(malloc_vars.o)
 .text          0x02012f38       0x4c c:/devkitpro/devkitarm/bin/../lib/gcc/arm-none-eabi/4.7.1/../../../../arm-none-eabi/lib/thumb\libsysbase.a(build_argv.o)
                0x02012f38                build_argv
 .text          0x02012f84        0x0 c:/devkitpro/devkitarm/bin/../lib/gcc/arm-none-eabi/4.7.1/../../../../arm-none-eabi/lib/thumb\libsysbase.a(syscall_support.o)
 .text          0x02012f84       0x84 c:/devkitpro/devkitarm/bin/../lib/gcc/arm-none-eabi/4.7.1/../../../../arm-none-eabi/lib/thumb\libsysbase.a(handle_manager.o)
                0x02012f84                __release_handle
                0x02012fb0                __alloc_handle
                0x02012fe8                __get_handle
 .text          0x02013008      0x41c c:/devkitpro/devkitarm/bin/../lib/gcc/arm-none-eabi/4.7.1/thumb\libgcc.a(_arm_addsubdf3.o)
                0x02013008                __aeabi_drsub
                0x02013010                __aeabi_dsub
                0x02013010                __subdf3
                0x02013014                __aeabi_dadd
                0x02013014                __adddf3
                0x02013324                __floatunsidf
                0x02013324                __aeabi_ui2d
                0x02013348                __floatsidf
                0x02013348                __aeabi_i2d
                0x02013370                __aeabi_f2d
                0x02013370                __extendsfdf2
                0x020133b0                __floatundidf
                0x020133b0                __aeabi_ul2d
                0x020133c4                __floatdidf
                0x020133c4                __aeabi_l2d
 .text          0x02013424      0x49c c:/devkitpro/devkitarm/bin/../lib/gcc/arm-none-eabi/4.7.1/thumb\libgcc.a(_arm_muldivdf3.o)
                0x02013424                __aeabi_dmul
                0x02013424                __muldf3
                0x020136b4                __divdf3
                0x020136b4                __aeabi_ddiv
 .text          0x020138c0      0x144 c:/devkitpro/devkitarm/bin/../lib/gcc/arm-none-eabi/4.7.1/thumb\libgcc.a(_arm_cmpdf2.o)
                0x020138c0                __gtdf2
                0x020138c0                __gedf2
                0x020138c8                __ltdf2
                0x020138c8                __ledf2
                0x020138d0                __nedf2
                0x020138d0                __eqdf2
                0x020138d0                __cmpdf2
                0x02013958                __aeabi_cdrcmple
                0x02013974                __aeabi_cdcmpeq
                0x02013974                __aeabi_cdcmple
                0x0201398c                __aeabi_dcmpeq
                0x020139a4                __aeabi_dcmplt
                0x020139bc                __aeabi_dcmple
                0x020139d4                __aeabi_dcmpge
                0x020139ec                __aeabi_dcmpgt
 .text          0x02013a04       0x5c c:/devkitpro/devkitarm/bin/../lib/gcc/arm-none-eabi/4.7.1/thumb\libgcc.a(_arm_fixdfsi.o)
                0x02013a04                __aeabi_d2iz
                0x02013a04                __fixdfsi
 .text          0x02013a60       0x3c c:/devkitpro/devkitarm/bin/../lib/gcc/arm-none-eabi/4.7.1/thumb\libgcc.a(_aeabi_uldivmod.o)
                0x02013a60                __aeabi_uldivmod
 .text          0x02013a9c       0x7c c:/devkitpro/devkitarm/bin/../lib/gcc/arm-none-eabi/4.7.1/thumb\libgcc.a(bpabi.o)
                0x02013a9c                __gnu_ldivmod_helper
                0x02013adc                __gnu_uldivmod_helper
 .text          0x02013b18      0x3d4 c:/devkitpro/devkitarm/bin/../lib/gcc/arm-none-eabi/4.7.1/thumb\libgcc.a(_divdi3.o)
                0x02013b18                __divdi3
 .text          0x02013eec      0x3a0 c:/devkitpro/devkitarm/bin/../lib/gcc/arm-none-eabi/4.7.1/thumb\libgcc.a(_udivdi3.o)
                0x02013eec                __udivdi3
 .text          0x0201428c       0x48 c:/devkitpro/devkitarm/bin/../lib/gcc/arm-none-eabi/4.7.1/thumb\libgcc.a(_clzsi2.o)
                0x0201428c                __clzsi2
 .text          0x020142d4        0xc c:/devkitpro/devkitarm/bin/../lib/gcc/arm-none-eabi/4.7.1/../../../../arm-none-eabi/lib/thumb\libg.a(lib_a-errno.o)
                0x020142d4                __errno
 .text          0x020142e0        0x0 c:/devkitpro/devkitarm/bin/../lib/gcc/arm-none-eabi/4.7.1/thumb/crtend.o
 .text          0x020142e0        0x0 c:/devkitpro/devkitarm/bin/../lib/gcc/arm-none-eabi/4.7.1/thumb/crtn.o
 .text.stub     0x020142e0      0x108 linker stubs
 *(.text.*)
 *(.stub)
 *(.gnu.warning)
 *(.gnu.linkonce.t*)
 *(.glue_7)
 .glue_7        0x00000000        0x0 linker stubs
 *(.glue_7t)
 .glue_7t       0x00000000        0x0 linker stubs
                0x020143e8                . = ALIGN (0x4)

.vfp11_veneer   0x02014400        0x0
 .vfp11_veneer  0x00000000        0x0 linker stubs

.v4_bx          0x02014400        0x0
 .v4_bx         0x00000000        0x0 linker stubs

.iplt           0x02014400        0x0
 .iplt          0x00000000        0x0 c:/devkitpro/devkitarm/bin/../lib/gcc/arm-none-eabi/4.7.1/../../../../arm-none-eabi/lib/thumb/ds_arm9_crt0.o

.fini           0x02014400        0xc
 *(.fini)
 .fini          0x02014400        0x4 c:/devkitpro/devkitarm/bin/../lib/gcc/arm-none-eabi/4.7.1/thumb/crti.o
                0x02014400                _fini
 .fini          0x02014404        0x8 c:/devkitpro/devkitarm/bin/../lib/gcc/arm-none-eabi/4.7.1/thumb/crtn.o
                0x0201440c                __text_end = .

.rodata         0x02014410     0xccc8
 *(.rodata)
 .rodata        0x02014410     0x3038 down.o
                0x02014410                downBitmap
 .rodata        0x02017448     0x2eac up.o
                0x02017448                upBitmap
 .rodata        0x0201a2f4       0x20 tasks.o
 .rodata        0x0201a314      0x1b8 gdbStub.o
 .rodata        0x0201a4cc      0x344 sevencore_io.o
 .rodata        0x0201a810       0x18 main.o
 .rodata        0x0201a828      0x200 c:/devkitPro/libnds/lib\libnds9.a(console.o)
 .rodata        0x0201aa28       0x14 c:/devkitPro/libnds/lib\libnds9.a(decompress.o)
 .rodata        0x0201aa3c      0x308 c:/devkitPro/libnds/lib\libnds9.a(trig.o)
                0x0201aa3c                SIN_LUT
                0x0201ab40                TAN_LUT
 .rodata        0x0201ad44       0x8c c:/devkitPro/libnds/lib\libnds9.a(videoGL.o)
 .rodata        0x0201add0     0x2004 c:/devkitPro/libnds/lib\libnds9.a(default_font.bin.o)
                0x0201add0                default_font_bin
                0x0201cdd0                default_font_bin_size
                0x0201cdd0                default_font_bin_end
 .rodata        0x0201cdd4        0x4 c:/devkitpro/devkitarm/bin/../lib/gcc/arm-none-eabi/4.7.1/../../../../arm-none-eabi/lib/thumb\libg.a(lib_a-impure.o)
                0x0201cdd4                _global_impure_ptr
 .rodata        0x0201cdd8      0x340 c:/devkitpro/devkitarm/bin/../lib/gcc/arm-none-eabi/4.7.1/../../../../arm-none-eabi/lib/thumb\libg.a(lib_a-svfiscanf.o)
 .rodata        0x0201d118      0x184 c:/devkitpro/devkitarm/bin/../lib/gcc/arm-none-eabi/4.7.1/../../../../arm-none-eabi/lib/thumb\libg.a(lib_a-svfprintf.o)
 .rodata        0x0201d29c      0x184 c:/devkitpro/devkitarm/bin/../lib/gcc/arm-none-eabi/4.7.1/../../../../arm-none-eabi/lib/thumb\libg.a(lib_a-vfiprintf.o)
 .rodata        0x0201d420      0x104 c:/devkitpro/devkitarm/bin/../lib/gcc/arm-none-eabi/4.7.1/../../../../arm-none-eabi/lib/thumb\libg.a(lib_a-ctype_.o)
                0x0201d420                _ctype_
 .rodata        0x0201d524     0x34f0 c:/devkitpro/devkitarm/bin/../lib/gcc/arm-none-eabi/4.7.1/../../../../arm-none-eabi/lib/thumb\libg.a(lib_a-jp2uc.o)
 .rodata        0x02020a14       0xf0 c:/devkitpro/devkitarm/bin/../lib/gcc/arm-none-eabi/4.7.1/../../../../arm-none-eabi/lib/thumb\libg.a(lib_a-locale.o)
 .rodata        0x02020b04       0xa8 c:/devkitpro/devkitarm/bin/../lib/gcc/arm-none-eabi/4.7.1/../../../../arm-none-eabi/lib/thumb\libg.a(lib_a-mbtowc_r.o)
 *fill*         0x02020bac        0x4 ff
 .rodata        0x02020bb0      0x128 c:/devkitpro/devkitarm/bin/../lib/gcc/arm-none-eabi/4.7.1/../../../../arm-none-eabi/lib/thumb\libg.a(lib_a-mprec.o)
                0x02020bc0                __mprec_tens
                0x02020c88                __mprec_tinytens
                0x02020cb0                __mprec_bigtens
 .rodata        0x02020cd8      0x184 c:/devkitpro/devkitarm/bin/../lib/gcc/arm-none-eabi/4.7.1/../../../../arm-none-eabi/lib/thumb\libg.a(lib_a-svfiprintf.o)
 .rodata        0x02020e5c       0x64 c:/devkitpro/devkitarm/bin/../lib/gcc/arm-none-eabi/4.7.1/../../../../arm-none-eabi/lib/thumb\libsysbase.a(iosupport.o)
                0x02020e5c                dotab_stdnull
 *all.rodata*(*)
 *(.roda)
 *(.rodata.*)
 .rodata.str1.4
                0x02020ec0       0x49 c:/devkitPro/libnds/lib\libnds9.a(console.o)
                                 0x4c (size before relaxing)
 *fill*         0x02020f09        0x3 ff
 .rodata.str1.4
                0x02020f0c       0x44 c:/devkitPro/libnds/lib\libnds9.a(sassert.o)
 .rodata.str1.4
                0x02020f50        0x2 c:/devkitpro/devkitarm/bin/../lib/gcc/arm-none-eabi/4.7.1/../../../../arm-none-eabi/lib/thumb\libg.a(lib_a-impure.o)
                                  0x4 (size before relaxing)
 *fill*         0x02020f52        0x2 ff
 .rodata.str1.4
                0x02020f54       0x42 c:/devkitpro/devkitarm/bin/../lib/gcc/arm-none-eabi/4.7.1/../../../../arm-none-eabi/lib/thumb\libg.a(lib_a-svfprintf.o)
                                 0x44 (size before relaxing)
 .rodata.str1.4
                0x00000000       0x30 c:/devkitpro/devkitarm/bin/../lib/gcc/arm-none-eabi/4.7.1/../../../../arm-none-eabi/lib/thumb\libg.a(lib_a-vfiprintf.o)
 *fill*         0x02020f96        0x2 ff
 .rodata.str1.4
                0x02020f98       0x10 c:/devkitpro/devkitarm/bin/../lib/gcc/arm-none-eabi/4.7.1/../../../../arm-none-eabi/lib/thumb\libg.a(lib_a-dtoa.o)
                                 0x14 (size before relaxing)
 .rodata.str1.4
                0x02020fa8       0x12 c:/devkitpro/devkitarm/bin/../lib/gcc/arm-none-eabi/4.7.1/../../../../arm-none-eabi/lib/thumb\libg.a(lib_a-jp2uc.o)
                                 0x14 (size before relaxing)
 *fill*         0x02020fba        0x2 ff
 .rodata.str1.4
                0x02020fbc      0x112 c:/devkitpro/devkitarm/bin/../lib/gcc/arm-none-eabi/4.7.1/../../../../arm-none-eabi/lib/thumb\libg.a(lib_a-locale.o)
                                0x130 (size before relaxing)
 .rodata.str1.4
                0x00000000        0x4 c:/devkitpro/devkitarm/bin/../lib/gcc/arm-none-eabi/4.7.1/../../../../arm-none-eabi/lib/thumb\libg.a(lib_a-mbrtowc.o)
 .rodata.str1.4
                0x00000000       0x30 c:/devkitpro/devkitarm/bin/../lib/gcc/arm-none-eabi/4.7.1/../../../../arm-none-eabi/lib/thumb\libg.a(lib_a-svfiprintf.o)
 *fill*         0x020210ce        0x2 ff
 .rodata.str1.4
                0x020210d0        0x8 c:/devkitpro/devkitarm/bin/../lib/gcc/arm-none-eabi/4.7.1/../../../../arm-none-eabi/lib/thumb\libsysbase.a(iosupport.o)
 *(.gnu.linkonce.r*)
                0x020210d8                . = ALIGN (0x4)

.rel.dyn        0x020210d8        0x0
 .rel.iplt      0x00000000        0x0 c:/devkitpro/devkitarm/bin/../lib/gcc/arm-none-eabi/4.7.1/../../../../arm-none-eabi/lib/thumb/ds_arm9_crt0.o

.ARM.extab
 *(.ARM.extab* .gnu.linkonce.armextab.*)
                0x020210d8                __exidx_start = .

ARM.exidx
 *(.ARM.exidx* .gnu.linkonce.armexidx.*)
                0x020210d8                __exidx_end = .
                0x020210d8                . = ALIGN (0x4)
                0x020210d8                PROVIDE (__preinit_array_start, .)

.preinit_array
 *(.preinit_array)
                0x020210d8                PROVIDE (__preinit_array_end, .)
                0x020210d8                PROVIDE (__init_array_start, .)

.init_array     0x020210d8        0x4
 *(SORT(.init_array.*))
 *(.init_array)
 .init_array    0x020210d8        0x4 c:/devkitpro/devkitarm/bin/../lib/gcc/arm-none-eabi/4.7.1/thumb/crtbegin.o
                0x020210dc                PROVIDE (__init_array_end, .)
                0x020210dc                PROVIDE (__fini_array_start, .)

.fini_array     0x020210dc        0x4
 *(.fini_array)
 .fini_array    0x020210dc        0x4 c:/devkitpro/devkitarm/bin/../lib/gcc/arm-none-eabi/4.7.1/thumb/crtbegin.o
 *(SORT(.fini_array.*))
                0x020210e0                PROVIDE (__fini_array_end, .)

.ctors          0x020210e0        0x0
 *crtbegin.o(.ctors)
 *(EXCLUDE_FILE(*crtend.o) .ctors)
 *(SORT(.ctors.*))
 *(.ctors)
                0x020210e0                . = ALIGN (0x4)

.dtors          0x020210e0        0x0
 *crtbegin.o(.dtors)
 *(EXCLUDE_FILE(*crtend.o) .dtors)
 *(SORT(.dtors.*))
 *(.dtors)
                0x020210e0                . = ALIGN (0x4)

.eh_frame       0x020210e0        0x4
 *(.eh_frame)
 .eh_frame      0x020210e0        0x0 c:/devkitpro/devkitarm/bin/../lib/gcc/arm-none-eabi/4.7.1/thumb/crtbegin.o
 .eh_frame      0x020210e0        0x4 c:/devkitpro/devkitarm/bin/../lib/gcc/arm-none-eabi/4.7.1/thumb/crtend.o
                0x020210e4                . = ALIGN (0x4)

.gcc_except_table
                0x020210e4        0x0
 *(.gcc_except_table)
                0x020210e4                . = ALIGN (0x4)

.jcr            0x020210e4        0x4
 *(.jcr)
 .jcr           0x020210e4        0x0 c:/devkitpro/devkitarm/bin/../lib/gcc/arm-none-eabi/4.7.1/thumb/crtbegin.o
 .jcr           0x020210e4        0x4 c:/devkitpro/devkitarm/bin/../lib/gcc/arm-none-eabi/4.7.1/thumb/crtend.o

.got
 *(.got.plt)
 *(.got)
 *(.rel.got)

.ewram          0x020210e8        0x0
                0x020210e8                __ewram_start = ABSOLUTE (.)
 *(.ewram)
 *ewram.*(.text)
                0x020210e8                . = ALIGN (0x4)

.data           0x020210e8      0xb50
                0x020210e8                __data_start = ABSOLUTE (.)
 *(.data)
 .data          0x020210e8        0x0 c:/devkitpro/devkitarm/bin/../lib/gcc/arm-none-eabi/4.7.1/../../../../arm-none-eabi/lib/thumb/ds_arm9_crt0.o
 .data          0x020210e8        0x0 c:/devkitpro/devkitarm/bin/../lib/gcc/arm-none-eabi/4.7.1/thumb/crti.o
 .data          0x020210e8        0x4 c:/devkitpro/devkitarm/bin/../lib/gcc/arm-none-eabi/4.7.1/thumb/crtbegin.o
                0x020210e8                __dso_handle
 .data          0x020210ec        0x0 down.o
 .data          0x020210ec        0x0 up.o
 .data          0x020210ec        0x0 croutine.o
 .data          0x020210ec        0x0 list.o
 .data          0x020210ec        0x0 queue.o
 .data          0x020210ec        0x4 tasks.o
 .data          0x020210f0        0x4 card_spi.o
 .data          0x020210f4        0x8 gdbStub.o
                0x020210f8                pRegisters
 .data          0x020210fc        0x0 heap_3.o
 .data          0x020210fc        0x4 port.o
 .data          0x02021100        0x4 portISR.o
                0x02021100                ulCriticalNesting
 .data          0x02021104       0x34 sevencore_io.o
 .data          0x02021138        0x4 Exp_Homework.o
 .data          0x0202113c        0x4 main.o
 .data          0x02021140        0x0 gdbStubAsm.o
 .data          0x02021140        0x0 port_asm.o
 .data          0x02021140       0x60 c:/devkitPro/libnds/lib\libnds9.a(background.o)
                0x02021140                bgScrollTable
                0x02021160                bgTransform
                0x02021180                bgControl
 .data          0x020211a0       0x64 c:/devkitPro/libnds/lib\libnds9.a(console.o)
                0x020211a0                currentConsole
                0x020211a4                defaultConsole
 .data          0x02021204        0xc c:/devkitPro/libnds/lib\libnds9.a(decompress.o)
                0x02021204                decomStream
 .data          0x02021210        0x0 c:/devkitPro/libnds/lib\libnds9.a(exceptions.o)
 .data          0x02021210        0x3 c:/devkitPro/libnds/lib\libnds9.a(keys.o)
 .data          0x02021213        0x0 c:/devkitPro/libnds/lib\libnds9.a(sassert.o)
 .data          0x02021213        0x0 c:/devkitPro/libnds/lib\libnds9.a(touch.o)
 .data          0x02021213        0x0 c:/devkitPro/libnds/lib\libnds9.a(trig.o)
 *fill*         0x02021213        0x1 ff
 .data          0x02021214        0x4 c:/devkitPro/libnds/lib\libnds9.a(videoGL.o)
 .data          0x02021218        0x0 c:/devkitPro/libnds/lib\libnds9.a(initSystem.o)
 .data          0x02021218       0x10 c:/devkitPro/libnds/lib\libnds9.a(fifosystem.o)
                0x02021218                fifo_buffer_free
                0x0202121c                fifo_freewords
                0x02021220                fifo_send_queue
                0x02021224                fifo_receive_queue
 .data          0x02021228        0x0 c:/devkitPro/libnds/lib\libnds9.a(interrupts.o)
 .data          0x02021228        0x0 c:/devkitPro/libnds/lib\libnds9.a(libnds_exit.arm.o)
 .data          0x02021228        0x0 c:/devkitPro/libnds/lib\libnds9.a(syscalls.o)
 .data          0x02021228        0x0 c:/devkitPro/libnds/lib\libnds9.a(exceptionHandler.o)
 .data          0x02021228        0x0 c:/devkitPro/libnds/lib\libnds9.a(mpu_setup.o)
 .data          0x02021228        0x0 c:/devkitPro/libnds/lib\libnds9.a(biosCalls.o)
 .data          0x02021228        0x0 c:/devkitPro/libnds/lib\libnds9.a(debugprint.o)
 .data          0x02021228        0x0 c:/devkitPro/libnds/lib\libnds9.a(interruptDispatcher.o)
 .data          0x02021228        0x0 c:/devkitPro/libnds/lib\libnds9.a(swiSoftReset.o)
 .data          0x02021228        0x0 c:/devkitPro/libnds/lib\libnds9.a(default_font.bin.o)
 .data          0x02021228        0x0 c:/devkitPro/libnds/lib\libnds9.a(dynamicArray.o)
 .data          0x02021228        0x0 c:/devkitPro/libnds/lib\libnds9.a(system.o)
 .data          0x02021228        0x0 c:/devkitPro/libnds/lib\libnds9.a(video.o)
 .data          0x02021228        0x0 c:/devkitpro/devkitarm/bin/../lib/gcc/arm-none-eabi/4.7.1/thumb\libgcc.a(_udivsi3.o)
 .data          0x02021228        0x0 c:/devkitpro/devkitarm/bin/../lib/gcc/arm-none-eabi/4.7.1/thumb\libgcc.a(_divsi3.o)
 .data          0x02021228        0x0 c:/devkitpro/devkitarm/bin/../lib/gcc/arm-none-eabi/4.7.1/thumb\libgcc.a(_dvmd_tls.o)
 .data          0x02021228        0x0 c:/devkitpro/devkitarm/bin/../lib/gcc/arm-none-eabi/4.7.1/thumb\libgcc.a(_muldi3.o)
 .data          0x02021228        0x0 c:/devkitpro/devkitarm/bin/../lib/gcc/arm-none-eabi/4.7.1/../../../../arm-none-eabi/lib/thumb\libg.a(lib_a-bsearch.o)
 .data          0x02021228      0x430 c:/devkitpro/devkitarm/bin/../lib/gcc/arm-none-eabi/4.7.1/../../../../arm-none-eabi/lib/thumb\libg.a(lib_a-impure.o)
                0x02021228                _impure_ptr
 .data          0x02021658        0x0 c:/devkitpro/devkitarm/bin/../lib/gcc/arm-none-eabi/4.7.1/../../../../arm-none-eabi/lib/thumb\libg.a(lib_a-init.o)
 .data          0x02021658        0x0 c:/devkitpro/devkitarm/bin/../lib/gcc/arm-none-eabi/4.7.1/../../../../arm-none-eabi/lib/thumb\libg.a(lib_a-iprintf.o)
 .data          0x02021658        0x0 c:/devkitpro/devkitarm/bin/../lib/gcc/arm-none-eabi/4.7.1/../../../../arm-none-eabi/lib/thumb\libg.a(lib_a-malloc.o)
 .data          0x02021658      0x410 c:/devkitpro/devkitarm/bin/../lib/gcc/arm-none-eabi/4.7.1/../../../../arm-none-eabi/lib/thumb\libg.a(lib_a-mallocr.o)
                0x02021658                __malloc_av_
                0x02021a60                __malloc_sbrk_base
                0x02021a64                __malloc_trim_threshold
 .data          0x02021a68        0x0 c:/devkitpro/devkitarm/bin/../lib/gcc/arm-none-eabi/4.7.1/../../../../arm-none-eabi/lib/thumb\libg.a(lib_a-memcpy-stub.o)
 .data          0x02021a68        0x0 c:/devkitpro/devkitarm/bin/../lib/gcc/arm-none-eabi/4.7.1/../../../../arm-none-eabi/lib/thumb\libg.a(lib_a-memset.o)
 .data          0x02021a68        0x0 c:/devkitpro/devkitarm/bin/../lib/gcc/arm-none-eabi/4.7.1/../../../../arm-none-eabi/lib/thumb\libg.a(lib_a-mlock.o)
 .data          0x02021a68        0x0 c:/devkitpro/devkitarm/bin/../lib/gcc/arm-none-eabi/4.7.1/../../../../arm-none-eabi/lib/thumb\libg.a(lib_a-realloc.o)
 .data          0x02021a68        0x0 c:/devkitpro/devkitarm/bin/../lib/gcc/arm-none-eabi/4.7.1/../../../../arm-none-eabi/lib/thumb\libg.a(lib_a-reallocr.o)
 .data          0x02021a68        0x0 c:/devkitpro/devkitarm/bin/../lib/gcc/arm-none-eabi/4.7.1/../../../../arm-none-eabi/lib/thumb\libg.a(lib_a-setvbuf.o)
 .data          0x02021a68        0x0 c:/devkitpro/devkitarm/bin/../lib/gcc/arm-none-eabi/4.7.1/../../../../arm-none-eabi/lib/thumb\libg.a(lib_a-siscanf.o)
 .data          0x02021a68        0x0 c:/devkitpro/devkitarm/bin/../lib/gcc/arm-none-eabi/4.7.1/../../../../arm-none-eabi/lib/thumb\libg.a(lib_a-sprintf.o)
 .data          0x02021a68        0x0 c:/devkitpro/devkitarm/bin/../lib/gcc/arm-none-eabi/4.7.1/../../../../arm-none-eabi/lib/thumb\libg.a(lib_a-stdio.o)
 .data          0x02021a68        0x0 c:/devkitpro/devkitarm/bin/../lib/gcc/arm-none-eabi/4.7.1/../../../../arm-none-eabi/lib/thumb\libg.a(lib_a-strcat.o)
 .data          0x02021a68        0x0 c:/devkitpro/devkitarm/bin/../lib/gcc/arm-none-eabi/4.7.1/../../../../arm-none-eabi/lib/thumb\libg.a(lib_a-strcpy.o)
 .data          0x02021a68        0x0 c:/devkitpro/devkitarm/bin/../lib/gcc/arm-none-eabi/4.7.1/../../../../arm-none-eabi/lib/thumb\libg.a(lib_a-strlen.o)
 .data          0x02021a68        0x0 c:/devkitpro/devkitarm/bin/../lib/gcc/arm-none-eabi/4.7.1/../../../../arm-none-eabi/lib/thumb\libg.a(lib_a-strncpy.o)
 .data          0x02021a68        0x0 c:/devkitpro/devkitarm/bin/../lib/gcc/arm-none-eabi/4.7.1/../../../../arm-none-eabi/lib/thumb\libg.a(lib_a-svfiscanf.o)
 .data          0x02021a68        0x0 c:/devkitpro/devkitarm/bin/../lib/gcc/arm-none-eabi/4.7.1/../../../../arm-none-eabi/lib/thumb\libg.a(lib_a-svfprintf.o)
 .data          0x02021a68        0x0 c:/devkitpro/devkitarm/bin/../lib/gcc/arm-none-eabi/4.7.1/../../../../arm-none-eabi/lib/thumb\libg.a(lib_a-ungetc.o)
 .data          0x02021a68        0x0 c:/devkitpro/devkitarm/bin/../lib/gcc/arm-none-eabi/4.7.1/../../../../arm-none-eabi/lib/thumb\libg.a(lib_a-vfiprintf.o)
 .data          0x02021a68        0x0 c:/devkitpro/devkitarm/bin/../lib/gcc/arm-none-eabi/4.7.1/../../../../arm-none-eabi/lib/thumb\libg.a(lib_a-wcrtomb.o)
 .data          0x02021a68        0x0 c:/devkitpro/devkitarm/bin/../lib/gcc/arm-none-eabi/4.7.1/../../../../arm-none-eabi/lib/thumb\libg.a(lib_a-wcsrtombs.o)
 .data          0x02021a68        0x4 c:/devkitpro/devkitarm/bin/../lib/gcc/arm-none-eabi/4.7.1/../../../../arm-none-eabi/lib/thumb\libg.a(lib_a-wctomb_r.o)
                0x02021a68                __wctomb
 .data          0x02021a6c        0x0 c:/devkitpro/devkitarm/bin/../lib/gcc/arm-none-eabi/4.7.1/../../../../arm-none-eabi/lib/thumb\libg.a(lib_a-wsetup.o)
 .data          0x02021a6c        0x4 c:/devkitpro/devkitarm/bin/../lib/gcc/arm-none-eabi/4.7.1/../../../../arm-none-eabi/lib/thumb\libg.a(lib_a-ctype_.o)
                0x02021a6c                __ctype_ptr__
 .data          0x02021a70        0x0 c:/devkitpro/devkitarm/bin/../lib/gcc/arm-none-eabi/4.7.1/../../../../arm-none-eabi/lib/thumb\libg.a(lib_a-dtoa.o)
 .data          0x02021a70        0x0 c:/devkitpro/devkitarm/bin/../lib/gcc/arm-none-eabi/4.7.1/../../../../arm-none-eabi/lib/thumb\libg.a(lib_a-fflush.o)
 .data          0x02021a70        0x0 c:/devkitpro/devkitarm/bin/../lib/gcc/arm-none-eabi/4.7.1/../../../../arm-none-eabi/lib/thumb\libg.a(lib_a-findfp.o)
 .data          0x02021a70        0x0 c:/devkitpro/devkitarm/bin/../lib/gcc/arm-none-eabi/4.7.1/../../../../arm-none-eabi/lib/thumb\libg.a(lib_a-fputwc.o)
 .data          0x02021a70        0x0 c:/devkitpro/devkitarm/bin/../lib/gcc/arm-none-eabi/4.7.1/../../../../arm-none-eabi/lib/thumb\libg.a(lib_a-freer.o)
 .data          0x02021a70        0x0 c:/devkitpro/devkitarm/bin/../lib/gcc/arm-none-eabi/4.7.1/../../../../arm-none-eabi/lib/thumb\libg.a(lib_a-fvwrite.o)
 .data          0x02021a70        0x0 c:/devkitpro/devkitarm/bin/../lib/gcc/arm-none-eabi/4.7.1/../../../../arm-none-eabi/lib/thumb\libg.a(lib_a-fwalk.o)
 .data          0x02021a70        0x0 c:/devkitpro/devkitarm/bin/../lib/gcc/arm-none-eabi/4.7.1/../../../../arm-none-eabi/lib/thumb\libg.a(lib_a-iswspace.o)
 .data          0x02021a70        0x0 c:/devkitpro/devkitarm/bin/../lib/gcc/arm-none-eabi/4.7.1/../../../../arm-none-eabi/lib/thumb\libg.a(lib_a-jp2uc.o)
 .data          0x02021a70      0x17c c:/devkitpro/devkitarm/bin/../lib/gcc/arm-none-eabi/4.7.1/../../../../arm-none-eabi/lib/thumb\libg.a(lib_a-locale.o)
                0x02021a70                __default_locale
                0x02021b90                __mb_cur_max
 .data          0x02021bec        0x0 c:/devkitpro/devkitarm/bin/../lib/gcc/arm-none-eabi/4.7.1/../../../../arm-none-eabi/lib/thumb\libg.a(lib_a-makebuf.o)
 .data          0x02021bec        0x0 c:/devkitpro/devkitarm/bin/../lib/gcc/arm-none-eabi/4.7.1/../../../../arm-none-eabi/lib/thumb\libg.a(lib_a-mbrtowc.o)
 .data          0x02021bec        0x4 c:/devkitpro/devkitarm/bin/../lib/gcc/arm-none-eabi/4.7.1/../../../../arm-none-eabi/lib/thumb\libg.a(lib_a-mbtowc_r.o)
                0x02021bec                __mbtowc
 .data          0x02021bf0        0x0 c:/devkitpro/devkitarm/bin/../lib/gcc/arm-none-eabi/4.7.1/../../../../arm-none-eabi/lib/thumb\libg.a(lib_a-memchr-stub.o)
 .data          0x02021bf0        0x0 c:/devkitpro/devkitarm/bin/../lib/gcc/arm-none-eabi/4.7.1/../../../../arm-none-eabi/lib/thumb\libg.a(lib_a-memmove.o)
 .data          0x02021bf0        0x0 c:/devkitpro/devkitarm/bin/../lib/gcc/arm-none-eabi/4.7.1/../../../../arm-none-eabi/lib/thumb\libg.a(lib_a-mprec.o)
 .data          0x02021bf0        0x0 c:/devkitpro/devkitarm/bin/../lib/gcc/arm-none-eabi/4.7.1/../../../../arm-none-eabi/lib/thumb\libg.a(lib_a-sccl.o)
 .data          0x02021bf0        0x0 c:/devkitpro/devkitarm/bin/../lib/gcc/arm-none-eabi/4.7.1/../../../../arm-none-eabi/lib/thumb\libg.a(lib_a-s_fpclassify.o)
 .data          0x02021bf0        0x0 c:/devkitpro/devkitarm/bin/../lib/gcc/arm-none-eabi/4.7.1/../../../../arm-none-eabi/lib/thumb\libg.a(lib_a-strcasecmp.o)
 .data          0x02021bf0        0x0 c:/devkitpro/devkitarm/bin/../lib/gcc/arm-none-eabi/4.7.1/../../../../arm-none-eabi/lib/thumb\libg.a(lib_a-strchr.o)
 .data          0x02021bf0        0x0 c:/devkitpro/devkitarm/bin/../lib/gcc/arm-none-eabi/4.7.1/../../../../arm-none-eabi/lib/thumb\libg.a(lib_a-strcmp.o)
 .data          0x02021bf0        0x0 c:/devkitpro/devkitarm/bin/../lib/gcc/arm-none-eabi/4.7.1/../../../../arm-none-eabi/lib/thumb\libg.a(lib_a-strlcpy.o)
 .data          0x02021bf0        0x0 c:/devkitpro/devkitarm/bin/../lib/gcc/arm-none-eabi/4.7.1/../../../../arm-none-eabi/lib/thumb\libg.a(lib_a-strncasecmp.o)
 .data          0x02021bf0        0x0 c:/devkitpro/devkitarm/bin/../lib/gcc/arm-none-eabi/4.7.1/../../../../arm-none-eabi/lib/thumb\libg.a(lib_a-strncmp.o)
 .data          0x02021bf0        0x0 c:/devkitpro/devkitarm/bin/../lib/gcc/arm-none-eabi/4.7.1/../../../../arm-none-eabi/lib/thumb\libg.a(lib_a-strtoll_r.o)
 .data          0x02021bf0        0x0 c:/devkitpro/devkitarm/bin/../lib/gcc/arm-none-eabi/4.7.1/../../../../arm-none-eabi/lib/thumb\libg.a(lib_a-strtol.o)
 .data          0x02021bf0        0x0 c:/devkitpro/devkitarm/bin/../lib/gcc/arm-none-eabi/4.7.1/../../../../arm-none-eabi/lib/thumb\libg.a(lib_a-strtoull_r.o)
 .data          0x02021bf0        0x0 c:/devkitpro/devkitarm/bin/../lib/gcc/arm-none-eabi/4.7.1/../../../../arm-none-eabi/lib/thumb\libg.a(lib_a-strtoul.o)
 .data          0x02021bf0        0x0 c:/devkitpro/devkitarm/bin/../lib/gcc/arm-none-eabi/4.7.1/../../../../arm-none-eabi/lib/thumb\libg.a(lib_a-svfiprintf.o)
 .data          0x02021bf0        0x0 c:/devkitpro/devkitarm/bin/../lib/gcc/arm-none-eabi/4.7.1/../../../../arm-none-eabi/lib/thumb\libg.a(lib_a-wbuf.o)
 .data          0x02021bf0        0x0 c:/devkitpro/devkitarm/bin/../lib/gcc/arm-none-eabi/4.7.1/../../../../arm-none-eabi/lib/thumb\libg.a(lib_a-wcsnrtombs.o)
 .data          0x02021bf0        0x0 c:/devkitpro/devkitarm/bin/../lib/gcc/arm-none-eabi/4.7.1/../../../../arm-none-eabi/lib/thumb\libg.a(lib_a-callocr.o)
 .data          0x02021bf0        0x0 c:/devkitpro/devkitarm/bin/../lib/gcc/arm-none-eabi/4.7.1/../../../../arm-none-eabi/lib/thumb\libg.a(lib_a-fclose.o)
 .data          0x02021bf0        0x0 c:/devkitpro/devkitarm/bin/../lib/gcc/arm-none-eabi/4.7.1/../../../../arm-none-eabi/lib/thumb\libg.a(lib_a-getenv_r.o)
 .data          0x02021bf0        0x4 c:/devkitpro/devkitarm/bin/../lib/gcc/arm-none-eabi/4.7.1/../../../../arm-none-eabi/lib/thumb\libg.a(lib_a-environ.o)
                0x02021bf0                environ
 .data          0x02021bf4        0x0 c:/devkitpro/devkitarm/bin/../lib/gcc/arm-none-eabi/4.7.1/../../../../arm-none-eabi/lib/thumb\libg.a(lib_a-envlock.o)
 .data          0x02021bf4       0x44 c:/devkitpro/devkitarm/bin/../lib/gcc/arm-none-eabi/4.7.1/../../../../arm-none-eabi/lib/thumb\libsysbase.a(iosupport.o)
                0x02021bf8                devoptab_list
 .data          0x02021c38        0x0 c:/devkitpro/devkitarm/bin/../lib/gcc/arm-none-eabi/4.7.1/../../../../arm-none-eabi/lib/thumb\libsysbase.a(close.o)
 .data          0x02021c38        0x0 c:/devkitpro/devkitarm/bin/../lib/gcc/arm-none-eabi/4.7.1/../../../../arm-none-eabi/lib/thumb\libsysbase.a(fstat.o)
 .data          0x02021c38        0x0 c:/devkitpro/devkitarm/bin/../lib/gcc/arm-none-eabi/4.7.1/../../../../arm-none-eabi/lib/thumb\libsysbase.a(isatty.o)
 .data          0x02021c38        0x0 c:/devkitpro/devkitarm/bin/../lib/gcc/arm-none-eabi/4.7.1/../../../../arm-none-eabi/lib/thumb\libsysbase.a(lseek.o)
 .data          0x02021c38        0x0 c:/devkitpro/devkitarm/bin/../lib/gcc/arm-none-eabi/4.7.1/../../../../arm-none-eabi/lib/thumb\libsysbase.a(read.o)
 .data          0x02021c38        0x0 c:/devkitpro/devkitarm/bin/../lib/gcc/arm-none-eabi/4.7.1/../../../../arm-none-eabi/lib/thumb\libsysbase.a(sbrk.o)
 .data          0x02021c38        0x0 c:/devkitpro/devkitarm/bin/../lib/gcc/arm-none-eabi/4.7.1/../../../../arm-none-eabi/lib/thumb\libsysbase.a(times.o)
 .data          0x02021c38        0x0 c:/devkitpro/devkitarm/bin/../lib/gcc/arm-none-eabi/4.7.1/../../../../arm-none-eabi/lib/thumb\libsysbase.a(write.o)
 .data          0x02021c38        0x0 c:/devkitpro/devkitarm/bin/../lib/gcc/arm-none-eabi/4.7.1/../../../../arm-none-eabi/lib/thumb\libsysbase.a(malloc_vars.o)
 .data          0x02021c38        0x0 c:/devkitpro/devkitarm/bin/../lib/gcc/arm-none-eabi/4.7.1/../../../../arm-none-eabi/lib/thumb\libsysbase.a(build_argv.o)
 .data          0x02021c38        0x0 c:/devkitpro/devkitarm/bin/../lib/gcc/arm-none-eabi/4.7.1/../../../../arm-none-eabi/lib/thumb\libsysbase.a(syscall_support.o)
 .data          0x02021c38        0x0 c:/devkitpro/devkitarm/bin/../lib/gcc/arm-none-eabi/4.7.1/../../../../arm-none-eabi/lib/thumb\libsysbase.a(handle_manager.o)
 .data          0x02021c38        0x0 c:/devkitpro/devkitarm/bin/../lib/gcc/arm-none-eabi/4.7.1/thumb\libgcc.a(_arm_addsubdf3.o)
 .data          0x02021c38        0x0 c:/devkitpro/devkitarm/bin/../lib/gcc/arm-none-eabi/4.7.1/thumb\libgcc.a(_arm_muldivdf3.o)
 .data          0x02021c38        0x0 c:/devkitpro/devkitarm/bin/../lib/gcc/arm-none-eabi/4.7.1/thumb\libgcc.a(_arm_cmpdf2.o)
 .data          0x02021c38        0x0 c:/devkitpro/devkitarm/bin/../lib/gcc/arm-none-eabi/4.7.1/thumb\libgcc.a(_arm_fixdfsi.o)
 .data          0x02021c38        0x0 c:/devkitpro/devkitarm/bin/../lib/gcc/arm-none-eabi/4.7.1/thumb\libgcc.a(_aeabi_uldivmod.o)
 .data          0x02021c38        0x0 c:/devkitpro/devkitarm/bin/../lib/gcc/arm-none-eabi/4.7.1/thumb\libgcc.a(bpabi.o)
 .data          0x02021c38        0x0 c:/devkitpro/devkitarm/bin/../lib/gcc/arm-none-eabi/4.7.1/thumb\libgcc.a(_divdi3.o)
 .data          0x02021c38        0x0 c:/devkitpro/devkitarm/bin/../lib/gcc/arm-none-eabi/4.7.1/thumb\libgcc.a(_udivdi3.o)
 .data          0x02021c38        0x0 c:/devkitpro/devkitarm/bin/../lib/gcc/arm-none-eabi/4.7.1/thumb\libgcc.a(_clzsi2.o)
 .data          0x02021c38        0x0 c:/devkitpro/devkitarm/bin/../lib/gcc/arm-none-eabi/4.7.1/../../../../arm-none-eabi/lib/thumb\libg.a(lib_a-errno.o)
 .data          0x02021c38        0x0 c:/devkitpro/devkitarm/bin/../lib/gcc/arm-none-eabi/4.7.1/thumb/crtend.o
 .data          0x02021c38        0x0 c:/devkitpro/devkitarm/bin/../lib/gcc/arm-none-eabi/4.7.1/thumb/crtn.o
 *(.data.*)
 *(.gnu.linkonce.d*)
                0x02021c38                . = ALIGN (0x4)
                0x02021c38                __data_end = ABSOLUTE (.)
                0x02021c38                __dtcm_lma = .
                0x02021c38                __bss_vma = .

.igot.plt       0x02021c38        0x0
 .igot.plt      0x00000000        0x0 c:/devkitpro/devkitarm/bin/../lib/gcc/arm-none-eabi/4.7.1/../../../../arm-none-eabi/lib/thumb/ds_arm9_crt0.o

.tm_clone_table
                0x02021c38        0x0
 .tm_clone_table
                0x02021c38        0x0 c:/devkitpro/devkitarm/bin/../lib/gcc/arm-none-eabi/4.7.1/thumb/crtbegin.o
 .tm_clone_table
                0x02021c38        0x0 c:/devkitpro/devkitarm/bin/../lib/gcc/arm-none-eabi/4.7.1/thumb/crtend.o

.dtcm           0x0b000000        0x0 load address 0x02021c38
 *(.dtcm)
 *(.dtcm.*)
                0x0b000000                . = ALIGN (0x4)
                0x0b000000                __dtcm_end = ABSOLUTE (.)
                0x02021c38                __itcm_lma = (__dtcm_lma + SIZEOF (.dtcm))

.itcm           0x01000100      0x194 load address 0x02021c38
 *(.itcm)
 .itcm          0x01000100       0xc8 c:/devkitPro/libnds/lib\libnds9.a(interrupts.o)
                0x01000100                irqTable
 .itcm          0x010001c8       0xcc c:/devkitPro/libnds/lib\libnds9.a(interruptDispatcher.o)
                0x010001c8                IntrMain
 *itcm.*(.text)
                0x01000294                . = ALIGN (0x4)
                0x01000294                __itcm_end = ABSOLUTE (.)
                0x02021dcc                __vectors_lma = (__itcm_lma + SIZEOF (.itcm))

.vectors        0x01000000        0x0 load address 0x02021dcc
 *(.vectors)
 *vectors.*(.text)
                0x01000000                . = ALIGN (0x4)
                0x01000000                __vectors_end = ABSOLUTE (.)

.sbss           0x0b000000        0x0
                0x0b000000                __sbss_start = ABSOLUTE (.)
                0x0b000000                __sbss_start__ = ABSOLUTE (.)
 *(.sbss)
                0x0b000000                . = ALIGN (0x4)
                0x0b000000                __sbss_end = ABSOLUTE (.)

.bss            0x02021c38     0x465c
                0x02021c38                __bss_start = ABSOLUTE (.)
                0x02021c38                __bss_start__ = ABSOLUTE (.)
 *(.dynbss)
 *(.gnu.linkonce.b*)
 *(.bss*)
 .bss           0x02021c38        0x0 c:/devkitpro/devkitarm/bin/../lib/gcc/arm-none-eabi/4.7.1/../../../../arm-none-eabi/lib/thumb/ds_arm9_crt0.o
 .bss           0x02021c38        0x0 c:/devkitpro/devkitarm/bin/../lib/gcc/arm-none-eabi/4.7.1/thumb/crti.o
 .bss           0x02021c38       0x1c c:/devkitpro/devkitarm/bin/../lib/gcc/arm-none-eabi/4.7.1/thumb/crtbegin.o
 .bss           0x02021c54        0x0 down.o
 .bss           0x02021c54        0x0 up.o
 .bss           0x02021c54       0x80 croutine.o
                0x02021cc0                pxCurrentCoRoutine
 .bss           0x02021cd4        0x0 list.o
 .bss           0x02021cd4        0x0 queue.o
 .bss           0x02021cd4     0x14cc tasks.o
                0x02021cd4                pxCurrentTCB
 .bss           0x020231a0        0x8 card_spi.o
 .bss           0x020231a8     0x1050 gdbStub.o
                0x020241a8                regMem
 .bss           0x020241f8        0x0 heap_3.o
 .bss           0x020241f8        0x0 port.o
 .bss           0x020241f8        0x0 portISR.o
 .bss           0x020241f8       0x70 sevencore_io.o
 .bss           0x02024268        0x0 Exp_Homework.o
 .bss           0x02024268        0x0 main.o
 .bss           0x02024268        0x0 gdbStubAsm.o
 .bss           0x02024268        0x0 port_asm.o
 .bss           0x02024268        0x0 c:/devkitPro/libnds/lib\libnds9.a(background.o)
 .bss           0x02024268        0x0 c:/devkitPro/libnds/lib\libnds9.a(console.o)
 .bss           0x02024268        0x0 c:/devkitPro/libnds/lib\libnds9.a(decompress.o)
 .bss           0x02024268        0x0 c:/devkitPro/libnds/lib\libnds9.a(exceptions.o)
 .bss           0x02024268        0x6 c:/devkitPro/libnds/lib\libnds9.a(keys.o)
 .bss           0x0202426e        0x0 c:/devkitPro/libnds/lib\libnds9.a(sassert.o)
 .bss           0x0202426e        0x0 c:/devkitPro/libnds/lib\libnds9.a(touch.o)
 .bss           0x0202426e        0x0 c:/devkitPro/libnds/lib\libnds9.a(trig.o)
 *fill*         0x0202426e        0x2 00
 .bss           0x02024270        0x8 c:/devkitPro/libnds/lib\libnds9.a(videoGL.o)
 .bss           0x02024278        0x0 c:/devkitPro/libnds/lib\libnds9.a(initSystem.o)
 .bss           0x02024278        0x8 c:/devkitPro/libnds/lib\libnds9.a(fifosystem.o)
                0x0202427c                processing
 .bss           0x02024280        0x0 c:/devkitPro/libnds/lib\libnds9.a(interrupts.o)
 .bss           0x02024280        0x0 c:/devkitPro/libnds/lib\libnds9.a(libnds_exit.arm.o)
 .bss           0x02024280        0x0 c:/devkitPro/libnds/lib\libnds9.a(syscalls.o)
 .bss           0x02024280        0x0 c:/devkitPro/libnds/lib\libnds9.a(exceptionHandler.o)
 .bss           0x02024280        0x0 c:/devkitPro/libnds/lib\libnds9.a(mpu_setup.o)
 .bss           0x02024280        0x0 c:/devkitPro/libnds/lib\libnds9.a(biosCalls.o)
 .bss           0x02024280        0x0 c:/devkitPro/libnds/lib\libnds9.a(debugprint.o)
 .bss           0x02024280        0x0 c:/devkitPro/libnds/lib\libnds9.a(interruptDispatcher.o)
 .bss           0x02024280        0x0 c:/devkitPro/libnds/lib\libnds9.a(swiSoftReset.o)
 .bss           0x02024280        0x0 c:/devkitPro/libnds/lib\libnds9.a(default_font.bin.o)
 .bss           0x02024280        0x0 c:/devkitPro/libnds/lib\libnds9.a(dynamicArray.o)
 .bss           0x02024280        0x4 c:/devkitPro/libnds/lib\libnds9.a(system.o)
 .bss           0x02024284        0x0 c:/devkitPro/libnds/lib\libnds9.a(video.o)
 .bss           0x02024284        0x0 c:/devkitpro/devkitarm/bin/../lib/gcc/arm-none-eabi/4.7.1/thumb\libgcc.a(_udivsi3.o)
 .bss           0x02024284        0x0 c:/devkitpro/devkitarm/bin/../lib/gcc/arm-none-eabi/4.7.1/thumb\libgcc.a(_divsi3.o)
 .bss           0x02024284        0x0 c:/devkitpro/devkitarm/bin/../lib/gcc/arm-none-eabi/4.7.1/thumb\libgcc.a(_dvmd_tls.o)
 .bss           0x02024284        0x0 c:/devkitpro/devkitarm/bin/../lib/gcc/arm-none-eabi/4.7.1/thumb\libgcc.a(_muldi3.o)
 .bss           0x02024284        0x0 c:/devkitpro/devkitarm/bin/../lib/gcc/arm-none-eabi/4.7.1/../../../../arm-none-eabi/lib/thumb\libg.a(lib_a-bsearch.o)
 .bss           0x02024284        0x0 c:/devkitpro/devkitarm/bin/../lib/gcc/arm-none-eabi/4.7.1/../../../../arm-none-eabi/lib/thumb\libg.a(lib_a-impure.o)
 .bss           0x02024284        0x0 c:/devkitpro/devkitarm/bin/../lib/gcc/arm-none-eabi/4.7.1/../../../../arm-none-eabi/lib/thumb\libg.a(lib_a-init.o)
 .bss           0x02024284        0x0 c:/devkitpro/devkitarm/bin/../lib/gcc/arm-none-eabi/4.7.1/../../../../arm-none-eabi/lib/thumb\libg.a(lib_a-iprintf.o)
 .bss           0x02024284        0x0 c:/devkitpro/devkitarm/bin/../lib/gcc/arm-none-eabi/4.7.1/../../../../arm-none-eabi/lib/thumb\libg.a(lib_a-malloc.o)
 .bss           0x02024284       0x34 c:/devkitpro/devkitarm/bin/../lib/gcc/arm-none-eabi/4.7.1/../../../../arm-none-eabi/lib/thumb\libg.a(lib_a-mallocr.o)
                0x02024284                __malloc_top_pad
                0x02024288                __malloc_current_mallinfo
                0x020242b0                __malloc_max_sbrked_mem
                0x020242b4                __malloc_max_total_mem
 .bss           0x020242b8        0x0 c:/devkitpro/devkitarm/bin/../lib/gcc/arm-none-eabi/4.7.1/../../../../arm-none-eabi/lib/thumb\libg.a(lib_a-memcpy-stub.o)
 .bss           0x020242b8        0x0 c:/devkitpro/devkitarm/bin/../lib/gcc/arm-none-eabi/4.7.1/../../../../arm-none-eabi/lib/thumb\libg.a(lib_a-memset.o)
 .bss           0x020242b8        0x0 c:/devkitpro/devkitarm/bin/../lib/gcc/arm-none-eabi/4.7.1/../../../../arm-none-eabi/lib/thumb\libg.a(lib_a-mlock.o)
 .bss           0x020242b8        0x0 c:/devkitpro/devkitarm/bin/../lib/gcc/arm-none-eabi/4.7.1/../../../../arm-none-eabi/lib/thumb\libg.a(lib_a-realloc.o)
 .bss           0x020242b8        0x0 c:/devkitpro/devkitarm/bin/../lib/gcc/arm-none-eabi/4.7.1/../../../../arm-none-eabi/lib/thumb\libg.a(lib_a-reallocr.o)
 .bss           0x020242b8        0x0 c:/devkitpro/devkitarm/bin/../lib/gcc/arm-none-eabi/4.7.1/../../../../arm-none-eabi/lib/thumb\libg.a(lib_a-setvbuf.o)
 .bss           0x020242b8        0x0 c:/devkitpro/devkitarm/bin/../lib/gcc/arm-none-eabi/4.7.1/../../../../arm-none-eabi/lib/thumb\libg.a(lib_a-siscanf.o)
 .bss           0x020242b8        0x0 c:/devkitpro/devkitarm/bin/../lib/gcc/arm-none-eabi/4.7.1/../../../../arm-none-eabi/lib/thumb\libg.a(lib_a-sprintf.o)
 .bss           0x020242b8        0x0 c:/devkitpro/devkitarm/bin/../lib/gcc/arm-none-eabi/4.7.1/../../../../arm-none-eabi/lib/thumb\libg.a(lib_a-stdio.o)
 .bss           0x020242b8        0x0 c:/devkitpro/devkitarm/bin/../lib/gcc/arm-none-eabi/4.7.1/../../../../arm-none-eabi/lib/thumb\libg.a(lib_a-strcat.o)
 .bss           0x020242b8        0x0 c:/devkitpro/devkitarm/bin/../lib/gcc/arm-none-eabi/4.7.1/../../../../arm-none-eabi/lib/thumb\libg.a(lib_a-strcpy.o)
 .bss           0x020242b8        0x0 c:/devkitpro/devkitarm/bin/../lib/gcc/arm-none-eabi/4.7.1/../../../../arm-none-eabi/lib/thumb\libg.a(lib_a-strlen.o)
 .bss           0x020242b8        0x0 c:/devkitpro/devkitarm/bin/../lib/gcc/arm-none-eabi/4.7.1/../../../../arm-none-eabi/lib/thumb\libg.a(lib_a-strncpy.o)
 .bss           0x020242b8        0x0 c:/devkitpro/devkitarm/bin/../lib/gcc/arm-none-eabi/4.7.1/../../../../arm-none-eabi/lib/thumb\libg.a(lib_a-svfiscanf.o)
 .bss           0x020242b8        0x0 c:/devkitpro/devkitarm/bin/../lib/gcc/arm-none-eabi/4.7.1/../../../../arm-none-eabi/lib/thumb\libg.a(lib_a-svfprintf.o)
 .bss           0x020242b8        0x0 c:/devkitpro/devkitarm/bin/../lib/gcc/arm-none-eabi/4.7.1/../../../../arm-none-eabi/lib/thumb\libg.a(lib_a-ungetc.o)
 .bss           0x020242b8        0x0 c:/devkitpro/devkitarm/bin/../lib/gcc/arm-none-eabi/4.7.1/../../../../arm-none-eabi/lib/thumb\libg.a(lib_a-vfiprintf.o)
 .bss           0x020242b8        0x0 c:/devkitpro/devkitarm/bin/../lib/gcc/arm-none-eabi/4.7.1/../../../../arm-none-eabi/lib/thumb\libg.a(lib_a-wcrtomb.o)
 .bss           0x020242b8        0x0 c:/devkitpro/devkitarm/bin/../lib/gcc/arm-none-eabi/4.7.1/../../../../arm-none-eabi/lib/thumb\libg.a(lib_a-wcsrtombs.o)
 .bss           0x020242b8        0x0 c:/devkitpro/devkitarm/bin/../lib/gcc/arm-none-eabi/4.7.1/../../../../arm-none-eabi/lib/thumb\libg.a(lib_a-wctomb_r.o)
 .bss           0x020242b8        0x0 c:/devkitpro/devkitarm/bin/../lib/gcc/arm-none-eabi/4.7.1/../../../../arm-none-eabi/lib/thumb\libg.a(lib_a-wsetup.o)
 .bss           0x020242b8        0x0 c:/devkitpro/devkitarm/bin/../lib/gcc/arm-none-eabi/4.7.1/../../../../arm-none-eabi/lib/thumb\libg.a(lib_a-ctype_.o)
 .bss           0x020242b8        0x0 c:/devkitpro/devkitarm/bin/../lib/gcc/arm-none-eabi/4.7.1/../../../../arm-none-eabi/lib/thumb\libg.a(lib_a-dtoa.o)
 .bss           0x020242b8        0x0 c:/devkitpro/devkitarm/bin/../lib/gcc/arm-none-eabi/4.7.1/../../../../arm-none-eabi/lib/thumb\libg.a(lib_a-fflush.o)
 .bss           0x020242b8        0x0 c:/devkitpro/devkitarm/bin/../lib/gcc/arm-none-eabi/4.7.1/../../../../arm-none-eabi/lib/thumb\libg.a(lib_a-findfp.o)
 .bss           0x020242b8        0x0 c:/devkitpro/devkitarm/bin/../lib/gcc/arm-none-eabi/4.7.1/../../../../arm-none-eabi/lib/thumb\libg.a(lib_a-fputwc.o)
 .bss           0x020242b8        0x0 c:/devkitpro/devkitarm/bin/../lib/gcc/arm-none-eabi/4.7.1/../../../../arm-none-eabi/lib/thumb\libg.a(lib_a-freer.o)
 .bss           0x020242b8        0x0 c:/devkitpro/devkitarm/bin/../lib/gcc/arm-none-eabi/4.7.1/../../../../arm-none-eabi/lib/thumb\libg.a(lib_a-fvwrite.o)
 .bss           0x020242b8        0x0 c:/devkitpro/devkitarm/bin/../lib/gcc/arm-none-eabi/4.7.1/../../../../arm-none-eabi/lib/thumb\libg.a(lib_a-fwalk.o)
 .bss           0x020242b8        0x0 c:/devkitpro/devkitarm/bin/../lib/gcc/arm-none-eabi/4.7.1/../../../../arm-none-eabi/lib/thumb\libg.a(lib_a-iswspace.o)
 .bss           0x020242b8        0x0 c:/devkitpro/devkitarm/bin/../lib/gcc/arm-none-eabi/4.7.1/../../../../arm-none-eabi/lib/thumb\libg.a(lib_a-jp2uc.o)
 .bss           0x020242b8      0x2b8 c:/devkitpro/devkitarm/bin/../lib/gcc/arm-none-eabi/4.7.1/../../../../arm-none-eabi/lib/thumb\libg.a(lib_a-locale.o)
                0x02024564                _PathLocale
                0x02024568                __mlocale_changed
                0x0202456c                __nlocale_changed
 .bss           0x02024570        0x0 c:/devkitpro/devkitarm/bin/../lib/gcc/arm-none-eabi/4.7.1/../../../../arm-none-eabi/lib/thumb\libg.a(lib_a-makebuf.o)
 .bss           0x02024570        0x0 c:/devkitpro/devkitarm/bin/../lib/gcc/arm-none-eabi/4.7.1/../../../../arm-none-eabi/lib/thumb\libg.a(lib_a-mbrtowc.o)
 .bss           0x02024570        0x0 c:/devkitpro/devkitarm/bin/../lib/gcc/arm-none-eabi/4.7.1/../../../../arm-none-eabi/lib/thumb\libg.a(lib_a-mbtowc_r.o)
 .bss           0x02024570        0x0 c:/devkitpro/devkitarm/bin/../lib/gcc/arm-none-eabi/4.7.1/../../../../arm-none-eabi/lib/thumb\libg.a(lib_a-memchr-stub.o)
 .bss           0x02024570        0x0 c:/devkitpro/devkitarm/bin/../lib/gcc/arm-none-eabi/4.7.1/../../../../arm-none-eabi/lib/thumb\libg.a(lib_a-memmove.o)
 .bss           0x02024570        0x0 c:/devkitpro/devkitarm/bin/../lib/gcc/arm-none-eabi/4.7.1/../../../../arm-none-eabi/lib/thumb\libg.a(lib_a-mprec.o)
 .bss           0x02024570        0x0 c:/devkitpro/devkitarm/bin/../lib/gcc/arm-none-eabi/4.7.1/../../../../arm-none-eabi/lib/thumb\libg.a(lib_a-sccl.o)
 .bss           0x02024570        0x0 c:/devkitpro/devkitarm/bin/../lib/gcc/arm-none-eabi/4.7.1/../../../../arm-none-eabi/lib/thumb\libg.a(lib_a-s_fpclassify.o)
 .bss           0x02024570        0x0 c:/devkitpro/devkitarm/bin/../lib/gcc/arm-none-eabi/4.7.1/../../../../arm-none-eabi/lib/thumb\libg.a(lib_a-strcasecmp.o)
 .bss           0x02024570        0x0 c:/devkitpro/devkitarm/bin/../lib/gcc/arm-none-eabi/4.7.1/../../../../arm-none-eabi/lib/thumb\libg.a(lib_a-strchr.o)
 .bss           0x02024570        0x0 c:/devkitpro/devkitarm/bin/../lib/gcc/arm-none-eabi/4.7.1/../../../../arm-none-eabi/lib/thumb\libg.a(lib_a-strcmp.o)
 .bss           0x02024570        0x0 c:/devkitpro/devkitarm/bin/../lib/gcc/arm-none-eabi/4.7.1/../../../../arm-none-eabi/lib/thumb\libg.a(lib_a-strlcpy.o)
 .bss           0x02024570        0x0 c:/devkitpro/devkitarm/bin/../lib/gcc/arm-none-eabi/4.7.1/../../../../arm-none-eabi/lib/thumb\libg.a(lib_a-strncasecmp.o)
 .bss           0x02024570        0x0 c:/devkitpro/devkitarm/bin/../lib/gcc/arm-none-eabi/4.7.1/../../../../arm-none-eabi/lib/thumb\libg.a(lib_a-strncmp.o)
 .bss           0x02024570        0x0 c:/devkitpro/devkitarm/bin/../lib/gcc/arm-none-eabi/4.7.1/../../../../arm-none-eabi/lib/thumb\libg.a(lib_a-strtoll_r.o)
 .bss           0x02024570        0x0 c:/devkitpro/devkitarm/bin/../lib/gcc/arm-none-eabi/4.7.1/../../../../arm-none-eabi/lib/thumb\libg.a(lib_a-strtol.o)
 .bss           0x02024570        0x0 c:/devkitpro/devkitarm/bin/../lib/gcc/arm-none-eabi/4.7.1/../../../../arm-none-eabi/lib/thumb\libg.a(lib_a-strtoull_r.o)
 .bss           0x02024570        0x0 c:/devkitpro/devkitarm/bin/../lib/gcc/arm-none-eabi/4.7.1/../../../../arm-none-eabi/lib/thumb\libg.a(lib_a-strtoul.o)
 .bss           0x02024570        0x0 c:/devkitpro/devkitarm/bin/../lib/gcc/arm-none-eabi/4.7.1/../../../../arm-none-eabi/lib/thumb\libg.a(lib_a-svfiprintf.o)
 .bss           0x02024570        0x0 c:/devkitpro/devkitarm/bin/../lib/gcc/arm-none-eabi/4.7.1/../../../../arm-none-eabi/lib/thumb\libg.a(lib_a-wbuf.o)
 .bss           0x02024570        0x0 c:/devkitpro/devkitarm/bin/../lib/gcc/arm-none-eabi/4.7.1/../../../../arm-none-eabi/lib/thumb\libg.a(lib_a-wcsnrtombs.o)
 .bss           0x02024570        0x0 c:/devkitpro/devkitarm/bin/../lib/gcc/arm-none-eabi/4.7.1/../../../../arm-none-eabi/lib/thumb\libg.a(lib_a-callocr.o)
 .bss           0x02024570        0x0 c:/devkitpro/devkitarm/bin/../lib/gcc/arm-none-eabi/4.7.1/../../../../arm-none-eabi/lib/thumb\libg.a(lib_a-fclose.o)
 .bss           0x02024570        0x0 c:/devkitpro/devkitarm/bin/../lib/gcc/arm-none-eabi/4.7.1/../../../../arm-none-eabi/lib/thumb\libg.a(lib_a-getenv_r.o)
 .bss           0x02024570        0x4 c:/devkitpro/devkitarm/bin/../lib/gcc/arm-none-eabi/4.7.1/../../../../arm-none-eabi/lib/thumb\libg.a(lib_a-environ.o)
 .bss           0x02024574        0x0 c:/devkitpro/devkitarm/bin/../lib/gcc/arm-none-eabi/4.7.1/../../../../arm-none-eabi/lib/thumb\libg.a(lib_a-envlock.o)
 .bss           0x02024574        0x0 c:/devkitpro/devkitarm/bin/../lib/gcc/arm-none-eabi/4.7.1/../../../../arm-none-eabi/lib/thumb\libsysbase.a(iosupport.o)
 .bss           0x02024574        0x0 c:/devkitpro/devkitarm/bin/../lib/gcc/arm-none-eabi/4.7.1/../../../../arm-none-eabi/lib/thumb\libsysbase.a(close.o)
 .bss           0x02024574        0x0 c:/devkitpro/devkitarm/bin/../lib/gcc/arm-none-eabi/4.7.1/../../../../arm-none-eabi/lib/thumb\libsysbase.a(fstat.o)
 .bss           0x02024574        0x0 c:/devkitpro/devkitarm/bin/../lib/gcc/arm-none-eabi/4.7.1/../../../../arm-none-eabi/lib/thumb\libsysbase.a(isatty.o)
 .bss           0x02024574        0x0 c:/devkitpro/devkitarm/bin/../lib/gcc/arm-none-eabi/4.7.1/../../../../arm-none-eabi/lib/thumb\libsysbase.a(lseek.o)
 .bss           0x02024574        0x0 c:/devkitpro/devkitarm/bin/../lib/gcc/arm-none-eabi/4.7.1/../../../../arm-none-eabi/lib/thumb\libsysbase.a(read.o)
 .bss           0x02024574        0x4 c:/devkitpro/devkitarm/bin/../lib/gcc/arm-none-eabi/4.7.1/../../../../arm-none-eabi/lib/thumb\libsysbase.a(sbrk.o)
 .bss           0x02024578        0x0 c:/devkitpro/devkitarm/bin/../lib/gcc/arm-none-eabi/4.7.1/../../../../arm-none-eabi/lib/thumb\libsysbase.a(times.o)
 .bss           0x02024578        0x0 c:/devkitpro/devkitarm/bin/../lib/gcc/arm-none-eabi/4.7.1/../../../../arm-none-eabi/lib/thumb\libsysbase.a(write.o)
 .bss           0x02024578        0x8 c:/devkitpro/devkitarm/bin/../lib/gcc/arm-none-eabi/4.7.1/../../../../arm-none-eabi/lib/thumb\libsysbase.a(malloc_vars.o)
                0x02024578                fake_heap_start
                0x0202457c                fake_heap_end
 .bss           0x02024580        0x0 c:/devkitpro/devkitarm/bin/../lib/gcc/arm-none-eabi/4.7.1/../../../../arm-none-eabi/lib/thumb\libsysbase.a(build_argv.o)
 .bss           0x02024580        0x8 c:/devkitpro/devkitarm/bin/../lib/gcc/arm-none-eabi/4.7.1/../../../../arm-none-eabi/lib/thumb\libsysbase.a(syscall_support.o)
                0x02024580                __syscalls
 .bss           0x02024588     0x1000 c:/devkitpro/devkitarm/bin/../lib/gcc/arm-none-eabi/4.7.1/../../../../arm-none-eabi/lib/thumb\libsysbase.a(handle_manager.o)
 .bss           0x02025588        0x0 c:/devkitpro/devkitarm/bin/../lib/gcc/arm-none-eabi/4.7.1/thumb\libgcc.a(_arm_addsubdf3.o)
 .bss           0x02025588        0x0 c:/devkitpro/devkitarm/bin/../lib/gcc/arm-none-eabi/4.7.1/thumb\libgcc.a(_arm_muldivdf3.o)
 .bss           0x02025588        0x0 c:/devkitpro/devkitarm/bin/../lib/gcc/arm-none-eabi/4.7.1/thumb\libgcc.a(_arm_cmpdf2.o)
 .bss           0x02025588        0x0 c:/devkitpro/devkitarm/bin/../lib/gcc/arm-none-eabi/4.7.1/thumb\libgcc.a(_arm_fixdfsi.o)
 .bss           0x02025588        0x0 c:/devkitpro/devkitarm/bin/../lib/gcc/arm-none-eabi/4.7.1/thumb\libgcc.a(_aeabi_uldivmod.o)
 .bss           0x02025588        0x0 c:/devkitpro/devkitarm/bin/../lib/gcc/arm-none-eabi/4.7.1/thumb\libgcc.a(bpabi.o)
 .bss           0x02025588        0x0 c:/devkitpro/devkitarm/bin/../lib/gcc/arm-none-eabi/4.7.1/thumb\libgcc.a(_divdi3.o)
 .bss           0x02025588        0x0 c:/devkitpro/devkitarm/bin/../lib/gcc/arm-none-eabi/4.7.1/thumb\libgcc.a(_udivdi3.o)
 .bss           0x02025588        0x0 c:/devkitpro/devkitarm/bin/../lib/gcc/arm-none-eabi/4.7.1/thumb\libgcc.a(_clzsi2.o)
 .bss           0x02025588        0x0 c:/devkitpro/devkitarm/bin/../lib/gcc/arm-none-eabi/4.7.1/../../../../arm-none-eabi/lib/thumb\libg.a(lib_a-errno.o)
 .bss           0x02025588        0x0 c:/devkitpro/devkitarm/bin/../lib/gcc/arm-none-eabi/4.7.1/thumb/crtend.o
 .bss           0x02025588        0x0 c:/devkitpro/devkitarm/bin/../lib/gcc/arm-none-eabi/4.7.1/thumb/crtn.o
 *(COMMON)
 COMMON         0x02025588       0xd0 gdbStub.o
                0x02025588                altRegisters
                0x020255f0                registers
 COMMON         0x02025658        0x4 sevencore_io.o
                0x02025658                KeyQueue
 COMMON         0x0202565c      0x148 c:/devkitPro/libnds/lib\libnds9.a(background.o)
                0x0202565c                bgState
                0x0202579c                bgIsTextLut
 COMMON         0x020257a4       0x5c c:/devkitPro/libnds/lib\libnds9.a(console.o)
                0x020257a4                currentCopy
 COMMON         0x02025800       0x4c c:/devkitPro/libnds/lib\libnds9.a(videoGL.o)