Archive member included because of file (symbol)

/home/hansung/ndsdev/devkitPro/libnds/lib/libnds9.a(background.o)
                              sevencore_io.o (bgInit_call)
/home/hansung/ndsdev/devkitPro/libnds/lib/libnds9.a(console.o)
                              sevencore_io.o (consoleSelect)
/home/hansung/ndsdev/devkitPro/libnds/lib/libnds9.a(decompress.o)
                              sevencore_io.o (decompress)
/home/hansung/ndsdev/devkitPro/libnds/lib/libnds9.a(exceptions.o)
                              gdbStub.o (setExceptionHandler)
/home/hansung/ndsdev/devkitPro/libnds/lib/libnds9.a(keys.o)
                              gdbStub.o (scanKeys)
/home/hansung/ndsdev/devkitPro/libnds/lib/libnds9.a(sassert.o)
                              sevencore_io.o (__sassert)
/home/hansung/ndsdev/devkitPro/libnds/lib/libnds9.a(touch.o)
                              sevencore_io.o (touchRead)
/home/hansung/ndsdev/devkitPro/libnds/lib/libnds9.a(trig.o)
                              /home/hansung/ndsdev/devkitPro/libnds/lib/libnds9.a(background.o) (sinLerp)
/home/hansung/ndsdev/devkitPro/libnds/lib/libnds9.a(videoGL.o)
                              card_spi.o (glGlobalData)
/home/hansung/ndsdev/devkitPro/libnds/lib/libnds9.a(initSystem.o)
                              /home/hansung/ndsdev/devkitPro/devkitARM/bin/../lib/gcc/arm-none-eabi/4.7.1/../../../../arm-none-eabi/lib/thumb/ds_arm9_crt0.o (initSystem)
/home/hansung/ndsdev/devkitPro/libnds/lib/libnds9.a(fifosystem.o)
                              /home/hansung/ndsdev/devkitPro/libnds/lib/libnds9.a(initSystem.o) (fifoSendValue32)
/home/hansung/ndsdev/devkitPro/libnds/lib/libnds9.a(interrupts.o)
                              card_spi.o (irqSet)
/home/hansung/ndsdev/devkitPro/libnds/lib/libnds9.a(libnds_exit.arm.o)
                              /home/hansung/ndsdev/devkitPro/devkitARM/bin/../lib/gcc/arm-none-eabi/4.7.1/../../../../arm-none-eabi/lib/thumb/ds_arm9_crt0.o (__libnds_exit)
/home/hansung/ndsdev/devkitPro/libnds/lib/libnds9.a(syscalls.o)
                              /home/hansung/ndsdev/devkitPro/libnds/lib/libnds9.a(decompress.o) (swiDecompressLZSSVram)
/home/hansung/ndsdev/devkitPro/libnds/lib/libnds9.a(exceptionHandler.o)
                              gdbStub.o (getCPSR)
/home/hansung/ndsdev/devkitPro/libnds/lib/libnds9.a(mpu_setup.o)
                              /home/hansung/ndsdev/devkitPro/devkitARM/bin/../lib/gcc/arm-none-eabi/4.7.1/../../../../arm-none-eabi/lib/thumb/ds_arm9_crt0.o (__libnds_mpu_setup)
/home/hansung/ndsdev/devkitPro/libnds/lib/libnds9.a(biosCalls.o)
                              card_spi.o (swiDelay)
/home/hansung/ndsdev/devkitPro/libnds/lib/libnds9.a(debugprint.o)
                              /home/hansung/ndsdev/devkitPro/libnds/lib/libnds9.a(console.o) (nocashWrite)
/home/hansung/ndsdev/devkitPro/libnds/lib/libnds9.a(interruptDispatcher.o)
                              /home/hansung/ndsdev/devkitPro/libnds/lib/libnds9.a(interrupts.o) (IntrMain)
/home/hansung/ndsdev/devkitPro/libnds/lib/libnds9.a(swiSoftReset.o)
                              /home/hansung/ndsdev/devkitPro/libnds/lib/libnds9.a(fifosystem.o) (swiSoftReset)
/home/hansung/ndsdev/devkitPro/libnds/lib/libnds9.a(default_font.bin.o)
                              /home/hansung/ndsdev/devkitPro/libnds/lib/libnds9.a(console.o) (default_font_bin)
/home/hansung/ndsdev/devkitPro/libnds/lib/libnds9.a(dynamicArray.o)
                              /home/hansung/ndsdev/devkitPro/libnds/lib/libnds9.a(videoGL.o) (DynamicArrayInit)
/home/hansung/ndsdev/devkitPro/libnds/lib/libnds9.a(system.o)
                              /home/hansung/ndsdev/devkitPro/libnds/lib/libnds9.a(initSystem.o) (systemMsgHandler)
/home/hansung/ndsdev/devkitPro/libnds/lib/libnds9.a(video.o)
                              /home/hansung/ndsdev/devkitPro/libnds/lib/libnds9.a(videoGL.o) (vramSetPrimaryBanks)
/home/hansung/ndsdev/devkitPro/devkitARM/bin/../lib/gcc/arm-none-eabi/4.7.1/thumb/libgcc.a(_udivsi3.o)
                              sevencore_io.o (__aeabi_uidiv)
/home/hansung/ndsdev/devkitPro/devkitARM/bin/../lib/gcc/arm-none-eabi/4.7.1/thumb/libgcc.a(_divsi3.o)
                              Exp_Homework.o (__aeabi_idiv)
/home/hansung/ndsdev/devkitPro/devkitARM/bin/../lib/gcc/arm-none-eabi/4.7.1/thumb/libgcc.a(_dvmd_tls.o)
                              /home/hansung/ndsdev/devkitPro/devkitARM/bin/../lib/gcc/arm-none-eabi/4.7.1/thumb/libgcc.a(_udivsi3.o) (__aeabi_idiv0)
/home/hansung/ndsdev/devkitPro/devkitARM/bin/../lib/gcc/arm-none-eabi/4.7.1/thumb/libgcc.a(_muldi3.o)
                              /home/hansung/ndsdev/devkitPro/libnds/lib/libnds9.a(videoGL.o) (__aeabi_lmul)
/home/hansung/ndsdev/devkitPro/devkitARM/bin/../lib/gcc/arm-none-eabi/4.7.1/../../../../arm-none-eabi/lib/thumb/libg.a(lib_a-bsearch.o)
                              /home/hansung/ndsdev/devkitPro/libnds/lib/libnds9.a(trig.o) (bsearch)
[...]
Memory Configuration

Name             Origin             Length             Attributes
rom              0x08000000         0x02000000
ewram            0x02000000         0x003ff000
dtcm             0x0b000000         0x00004000
vectors          0x01000000         0x00000100
itcm             0x01000100         0x00007f00
*default*        0x00000000         0xffffffff

Linker script and memory map

                0x01000000                __vectors_start = ORIGIN (vectors)
                0x01000100                __itcm_start = ORIGIN (itcm)
                0x023ff000                __ewram_end = (ORIGIN (ewram) + 0x3ff000)
                0x023ff000                __eheap_end = (ORIGIN (ewram) + 0x3ff000)
                0x0b000000                __dtcm_start = ORIGIN (dtcm)
                0x0b004000                __dtcm_top = (ORIGIN (dtcm) + 0x4000)
                0x0b003ff8                __irq_flags = (__dtcm_top - 0x8)
                0x0b003ffc                __irq_vector = (__dtcm_top - 0x4)
                0x0b003f00                __sp_svc = (__dtcm_top - 0x100)
                0x0b003e00                __sp_irq = (__sp_svc - 0x100)
                0x0b003d00                __sp_usr = (__sp_irq - 0x100)

.init           0x02000000      0x23c
                0x02000000                __text_start = .
 *(.init)
 .init          0x02000000      0x230 /home/hansung/ndsdev/devkitPro/devkitARM/bin/../lib/gcc/arm-none-eabi/4.7.1/../../../../arm-none-eabi/lib/thumb/ds_arm9_crt0.o
                0x02000000                _start
 .init          0x02000230        0x4 /home/hansung/ndsdev/devkitPro/devkitARM/bin/../lib/gcc/arm-none-eabi/4.7.1/thumb/crti.o
                0x02000230                _init
 .init          0x02000234        0x8 /home/hansung/ndsdev/devkitPro/devkitARM/bin/../lib/gcc/arm-none-eabi/4.7.1/thumb/crtn.o
                0x0200023c                . = ALIGN (0x4)

.plt
 *(.plt)

.text           0x02000240    0x14778
 *(EXCLUDE_FILE(*.itcm*) .text)
 .text          0x02000240        0x0 /home/hansung/ndsdev/devkitPro/devkitARM/bin/../lib/gcc/arm-none-eabi/4.7.1/../../../../arm-none-eabi/lib/thumb/ds_arm9_crt0.o
 .text          0x02000240        0x0 /home/hansung/ndsdev/devkitPro/devkitARM/bin/../lib/gcc/arm-none-eabi/4.7.1/thumb/crti.o
 .text          0x02000240       0xd0 /home/hansung/ndsdev/devkitPro/devkitARM/bin/../lib/gcc/arm-none-eabi/4.7.1/thumb/crtbegin.o
 .text          0x02000310        0x0 down.o
 .text          0x02000310        0x0 up.o
 .text          0x02000310      0x42c croutine.o
                0x02000310                xCoRoutineCreate
                0x020003d8                vCoRoutineAddToDelayedList
                0x020005d8                vCoRoutineSchedule
                0x020006e0                xCoRoutineRemoveFromEventList
 .text          0x0200073c      0x138 list.o
                0x0200073c                vListInitialise
                0x02000770                vListInitialiseItem
                0x02000780                vListInsertEnd
                0x020007c4                vListInsert
                0x0200082c                vListRemove
 .text          0x02000874      0x6e8 queue.o
                0x02000874                xQueueCreate
                0x02000928                xQueueCreateMutex
                0x020009a0                xQueueGenericSend
                0x02000aa8                xQueueGenericSendFromISR
                0x02000b18                xQueueGenericReceive
                0x02000c80                xQueueReceiveFromISR
                0x02000cf0                uxQueueMessagesWaiting
                0x02000d0c                uxQueueMessagesWaitingFromISR
                0x02000d20                vQueueDelete
                0x02000ef4                xQueueIsQueueEmptyFromISR
                0x02000f3c                xQueueIsQueueFullFromISR
 .text          0x02000f5c     0x119c tasks.o
                0x02000f5c                xTaskGenericCreate
                0x020010c4                vTaskDelete
                0x02001158                vTaskDelayUntil
                0x02001228                vTaskDelay
                0x020012b0                uxTaskPriorityGet
                0x020012e0                vTaskPrioritySet
                0x020013d4                vTaskSuspend
                0x02001468                xTaskIsTaskSuspended
                0x020014a8                vTaskResume
                0x02001534                xTaskResumeFromISR
                0x020015d4                vTaskStartScheduler
                0x02001630                vTaskEndScheduler
                0x02001648                vTaskSuspendAll
                0x02001658                xTaskResumeAll
                0x02001750                xTaskGetTickCount
                0x02001770                xTaskGetTickCountFromISR
                0x0200177c                uxTaskGetNumberOfTasks
                0x02001788                vTaskList
                0x0200187c                vTaskStartTrace
                0x020018c0                ulTaskEndTrace
                0x020018f4                vTaskIncrementTick
                0x020019c8                vTaskSwitchContext
                0x02001ac8                vTaskPlaceOnEventList
                0x02001b60                xTaskRemoveFromEventList
                0x02001c0c                vTaskSetTimeOutState
                0x02001c2c                xTaskCheckForTimeOut
                0x02001cb0                vTaskMissedYield
                0x02001fcc                xTaskGetCurrentTaskHandle
                0x02001fe0                vTaskPriorityInherit
                0x02002080                vTaskPriorityDisinherit
 .text          0x020020f8      0x4a8 card_spi.o
                0x02002148                cardLineIrqHandler
                0x0200214c                initSpi
                0x02002158                cardSpiBusy
                0x02002178                cardSpiStart
                0x020021c0                cardSpiStop
                0x020021e0                cardSpiInit
                0x02002210                cardSpiSetHandler
                0x0200224c                cardSpiEnable
                0x0200226c                cardSpiDisable
                0x02002288                cardSpiTransfer
                0x020022d0                cardSpiWriteBuffer
                0x02002390                cardSpiTransferBuffer
                0x02002474                poll_spi
                0x020024b4                getDebugChar
                0x02002540                putDebugChar
 .text          0x020025a0     0x15ec gdbStub.o
                0x02002a04                getRegister
                0x02002a7c                putRegister
                0x02002ad0                getRegisterAsBytes
                0x02002b34                putRegisterAsBytes
                0x02003944                initDebug
                0x02003b68                waitInput
 .text          0x02003b8c       0x44 heap_3.o
                0x02003b8c                pvPortMalloc
                0x02003bb0                vPortFree
 .text          0x02003bd0      0x16c port.o
                0x02003bd0                pxPortInitialiseStack
                0x02003cec                xPortStartScheduler
                0x02003d00                vPortEndScheduler
 .text          0x02003d3c       0x48 portISR.o
                0x02003d3c                vPortISRStartFirstTask
                0x02003d44                vPortEnterCritical
                0x02003d5c                vPortExitCritical
 .text          0x02003d84      0x99c sevencore_io.o
                0x0200420c                draw7SEGMENT
                0x02004500                init_virtual_io
                0x020045c0                init_printf
                0x0200461c                readb_virtual_io
                0x02004670                writeb_virtual_io
                0x0200471c                close_virtual_io
 .text          0x02004720      0x6f4 Exp_Homework.o
                0x02004720                draw_my_box
                0x02004794                draw_my_wall
                0x02004838                select_my_wall
                0x020048cc                set_color
                0x02004918                write_puzzle
                0x020049c4                Exp_8_Homework_A
                0x02004a74                Exp_8_Homework_B
                0x02004ab8                Ball_Task
                0x02004c2c                key_init
                0x02004c60                kbhit
                0x02004c94                getkey
                0x02004cc0                Key_Task
 .text          0x02004e14      0x298 main.o
                0x02004fbc                main
                0x02005074                InitDebug
 *fill*         0x020050ac        0x4 ff
 .text          0x020050b0       0xf0 gdbStubAsm.o
                0x020050b0                BreakPoint
                0x020050b8                ICInvalidateAll
                0x020050c4                DCFlushAll
                0x020050f0                enable_IRQs
                0x020050fc                disable_IRQs
                0x02005108                getSPSR
                0x02005110                setBankedReg
                0x02005134                setRegs
                0x0200513c                getPC
                0x02005144                test_func
                0x02005168                v5T_semantics_asm
                0x02005170                add
                0x02005180                mul
 .text          0x020051a0      0x140 port_asm.o
                0x020051a0                vPortDisableInterruptsFromThumb
                0x020051b8                vPortEnableInterruptsFromThumb
                0x020051d0                portRESTORE_CONTEXT_FIRST
                0x020051e8                portRESTORE_CONTEXT
                0x02005220                vPreemptiveTick
                0x0200527c                vPortYIELD
 .text          0x020052e0      0x2e8 /home/hansung/ndsdev/devkitPro/libnds/lib/libnds9.a(background.o)
                0x020052e0                bgIsText
                0x020052ec                checkIfText
                0x02005344                bgUpdate
                0x02005438                bgInit_call
                0x020054fc                bgInitSub_call
 .text          0x020055c8      0xa4c /home/hansung/ndsdev/devkitPro/libnds/lib/libnds9.a(console.o)
                0x02005668                nocash_write
                0x02005678                consoleGetDefault
                0x02005684                consoleSelect
                0x02005694                consoleDebugInit
                0x020056e4                consolePrintChar
                0x020058b0                consoleLoadFont
                0x02005b38                consoleSetFont
                0x02005b58                consoleInit
                0x02005cc0                consoleDemoInit
                0x02005d04                con_write
                0x02005fe0                consoleClear
                0x02005ff0                consoleSetWindow
 .text          0x02006014       0x84 /home/hansung/ndsdev/devkitPro/libnds/lib/libnds9.a(decompress.o)
                0x02006014                getHeader
                0x02006018                readByte
                0x0200601c                decompress
                0x0200605c                decompressStream
 .text          0x02006098       0x28 /home/hansung/ndsdev/devkitPro/libnds/lib/libnds9.a(exceptions.o)
                0x02006098                setExceptionHandler
 .text          0x020060c0       0xf4 /home/hansung/ndsdev/devkitPro/libnds/lib/libnds9.a(keys.o)
                0x020060c0                scanKeys
                0x0200612c                keysHeld
                0x02006138                keysDown
                0x02006148                keysDownRepeat
                0x02006158                keysSetRepeat
                0x02006170                keysUp
                0x02006180                keysCurrent
 .text          0x020061b4       0x24 /home/hansung/ndsdev/devkitPro/libnds/lib/libnds9.a(sassert.o)
                0x020061b4                __sassert
 .text          0x020061d8       0x4c /home/hansung/ndsdev/devkitPro/libnds/lib/libnds9.a(touch.o)
                0x020061d8                touchRead
                0x02006200                touchReadXY
 .text          0x02006224      0x244 /home/hansung/ndsdev/devkitPro/libnds/lib/libnds9.a(trig.o)
                0x02006224                asinComp
                0x0200624c                sinLutLookup
                0x02006288                sinLerp
                0x020062c0                cosLerp
                0x020062d4                tanLutLookup
                0x0200630c                tanLerp
                0x020063b0                asinLerp
                0x0200642c                acosLerp
                0x02006440                atanComp
 .text          0x02006468     0x15cc /home/hansung/ndsdev/devkitPro/libnds/lib/libnds9.a(videoGL.o)
                0x02006468                glGetGlobals
                0x02006470                glRotatef32i
                0x02006744                glMaterialf
                0x020067b0                glTexCoord2f32
                0x02006824                vramBlock_init
                0x02006890                vramBlock_Construct
                0x020068b8                vramBlock_terminate
                0x020068e0                vramBlock_Deconstruct
                0x020068f4                vramBlock__allocateBlock
                0x02006a60                vramBlock__deallocateBlock
                0x02006bbc                vramBlock_examineSpecial
                0x02006ddc                vramBlock_allocateSpecial
                0x02006e48                vramBlock_allocateBlock
                0x02006e7c                vramBlock_deallocateBlock
                0x02006ebc                vramBlock_deallocateAll
                0x02006ecc                vramBlock_getAddr
                0x02006ee0                vramBlock_getSize
                0x02006ef4                glInit_C
                0x0200709c                glResetTextures
                0x02007124                removePaletteFromTexture
                0x02007194                glGenTextures
                0x02007230                glDeleteTextures
                0x02007300                vramGetBank
                0x020073c0                glBindTexture
                0x02007420                glColorTableEXT
                0x020075a0                glColorSubTableEXT
                0x020075f0                glGetColorTableEXT
                0x0200762c                glAssignColorTable
                0x020076a0                glTexParameter
                0x020076d8                glGetTexturePointer
                0x020076f8                glGetTexParameter
                0x02007718                glGetColorTableParameterEXT
                0x02007750                glTexImage2D
 .text          0x02007a34      0x140 /home/hansung/ndsdev/devkitPro/libnds/lib/libnds9.a(initSystem.o)
                0x02007a34                initSystem
 .text          0x02007b74      0xc58 /home/hansung/ndsdev/devkitPro/libnds/lib/libnds9.a(fifosystem.o)
                0x02007dc8                fifoSendAddress
                0x02007df4                fifoSendValue32
                0x02007e34                fifoSendDatamsg
                0x02007ea4                fifoGetAddress
                0x02007f1c                fifoSetAddressHandler
                0x02007f90                fifoGetValue32
                0x02008004                fifoSetValue32Handler
                0x02008078                fifoGetDatamsg
                0x020084fc                fifoSetDatamsgHandler
                0x02008594                fifoCheckAddress
                0x020085b8                fifoCheckDatamsg
                0x020085dc                fifoCheckValue32
                0x02008600                fifoInit
 .text          0x020087cc      0x1ec /home/hansung/ndsdev/devkitPro/libnds/lib/libnds9.a(interrupts.o)
                0x020087cc                irqDummy
                0x020087d0                irqSet
                0x0200883c                irqInit
                0x02008888                irqInitHandler
                0x020088b8                irqEnable
                0x0200891c                irqDisable
                0x02008980                irqClear
 .text          0x020089b8       0x58 /home/hansung/ndsdev/devkitPro/libnds/lib/libnds9.a(libnds_exit.arm.o)
                0x020089b8                systemErrorExit
                0x020089bc                __libnds_exit
 .text          0x02008a10       0x1c /home/hansung/ndsdev/devkitPro/libnds/lib/libnds9.a(syscalls.o)
                0x02008a10                swiDecompressLZSSVram
 .text          0x02008a2c       0xdc /home/hansung/ndsdev/devkitPro/libnds/lib/libnds9.a(exceptionHandler.o)
                0x02008a2c                getCPSR
                0x02008a34                enterException
                0x02008aa8                exceptionC
                0x02008aac                exceptionStack
                0x02008ab0                exceptionRegisters
 .text          0x02008b08      0x1b4 /home/hansung/ndsdev/devkitPro/libnds/lib/libnds9.a(mpu_setup.o)
                0x02008b08                __libnds_mpu_setup
                0x02008c48                memCached
                0x02008c60                memUncached
 *fill*         0x02008cbc        0x4 ff
 .text          0x02008cc0       0x70 /home/hansung/ndsdev/devkitPro/libnds/lib/libnds9.a(biosCalls.o)
                0x02008cc0                swiDelay
                0x02008cc4                swiIntrWait
                0x02008cc8                swiWaitForVBlank
                0x02008ccc                swiSleep
                0x02008cd0                swiChangeSoundBias
                0x02008cd4                swiDivide
                0x02008cd8                swiRemainder
                0x02008cde                swiDivMod
                0x02008cea                swiCopy
                0x02008cee                swiFastCopy
                0x02008cf2                swiSqrt
                0x02008cf6                swiCRC16
                0x02008cfa                swiIsDebugger
                0x02008cfe                swiUnpackBits
                0x02008d02                swiDecompressLZSSWram
                0x02008d06                swiDecompressLZSSVramNTR
                0x02008d0a                swiDecompressLZSSVramTWL
                0x02008d0e                swiDecompressHuffman
                0x02008d12                swiDecompressRLEWram
                0x02008d16                swiDecompressRLEVram
                0x02008d1a                swiWaitForIRQ
                0x02008d1e                swiDecodeDelta8
                0x02008d22                swiDecodeDelta16
                0x02008d26                swiSetHaltCR
 .text          0x02008d30       0xa4 /home/hansung/ndsdev/devkitPro/libnds/lib/libnds9.a(debugprint.o)
                0x02008d30                nocashWrite
                0x02008d32                nocashMessage
 .text          0x02008dd4        0x0 /home/hansung/ndsdev/devkitPro/libnds/lib/libnds9.a(interruptDispatcher.o)
 *fill*         0x02008dd4        0xc ff
 .text          0x02008de0       0x30 /home/hansung/ndsdev/devkitPro/libnds/lib/libnds9.a(swiSoftReset.o)
                0x02008de0                swiSoftReset
 .text          0x02008e10        0x0 /home/hansung/ndsdev/devkitPro/libnds/lib/libnds9.a(default_font.bin.o)
 .text          0x02008e10       0x8c /home/hansung/ndsdev/devkitPro/libnds/lib/libnds9.a(dynamicArray.o)
                0x02008e10                DynamicArrayInit
                0x02008e28                DynamicArrayDelete
                0x02008e3c                DynamicArrayGet
                0x02008e54                DynamicArraySet
 .text          0x02008e9c      0x128 /home/hansung/ndsdev/devkitPro/libnds/lib/libnds9.a(system.o)
                0x02008e9c                setSDcallback
                0x02008ea8                systemMsgHandler
                0x02008eec                systemSleep
                0x02008f04                systemValueHandler
                0x02008f40                powerOn
                0x02008f6c                powerOff
                0x02008f94                ledBlink
                0x02008fa4                getBatteryLevel
 .text          0x02008fc4      0x1f8 /home/hansung/ndsdev/devkitPro/libnds/lib/libnds9.a(video.o)
                0x02008fc4                vramSetPrimaryBanks
                0x02009008                vramSetMainBanks
                0x0200904c                vramSetBanks_EFG
                0x02009084                vramRestorePrimaryBanks
                0x02009090                vramRestoreMainBanks
                0x0200909c                vramRestoreBanks_EFG
                0x020090a8                setBrightness
                0x020090e8                vramDefault
 .text          0x020091bc      0x11c /home/hansung/ndsdev/devkitPro/devkitARM/bin/../lib/gcc/arm-none-eabi/4.7.1/thumb/libgcc.a(_udivsi3.o)
                0x020091bc                __udivsi3
                0x020091bc                __aeabi_uidiv
                0x020092b8                __aeabi_uidivmod
 .text          0x020092d8      0x150 /home/hansung/ndsdev/devkitPro/devkitARM/bin/../lib/gcc/arm-none-eabi/4.7.1/thumb/libgcc.a(_divsi3.o)
                0x020092d8                __aeabi_idiv
                0x020092d8                __divsi3
                0x02009408                __aeabi_idivmod
 .text          0x02009428        0x4 /home/hansung/ndsdev/devkitPro/devkitARM/bin/../lib/gcc/arm-none-eabi/4.7.1/thumb/libgcc.a(_dvmd_tls.o)
                0x02009428                __aeabi_ldiv0
                0x02009428                __aeabi_idiv0
 .text          0x0200942c       0x4c /home/hansung/ndsdev/devkitPro/devkitARM/bin/../lib/gcc/arm-none-eabi/4.7.1/thumb/libgcc.a(_muldi3.o)
                0x0200942c                __aeabi_lmul
                0x0200942c                __muldi3
 .text          0x02009478       0x64 /home/hansung/ndsdev/devkitPro/devkitARM/bin/../lib/gcc/arm-none-eabi/4.7.1/../../../../arm-none-eabi/lib/thumb/libg.a(lib_a-bsearch.o)
                0x02009478                bsearch
 .text          0x020094dc        0x0 /home/hansung/ndsdev/devkitPro/devkitARM/bin/../lib/gcc/arm-none-eabi/4.7.1/../../../../arm-none-eabi/lib/thumb/libg.a(lib_a-impure.o)
 .text          0x020094dc       0x54 /home/hansung/ndsdev/devkitPro/devkitARM/bin/../lib/gcc/arm-none-eabi/4.7.1/../../../../arm-none-eabi/lib/thumb/libg.a(lib_a-init.o)
                0x020094dc                __libc_init_array
 .text          0x02009530       0x40 /home/hansung/ndsdev/devkitPro/devkitARM/bin/../lib/gcc/arm-none-eabi/4.7.1/../../../../arm-none-eabi/lib/thumb/libg.a(lib_a-iprintf.o)
                0x02009530                iprintf
                0x02009554                _iprintf_r
 .text          0x02009570       0x30 /home/hansung/ndsdev/devkitPro/devkitARM/bin/../lib/gcc/arm-none-eabi/4.7.1/../../../../arm-none-eabi/lib/thumb/libg.a(lib_a-malloc.o)
                0x02009570                malloc
                0x02009588                free
 .text          0x020095a0      0x51c /home/hansung/ndsdev/devkitPro/devkitARM/bin/../lib/gcc/arm-none-eabi/4.7.1/../../../../arm-none-eabi/lib/thumb/libg.a(lib_a-mallocr.o)
                0x020095a0                _malloc_r
 .text          0x02009abc       0x90 /home/hansung/ndsdev/devkitPro/devkitARM/bin/../lib/gcc/arm-none-eabi/4.7.1/../../../../arm-none-eabi/lib/thumb/libg.a(lib_a-memcpy-stub.o)
                0x02009abc                memcpy
 .text          0x02009b4c       0x98 /home/hansung/ndsdev/devkitPro/devkitARM/bin/../lib/gcc/arm-none-eabi/4.7.1/../../../../arm-none-eabi/lib/thumb/libg.a(lib_a-memset.o)
                0x02009b4c                memset
 .text          0x02009be4        0x8 /home/hansung/ndsdev/devkitPro/devkitARM/bin/../lib/gcc/arm-none-eabi/4.7.1/../../../../arm-none-eabi/lib/thumb/libg.a(lib_a-mlock.o)
                0x02009be4                __malloc_lock
                0x02009be8                __malloc_unlock
 *fill*         0x02009bec        0x4 ff
 .text          0x02009bf0       0x50 /home/hansung/ndsdev/devkitPro/devkitARM/bin/../lib/gcc/arm-none-eabi/4.7.1/../../../../arm-none-eabi/lib/thumb/libg.a(lib_a-rand.o)
                0x02009bf0                srand
                0x02009c04                rand
 .text          0x02009c40       0x1c /home/hansung/ndsdev/devkitPro/devkitARM/bin/../lib/gcc/arm-none-eabi/4.7.1/../../../../arm-none-eabi/lib/thumb/libg.a(lib_a-realloc.o)
                0x02009c40                realloc
 .text          0x02009c5c      0x3e8 /home/hansung/ndsdev/devkitPro/devkitARM/bin/../lib/gcc/arm-none-eabi/4.7.1/../../../../arm-none-eabi/lib/thumb/libg.a(lib_a-reallocr.o)
                0x02009c5c                _realloc_r
 .text          0x0200a044      0x120 /home/hansung/ndsdev/devkitPro/devkitARM/bin/../lib/gcc/arm-none-eabi/4.7.1/../../../../arm-none-eabi/lib/thumb/libg.a(lib_a-setvbuf.o)
                0x0200a044                setvbuf
 .text          0x0200a164       0xa0 /home/hansung/ndsdev/devkitPro/devkitARM/bin/../lib/gcc/arm-none-eabi/4.7.1/../../../../arm-none-eabi/lib/thumb/libg.a(lib_a-siscanf.o)
                0x0200a164                siscanf
                0x0200a1b4                _siscanf_r
 .text          0x0200a204       0x84 /home/hansung/ndsdev/devkitPro/devkitARM/bin/../lib/gcc/arm-none-eabi/4.7.1/../../../../arm-none-eabi/lib/thumb/libg.a(lib_a-sprintf.o)
                0x0200a204                _sprintf_r
                0x0200a244                sprintf
 .text          0x0200a288       0xac /home/hansung/ndsdev/devkitPro/devkitARM/bin/../lib/gcc/arm-none-eabi/4.7.1/../../../../arm-none-eabi/lib/thumb/libg.a(lib_a-stdio.o)
                0x0200a288                __sread
                0x0200a2b4                __seofread
                0x0200a2b8                __swrite
                0x0200a2f4                __sseek
                0x0200a324                __sclose
 .text          0x0200a334       0x50 /home/hansung/ndsdev/devkitPro/devkitARM/bin/../lib/gcc/arm-none-eabi/4.7.1/../../../../arm-none-eabi/lib/thumb/libg.a(lib_a-strcat.o)
                0x0200a334                strcat
 .text          0x0200a384       0x10 /home/hansung/ndsdev/devkitPro/devkitARM/bin/../lib/gcc/arm-none-eabi/4.7.1/../../../../arm-none-eabi/lib/thumb/libg.a(lib_a-strcpy.o)
                0x0200a384                strcpy
 .text          0x0200a394       0x10 /home/hansung/ndsdev/devkitPro/devkitARM/bin/../lib/gcc/arm-none-eabi/4.7.1/../../../../arm-none-eabi/lib/thumb/libg.a(lib_a-strlen.o)
                0x0200a394                strlen
 .text          0x0200a3a4       0x60 /home/hansung/ndsdev/devkitPro/devkitARM/bin/../lib/gcc/arm-none-eabi/4.7.1/../../../../arm-none-eabi/lib/thumb/libg.a(lib_a-strncpy.o)
                0x0200a3a4                strncpy
 .text          0x0200a404      0xa98 /home/hansung/ndsdev/devkitPro/devkitARM/bin/../lib/gcc/arm-none-eabi/4.7.1/../../../../arm-none-eabi/lib/thumb/libg.a(lib_a-svfiscanf.o)
                0x0200a404                _sungetc_r
                0x0200a48c                __ssrefill_r
                0x0200a4d0                _sfread_r
                0x0200a55c                __ssvfiscanf_r
 *fill*         0x0200ae9c        0x4 ff
 .text          0x0200aea0     0x1728 /home/hansung/ndsdev/devkitPro/devkitARM/bin/../lib/gcc/arm-none-eabi/4.7.1/../../../../arm-none-eabi/lib/thumb/libg.a(lib_a-svfprintf.o)
                0x0200aea0                _svfprintf_r
 .text          0x0200c5c8       0x30 /home/hansung/ndsdev/devkitPro/devkitARM/bin/../lib/gcc/arm-none-eabi/4.7.1/../../../../arm-none-eabi/lib/thumb/libg.a(lib_a-time.o)
                0x0200c5c8                time
 .text          0x0200c5f8      0x188 /home/hansung/ndsdev/devkitPro/devkitARM/bin/../lib/gcc/arm-none-eabi/4.7.1/../../../../arm-none-eabi/lib/thumb/libg.a(lib_a-ungetc.o)
                0x0200c5f8                __submore
                0x0200c680                _ungetc_r
                0x0200c764                ungetc
 .text          0x0200c780      0xed4 /home/hansung/ndsdev/devkitPro/devkitARM/bin/../lib/gcc/arm-none-eabi/4.7.1/../../../../arm-none-eabi/lib/thumb/libg.a(lib_a-vfiprintf.o)
                0x0200c780                __sprint_r
                0x0200c804                _vfiprintf_r
                0x0200d630                vfiprintf
 .text          0x0200d654       0xe8 /home/hansung/ndsdev/devkitPro/devkitARM/bin/../lib/gcc/arm-none-eabi/4.7.1/../../../../arm-none-eabi/lib/thumb/libg.a(lib_a-wcrtomb.o)
                0x0200d654                _wcrtomb_r
                0x0200d6bc                wcrtomb
 .text          0x0200d73c       0x40 /home/hansung/ndsdev/devkitPro/devkitARM/bin/../lib/gcc/arm-none-eabi/4.7.1/../../../../arm-none-eabi/lib/thumb/libg.a(lib_a-wcsrtombs.o)
                0x0200d73c                _wcsrtombs_r
                0x0200d754                wcsrtombs
 .text          0x0200d77c      0x2a4 /home/hansung/ndsdev/devkitPro/devkitARM/bin/../lib/gcc/arm-none-eabi/4.7.1/../../../../arm-none-eabi/lib/thumb/libg.a(lib_a-wctomb_r.o)
                0x0200d77c                __utf8_wctomb
                0x0200d830                _wctomb_r
                0x0200d868                __ascii_wctomb
                0x0200d888                __sjis_wctomb
                0x0200d904                __eucjp_wctomb
                0x0200d9a0                __jis_wctomb
 .text          0x0200da20       0xd0 /home/hansung/ndsdev/devkitPro/devkitARM/bin/../lib/gcc/arm-none-eabi/4.7.1/../../../../arm-none-eabi/lib/thumb/libg.a(lib_a-wsetup.o)
                0x0200da20                __swsetup_r
 .text          0x0200daf0       0x10 /home/hansung/ndsdev/devkitPro/devkitARM/bin/../lib/gcc/arm-none-eabi/4.7.1/../../../../arm-none-eabi/lib/thumb/libg.a(lib_a-ctype_.o)
                0x0200daf0                __set_ctype
 .text          0x0200db00     0x10a0 /home/hansung/ndsdev/devkitPro/devkitARM/bin/../lib/gcc/arm-none-eabi/4.7.1/../../../../arm-none-eabi/lib/thumb/libg.a(lib_a-dtoa.o)
                0x0200dc58                _dtoa_r
 .text          0x0200eba0      0x1b8 /home/hansung/ndsdev/devkitPro/devkitARM/bin/../lib/gcc/arm-none-eabi/4.7.1/../../../../arm-none-eabi/lib/thumb/libg.a(lib_a-fflush.o)
                0x0200eba0                __sflush_r
                0x0200ecf8                _fflush_r
                0x0200ed28                fflush
 .text          0x0200ed58      0x1d8 /home/hansung/ndsdev/devkitPro/devkitARM/bin/../lib/gcc/arm-none-eabi/4.7.1/../../../../arm-none-eabi/lib/thumb/libg.a(lib_a-findfp.o)
                0x0200ed60                _cleanup_r
                0x0200edc0                __sfmoreglue
                0x0200edf0                _cleanup
                0x0200ee04                __sinit
                0x0200ee58                __sfp
                0x0200eee8                __sfp_lock_acquire
                0x0200eeec                __sfp_lock_release
                0x0200eef0                __sinit_lock_acquire
                0x0200eef4                __sinit_lock_release
                0x0200eef8                __fp_lock_all
                0x0200ef14                __fp_unlock_all
 .text          0x0200ef30      0x104 /home/hansung/ndsdev/devkitPro/devkitARM/bin/../lib/gcc/arm-none-eabi/4.7.1/../../../../arm-none-eabi/lib/thumb/libg.a(lib_a-fputwc.o)
                0x0200ef30                _fputwc_r
                0x0200f008                fputwc
 .text          0x0200f034      0x238 /home/hansung/ndsdev/devkitPro/devkitARM/bin/../lib/gcc/arm-none-eabi/4.7.1/../../../../arm-none-eabi/lib/thumb/libg.a(lib_a-freer.o)
                0x0200f034                _malloc_trim_r
                0x0200f0d8                _free_r
 .text          0x0200f26c      0x2fc /home/hansung/ndsdev/devkitPro/devkitARM/bin/../lib/gcc/arm-none-eabi/4.7.1/../../../../arm-none-eabi/lib/thumb/libg.a(lib_a-fvwrite.o)
                0x0200f26c                __sfvwrite_r
 .text          0x0200f568       0xb4 /home/hansung/ndsdev/devkitPro/devkitARM/bin/../lib/gcc/arm-none-eabi/4.7.1/../../../../arm-none-eabi/lib/thumb/libg.a(lib_a-fwalk.o)
                0x0200f568                _fwalk
                0x0200f5bc                _fwalk_reent
 .text          0x0200f61c       0x78 /home/hansung/ndsdev/devkitPro/devkitARM/bin/../lib/gcc/arm-none-eabi/4.7.1/../../../../arm-none-eabi/lib/thumb/libg.a(lib_a-iswspace.o)
                0x0200f61c                iswspace
 .text          0x0200f694      0x1f0 /home/hansung/ndsdev/devkitPro/devkitARM/bin/../lib/gcc/arm-none-eabi/4.7.1/../../../../arm-none-eabi/lib/thumb/libg.a(lib_a-jp2uc.o)
                0x0200f820                _jp2uc
 .text          0x0200f884      0x950 /home/hansung/ndsdev/devkitPro/devkitARM/bin/../lib/gcc/arm-none-eabi/4.7.1/../../../../arm-none-eabi/lib/thumb/libg.a(lib_a-locale.o)
                0x0200ff78                _setlocale_r
                0x02010174                __locale_charset
                0x0201017c                __locale_mb_cur_max
                0x02010188                __locale_msgcharset
                0x02010194                __locale_cjk_lang
                0x020101a0                _localeconv_r
                0x020101ac                setlocale
                0x020101c8                localeconv
 .text          0x020101d4       0xe0 /home/hansung/ndsdev/devkitPro/devkitARM/bin/../lib/gcc/arm-none-eabi/4.7.1/../../../../arm-none-eabi/lib/thumb/libg.a(lib_a-makebuf.o)
                0x020101d4                __smakebuf_r
 .text          0x020102b4      0x104 /home/hansung/ndsdev/devkitPro/devkitARM/bin/../lib/gcc/arm-none-eabi/4.7.1/../../../../arm-none-eabi/lib/thumb/libg.a(lib_a-mbrtowc.o)
                0x020102b4                _mbrtowc_r
                0x0201032c                mbrtowc
 .text          0x020103b8      0x584 /home/hansung/ndsdev/devkitPro/devkitARM/bin/../lib/gcc/arm-none-eabi/4.7.1/../../../../arm-none-eabi/lib/thumb/libg.a(lib_a-mbtowc_r.o)
                0x020103b8                __utf8_mbtowc
                0x02010618                _mbtowc_r
                0x02010654                __ascii_mbtowc
                0x02010684                __sjis_mbtowc
                0x02010744                __eucjp_mbtowc
                0x0201080c                __jis_mbtowc
 .text          0x0201093c       0x98 /home/hansung/ndsdev/devkitPro/devkitARM/bin/../lib/gcc/arm-none-eabi/4.7.1/../../../../arm-none-eabi/lib/thumb/libg.a(lib_a-memchr-stub.o)
                0x0201093c                memchr
 .text          0x020109d4       0xb0 /home/hansung/ndsdev/devkitPro/devkitARM/bin/../lib/gcc/arm-none-eabi/4.7.1/../../../../arm-none-eabi/lib/thumb/libg.a(lib_a-memmove.o)
                0x020109d4                memmove
 *fill*         0x02010a84        0x4 ff
 .text          0x02010a88      0x978 /home/hansung/ndsdev/devkitPro/devkitARM/bin/../lib/gcc/arm-none-eabi/4.7.1/../../../../arm-none-eabi/lib/thumb/libg.a(lib_a-mprec.o)
                0x02010a88                _Balloc
                0x02010adc                _Bfree
                0x02010af4                __multadd
                0x02010ba0                __s2b
                0x02010c3c                __hi0bits
                0x02010c74                __lo0bits
                0x02010cd4                __i2b
                0x02010cec                __multiply
                0x02010e50                __pow5mult
                0x02010f00                __lshift
                0x02010fd0                __mcmp
                0x0201100c                __mdiff
                0x020110fc                __ulp
                0x02011144                __b2d
                0x020111e8                __d2b
                0x020112a0                __ratio
                0x0201131c                _mprec_log10
                0x0201135c                __copybits
                0x020113a4                __any_on
 .text          0x02011400       0x7c /home/hansung/ndsdev/devkitPro/devkitARM/bin/../lib/gcc/arm-none-eabi/4.7.1/../../../../arm-none-eabi/lib/thumb/libg.a(lib_a-sccl.o)
                0x02011400                __sccl
 .text          0x0201147c       0x5c /home/hansung/ndsdev/devkitPro/devkitARM/bin/../lib/gcc/arm-none-eabi/4.7.1/../../../../arm-none-eabi/lib/thumb/libg.a(lib_a-s_fpclassify.o)
                0x0201147c                __fpclassifyd
 .text          0x020114d8       0x50 /home/hansung/ndsdev/devkitPro/devkitARM/bin/../lib/gcc/arm-none-eabi/4.7.1/../../../../arm-none-eabi/lib/thumb/libg.a(lib_a-strcasecmp.o)
                0x020114d8                strcasecmp
 .text          0x02011528       0xd4 /home/hansung/ndsdev/devkitPro/devkitARM/bin/../lib/gcc/arm-none-eabi/4.7.1/../../../../arm-none-eabi/lib/thumb/libg.a(lib_a-strchr.o)
                0x02011528                strchr
 .text          0x020115fc       0x14 /home/hansung/ndsdev/devkitPro/devkitARM/bin/../lib/gcc/arm-none-eabi/4.7.1/../../../../arm-none-eabi/lib/thumb/libg.a(lib_a-strcmp.o)
                0x020115fc                strcmp
 .text          0x02011610       0x48 /home/hansung/ndsdev/devkitPro/devkitARM/bin/../lib/gcc/arm-none-eabi/4.7.1/../../../../arm-none-eabi/lib/thumb/libg.a(lib_a-strlcpy.o)
                0x02011610                strlcpy
 .text          0x02011658       0x60 /home/hansung/ndsdev/devkitPro/devkitARM/bin/../lib/gcc/arm-none-eabi/4.7.1/../../../../arm-none-eabi/lib/thumb/libg.a(lib_a-strncasecmp.o)
                0x02011658                strncasecmp
 .text          0x020116b8       0xbc /home/hansung/ndsdev/devkitPro/devkitARM/bin/../lib/gcc/arm-none-eabi/4.7.1/../../../../arm-none-eabi/lib/thumb/libg.a(lib_a-strncmp.o)
                0x020116b8                strncmp
 *fill*         0x02011774        0x4 ff
 .text          0x02011778      0x208 /home/hansung/ndsdev/devkitPro/devkitARM/bin/../lib/gcc/arm-none-eabi/4.7.1/../../../../arm-none-eabi/lib/thumb/libg.a(lib_a-strtoll_r.o)
                0x02011778                _strtoll_r
 .text          0x02011980      0x190 /home/hansung/ndsdev/devkitPro/devkitARM/bin/../lib/gcc/arm-none-eabi/4.7.1/../../../../arm-none-eabi/lib/thumb/libg.a(lib_a-strtol.o)
                0x02011980                _strtol_r
                0x02011af0                strtol
 .text          0x02011b10      0x238 /home/hansung/ndsdev/devkitPro/devkitARM/bin/../lib/gcc/arm-none-eabi/4.7.1/../../../../arm-none-eabi/lib/thumb/libg.a(lib_a-strtoull_r.o)
                0x02011b10                _strtoull_r
 .text          0x02011d48      0x198 /home/hansung/ndsdev/devkitPro/devkitARM/bin/../lib/gcc/arm-none-eabi/4.7.1/../../../../arm-none-eabi/lib/thumb/libg.a(lib_a-strtoul.o)
                0x02011d48                _strtoul_r
                0x02011ec0                strtoul
 .text          0x02011ee0      0xeb4 /home/hansung/ndsdev/devkitPro/devkitARM/bin/../lib/gcc/arm-none-eabi/4.7.1/../../../../arm-none-eabi/lib/thumb/libg.a(lib_a-svfiprintf.o)
                0x02011ee0                __ssprint_r
                0x02012010                _svfiprintf_r
 .text          0x02012d94       0xd0 /home/hansung/ndsdev/devkitPro/devkitARM/bin/../lib/gcc/arm-none-eabi/4.7.1/../../../../arm-none-eabi/lib/thumb/libg.a(lib_a-wbuf.o)
                0x02012d94                __swbuf_r
                0x02012e48                __swbuf
 .text          0x02012e64      0x150 /home/hansung/ndsdev/devkitPro/devkitARM/bin/../lib/gcc/arm-none-eabi/4.7.1/../../../../arm-none-eabi/lib/thumb/libg.a(lib_a-wcsnrtombs.o)
                0x02012e64                _wcsnrtombs_r
                0x02012f84                wcsnrtombs
 .text          0x02012fb4       0x64 /home/hansung/ndsdev/devkitPro/devkitARM/bin/../lib/gcc/arm-none-eabi/4.7.1/../../../../arm-none-eabi/lib/thumb/libg.a(lib_a-callocr.o)
                0x02012fb4                _calloc_r
 .text          0x02013018       0xb0 /home/hansung/ndsdev/devkitPro/devkitARM/bin/../lib/gcc/arm-none-eabi/4.7.1/../../../../arm-none-eabi/lib/thumb/libg.a(lib_a-fclose.o)
                0x02013018                _fclose_r
                0x020130ac                fclose
 .text          0x020130c8       0xa8 /home/hansung/ndsdev/devkitPro/devkitARM/bin/../lib/gcc/arm-none-eabi/4.7.1/../../../../arm-none-eabi/lib/thumb/libg.a(lib_a-getenv_r.o)
                0x020130c8                _findenv_r
                0x02013160                _getenv_r
 .text          0x02013170        0x0 /home/hansung/ndsdev/devkitPro/devkitARM/bin/../lib/gcc/arm-none-eabi/4.7.1/../../../../arm-none-eabi/lib/thumb/libg.a(lib_a-environ.o)
 .text          0x02013170        0x8 /home/hansung/ndsdev/devkitPro/devkitARM/bin/../lib/gcc/arm-none-eabi/4.7.1/../../../../arm-none-eabi/lib/thumb/libg.a(lib_a-envlock.o)
                0x02013170                __env_lock
                0x02013174                __env_unlock
 .text          0x02013178      0x144 /home/hansung/ndsdev/devkitPro/devkitARM/bin/../lib/gcc/arm-none-eabi/4.7.1/../../../../arm-none-eabi/lib/thumb/libsysbase.a(iosupport.o)
                0x02013178                setDefaultDevice
                0x0201318c                FindDevice
                0x020131fc                RemoveDevice
                0x02013220                AddDevice
                0x0201329c                GetDeviceOpTab
 .text          0x020132bc       0x50 /home/hansung/ndsdev/devkitPro/devkitARM/bin/../lib/gcc/arm-none-eabi/4.7.1/../../../../arm-none-eabi/lib/thumb/libsysbase.a(close.o)
                0x020132bc                _close_r
 .text          0x0201330c       0x50 /home/hansung/ndsdev/devkitPro/devkitARM/bin/../lib/gcc/arm-none-eabi/4.7.1/../../../../arm-none-eabi/lib/thumb/libsysbase.a(fstat.o)
                0x0201330c                _fstat_r
 .text          0x0201335c        0x4 /home/hansung/ndsdev/devkitPro/devkitARM/bin/../lib/gcc/arm-none-eabi/4.7.1/../../../../arm-none-eabi/lib/thumb/libsysbase.a(isatty.o)
                0x0201335c                _isatty_r
 .text          0x02013360       0x50 /home/hansung/ndsdev/devkitPro/devkitARM/bin/../lib/gcc/arm-none-eabi/4.7.1/../../../../arm-none-eabi/lib/thumb/libsysbase.a(lseek.o)
                0x02013360                _lseek_r
 .text          0x020133b0       0x50 /home/hansung/ndsdev/devkitPro/devkitARM/bin/../lib/gcc/arm-none-eabi/4.7.1/../../../../arm-none-eabi/lib/thumb/libsysbase.a(read.o)
                0x020133b0                _read_r
 .text          0x02013400       0x54 /home/hansung/ndsdev/devkitPro/devkitARM/bin/../lib/gcc/arm-none-eabi/4.7.1/../../../../arm-none-eabi/lib/thumb/libsysbase.a(sbrk.o)
                0x02013400                _sbrk_r
 .text          0x02013454       0x44 /home/hansung/ndsdev/devkitPro/devkitARM/bin/../lib/gcc/arm-none-eabi/4.7.1/../../../../arm-none-eabi/lib/thumb/libsysbase.a(times.o)
                0x02013454                _times
                0x02013468                _times_r
                0x02013470                _gettimeofday_r
 .text          0x02013498       0x58 /home/hansung/ndsdev/devkitPro/devkitARM/bin/../lib/gcc/arm-none-eabi/4.7.1/../../../../arm-none-eabi/lib/thumb/libsysbase.a(write.o)
                0x02013498                _write_r
 .text          0x020134f0        0x0 /home/hansung/ndsdev/devkitPro/devkitARM/bin/../lib/gcc/arm-none-eabi/4.7.1/../../../../arm-none-eabi/lib/thumb/libsysbase.a(malloc_vars.o)
 .text          0x020134f0       0x4c /home/hansung/ndsdev/devkitPro/devkitARM/bin/../lib/gcc/arm-none-eabi/4.7.1/../../../../arm-none-eabi/lib/thumb/libsysbase.a(build_argv.o)
                0x020134f0                build_argv
 .text          0x0201353c        0x0 /home/hansung/ndsdev/devkitPro/devkitARM/bin/../lib/gcc/arm-none-eabi/4.7.1/../../../../arm-none-eabi/lib/thumb/libsysbase.a(syscall_support.o)
 .text          0x0201353c       0x84 /home/hansung/ndsdev/devkitPro/devkitARM/bin/../lib/gcc/arm-none-eabi/4.7.1/../../../../arm-none-eabi/lib/thumb/libsysbase.a(handle_manager.o)
                0x0201353c                __release_handle
                0x02013568                __alloc_handle
                0x020135a0                __get_handle
 .text          0x020135c0      0x41c /home/hansung/ndsdev/devkitPro/devkitARM/bin/../lib/gcc/arm-none-eabi/4.7.1/thumb/libgcc.a(_arm_addsubdf3.o)
                0x020135c0                __aeabi_drsub
                0x020135c8                __aeabi_dsub
                0x020135c8                __subdf3
                0x020135cc                __adddf3
                0x020135cc                __aeabi_dadd
                0x020138dc                __aeabi_ui2d
                0x020138dc                __floatunsidf
                0x02013900                __floatsidf
                0x02013900                __aeabi_i2d
                0x02013928                __extendsfdf2
                0x02013928                __aeabi_f2d
                0x02013968                __aeabi_ul2d
                0x02013968                __floatundidf
                0x0201397c                __floatdidf
                0x0201397c                __aeabi_l2d
 .text          0x020139dc      0x49c /home/hansung/ndsdev/devkitPro/devkitARM/bin/../lib/gcc/arm-none-eabi/4.7.1/thumb/libgcc.a(_arm_muldivdf3.o)
                0x020139dc                __aeabi_dmul
                0x020139dc                __muldf3
                0x02013c6c                __aeabi_ddiv
                0x02013c6c                __divdf3
 .text          0x02013e78      0x144 /home/hansung/ndsdev/devkitPro/devkitARM/bin/../lib/gcc/arm-none-eabi/4.7.1/thumb/libgcc.a(_arm_cmpdf2.o)
                0x02013e78                __gtdf2
                0x02013e78                __gedf2
                0x02013e80                __ltdf2
                0x02013e80                __ledf2
                0x02013e88                __cmpdf2
                0x02013e88                __eqdf2
                0x02013e88                __nedf2
                0x02013f10                __aeabi_cdrcmple
                0x02013f2c                __aeabi_cdcmple
                0x02013f2c                __aeabi_cdcmpeq
                0x02013f44                __aeabi_dcmpeq
                0x02013f5c                __aeabi_dcmplt
                0x02013f74                __aeabi_dcmple
                0x02013f8c                __aeabi_dcmpge
                0x02013fa4                __aeabi_dcmpgt
 .text          0x02013fbc       0x5c /home/hansung/ndsdev/devkitPro/devkitARM/bin/../lib/gcc/arm-none-eabi/4.7.1/thumb/libgcc.a(_arm_fixdfsi.o)
                0x02013fbc                __fixdfsi
                0x02013fbc                __aeabi_d2iz
 .text          0x02014018       0x3c /home/hansung/ndsdev/devkitPro/devkitARM/bin/../lib/gcc/arm-none-eabi/4.7.1/thumb/libgcc.a(_aeabi_uldivmod.o)
                0x02014018                __aeabi_uldivmod
 .text          0x02014054       0x7c /home/hansung/ndsdev/devkitPro/devkitARM/bin/../lib/gcc/arm-none-eabi/4.7.1/thumb/libgcc.a(bpabi.o)
                0x02014054                __gnu_ldivmod_helper
                0x02014094                __gnu_uldivmod_helper
 .text          0x020140d0      0x3d4 /home/hansung/ndsdev/devkitPro/devkitARM/bin/../lib/gcc/arm-none-eabi/4.7.1/thumb/libgcc.a(_divdi3.o)
                0x020140d0                __divdi3
 .text          0x020144a4      0x3a0 /home/hansung/ndsdev/devkitPro/devkitARM/bin/../lib/gcc/arm-none-eabi/4.7.1/thumb/libgcc.a(_udivdi3.o)
                0x020144a4                __udivdi3
 .text          0x02014844       0x48 /home/hansung/ndsdev/devkitPro/devkitARM/bin/../lib/gcc/arm-none-eabi/4.7.1/thumb/libgcc.a(_clzsi2.o)
                0x02014844                __clzsi2
 .text          0x0201488c        0xc /home/hansung/ndsdev/devkitPro/devkitARM/bin/../lib/gcc/arm-none-eabi/4.7.1/../../../../arm-none-eabi/lib/thumb/libg.a(lib_a-errno.o)
                0x0201488c                __errno
 .text          0x02014898        0x0 /home/hansung/ndsdev/devkitPro/devkitARM/bin/../lib/gcc/arm-none-eabi/4.7.1/thumb/crtend.o
 .text          0x02014898        0x0 /home/hansung/ndsdev/devkitPro/devkitARM/bin/../lib/gcc/arm-none-eabi/4.7.1/thumb/crtn.o
 .text.stub     0x02014898      0x108 linker stubs
 *(.text.*)
 *(.stub)
 *(.gnu.warning)
 *(.gnu.linkonce.t*)
 *(.glue_7)
 .glue_7        0x00000000        0x0 linker stubs
 *(.glue_7t)
 .glue_7t       0x00000000        0x0 linker stubs
                0x020149a0                . = ALIGN (0x4)

.vfp11_veneer   0x020149b8        0x0
 .vfp11_veneer  0x00000000        0x0 linker stubs

.v4_bx          0x020149b8        0x0
 .v4_bx         0x00000000        0x0 linker stubs

.iplt           0x020149b8        0x0
 .iplt          0x00000000        0x0 /home/hansung/ndsdev/devkitPro/devkitARM/bin/../lib/gcc/arm-none-eabi/4.7.1/../../../../arm-none-eabi/lib/thumb/ds_arm9_crt0.o

.fini           0x020149b8        0xc
 *(.fini)
 .fini          0x020149b8        0x4 /home/hansung/ndsdev/devkitPro/devkitARM/bin/../lib/gcc/arm-none-eabi/4.7.1/thumb/crti.o
                0x020149b8                _fini
 .fini          0x020149bc        0x8 /home/hansung/ndsdev/devkitPro/devkitARM/bin/../lib/gcc/arm-none-eabi/4.7.1/thumb/crtn.o
                0x020149c4                __text_end = .

.rodata         0x020149c8     0xd030
 *(.rodata)
 .rodata        0x020149c8     0x3038 down.o
                0x020149c8                downBitmap
 .rodata        0x02017a00     0x2eac up.o
                0x02017a00                upBitmap
 .rodata        0x0201a8ac       0x20 tasks.o
 .rodata        0x0201a8cc      0x1b8 gdbStub.o
 .rodata        0x0201aa84      0x354 sevencore_io.o
 .rodata        0x0201add8       0x9c Exp_Homework.o
 .rodata        0x0201ae74      0x2d8 main.o
 .rodata        0x0201b14c      0x200 /home/hansung/ndsdev/devkitPro/libnds/lib/libnds9.a(console.o)
 .rodata        0x0201b34c       0x14 /home/hansung/ndsdev/devkitPro/libnds/lib/libnds9.a(decompress.o)
 .rodata        0x0201b360      0x308 /home/hansung/ndsdev/devkitPro/libnds/lib/libnds9.a(trig.o)
                0x0201b360                SIN_LUT
                0x0201b464                TAN_LUT
 .rodata        0x0201b668       0x8c /home/hansung/ndsdev/devkitPro/libnds/lib/libnds9.a(videoGL.o)
 .rodata        0x0201b6f4     0x2004 /home/hansung/ndsdev/devkitPro/libnds/lib/libnds9.a(default_font.bin.o)
                0x0201b6f4                default_font_bin
                0x0201d6f4                default_font_bin_end
                0x0201d6f4                default_font_bin_size
 .rodata        0x0201d6f8        0x4 /home/hansung/ndsdev/devkitPro/devkitARM/bin/../lib/gcc/arm-none-eabi/4.7.1/../../../../arm-none-eabi/lib/thumb/libg.a(lib_a-impure.o)
                0x0201d6f8                _global_impure_ptr
 .rodata        0x0201d6fc      0x340 /home/hansung/ndsdev/devkitPro/devkitARM/bin/../lib/gcc/arm-none-eabi/4.7.1/../../../../arm-none-eabi/lib/thumb/libg.a(lib_a-svfiscanf.o)
 .rodata        0x0201da3c      0x184 /home/hansung/ndsdev/devkitPro/devkitARM/bin/../lib/gcc/arm-none-eabi/4.7.1/../../../../arm-none-eabi/lib/thumb/libg.a(lib_a-svfprintf.o)
 .rodata        0x0201dbc0      0x184 /home/hansung/ndsdev/devkitPro/devkitARM/bin/../lib/gcc/arm-none-eabi/4.7.1/../../../../arm-none-eabi/lib/thumb/libg.a(lib_a-vfiprintf.o)
 .rodata        0x0201dd44      0x104 /home/hansung/ndsdev/devkitPro/devkitARM/bin/../lib/gcc/arm-none-eabi/4.7.1/../../../../arm-none-eabi/lib/thumb/libg.a(lib_a-ctype_.o)
                0x0201dd44                _ctype_
 .rodata        0x0201de48     0x34f0 /home/hansung/ndsdev/devkitPro/devkitARM/bin/../lib/gcc/arm-none-eabi/4.7.1/../../../../arm-none-eabi/lib/thumb/libg.a(lib_a-jp2uc.o)
 .rodata        0x02021338       0xf0 /home/hansung/ndsdev/devkitPro/devkitARM/bin/../lib/gcc/arm-none-eabi/4.7.1/../../../../arm-none-eabi/lib/thumb/libg.a(lib_a-locale.o)
 .rodata        0x02021428       0xa8 /home/hansung/ndsdev/devkitPro/devkitARM/bin/../lib/gcc/arm-none-eabi/4.7.1/../../../../arm-none-eabi/lib/thumb/libg.a(lib_a-mbtowc_r.o)
 .rodata        0x020214d0      0x128 /home/hansung/ndsdev/devkitPro/devkitARM/bin/../lib/gcc/arm-none-eabi/4.7.1/../../../../arm-none-eabi/lib/thumb/libg.a(lib_a-mprec.o)
                0x020214e0                __mprec_tens
                0x020215a8                __mprec_tinytens
                0x020215d0                __mprec_bigtens
 .rodata        0x020215f8      0x184 /home/hansung/ndsdev/devkitPro/devkitARM/bin/../lib/gcc/arm-none-eabi/4.7.1/../../../../arm-none-eabi/lib/thumb/libg.a(lib_a-svfiprintf.o)
 .rodata        0x0202177c       0x64 /home/hansung/ndsdev/devkitPro/devkitARM/bin/../lib/gcc/arm-none-eabi/4.7.1/../../../../arm-none-eabi/lib/thumb/libsysbase.a(iosupport.o)
                0x0202177c                dotab_stdnull
 *all.rodata*(*)
 *(.roda)
 *(.rodata.*)
 .rodata.str1.4
                0x020217e0       0x49 /home/hansung/ndsdev/devkitPro/libnds/lib/libnds9.a(console.o)
                                 0x4c (size before relaxing)
 *fill*         0x02021829        0x3 ff
 .rodata.str1.4
                0x0202182c       0x44 /home/hansung/ndsdev/devkitPro/libnds/lib/libnds9.a(sassert.o)
 .rodata.str1.4
                0x02021870        0x2 /home/hansung/ndsdev/devkitPro/devkitARM/bin/../lib/gcc/arm-none-eabi/4.7.1/../../../../arm-none-eabi/lib/thumb/libg.a(lib_a-impure.o)
                                  0x4 (size before relaxing)
 *fill*         0x02021872        0x2 ff
 .rodata.str1.4
                0x02021874       0x42 /home/hansung/ndsdev/devkitPro/devkitARM/bin/../lib/gcc/arm-none-eabi/4.7.1/../../../../arm-none-eabi/lib/thumb/libg.a(lib_a-svfprintf.o)
                                 0x44 (size before relaxing)
 .rodata.str1.4
                0x00000000       0x30 /home/hansung/ndsdev/devkitPro/devkitARM/bin/../lib/gcc/arm-none-eabi/4.7.1/../../../../arm-none-eabi/lib/thumb/libg.a(lib_a-vfiprintf.o)
 *fill*         0x020218b6        0x2 ff
 .rodata.str1.4
                0x020218b8       0x10 /home/hansung/ndsdev/devkitPro/devkitARM/bin/../lib/gcc/arm-none-eabi/4.7.1/../../../../arm-none-eabi/lib/thumb/libg.a(lib_a-dtoa.o)
                                 0x14 (size before relaxing)
 .rodata.str1.4
                0x020218c8       0x12 /home/hansung/ndsdev/devkitPro/devkitARM/bin/../lib/gcc/arm-none-eabi/4.7.1/../../../../arm-none-eabi/lib/thumb/libg.a(lib_a-jp2uc.o)
                                 0x14 (size before relaxing)
 *fill*         0x020218da        0x2 ff
 .rodata.str1.4
                0x020218dc      0x112 /home/hansung/ndsdev/devkitPro/devkitARM/bin/../lib/gcc/arm-none-eabi/4.7.1/../../../../arm-none-eabi/lib/thumb/libg.a(lib_a-locale.o)
                                0x130 (size before relaxing)
 .rodata.str1.4
                0x00000000        0x4 /home/hansung/ndsdev/devkitPro/devkitARM/bin/../lib/gcc/arm-none-eabi/4.7.1/../../../../arm-none-eabi/lib/thumb/libg.a(lib_a-mbrtowc.o)
 .rodata.str1.4
                0x00000000       0x30 /home/hansung/ndsdev/devkitPro/devkitARM/bin/../lib/gcc/arm-none-eabi/4.7.1/../../../../arm-none-eabi/lib/thumb/libg.a(lib_a-svfiprintf.o)
 *fill*         0x020219ee        0x2 ff
 .rodata.str1.4
                0x020219f0        0x8 /home/hansung/ndsdev/devkitPro/devkitARM/bin/../lib/gcc/arm-none-eabi/4.7.1/../../../../arm-none-eabi/lib/thumb/libsysbase.a(iosupport.o)
 *(.gnu.linkonce.r*)
                0x020219f8                . = ALIGN (0x4)

.rel.dyn        0x020219f8        0x0
 .rel.iplt      0x00000000        0x0 /home/hansung/ndsdev/devkitPro/devkitARM/bin/../lib/gcc/arm-none-eabi/4.7.1/../../../../arm-none-eabi/lib/thumb/ds_arm9_crt0.o

.ARM.extab
 *(.ARM.extab* .gnu.linkonce.armextab.*)
                0x020219f8                __exidx_start = .

ARM.exidx
 *(.ARM.exidx* .gnu.linkonce.armexidx.*)
                0x020219f8                __exidx_end = .
                0x020219f8                . = ALIGN (0x4)
                0x020219f8                PROVIDE (__preinit_array_start, .)

.preinit_array
 *(.preinit_array)
                0x020219f8                PROVIDE (__preinit_array_end, .)
                0x020219f8                PROVIDE (__init_array_start, .)

.init_array     0x020219f8        0x4
 *(SORT(.init_array.*))
 *(.init_array)
 .init_array    0x020219f8        0x4 /home/hansung/ndsdev/devkitPro/devkitARM/bin/../lib/gcc/arm-none-eabi/4.7.1/thumb/crtbegin.o
                0x020219fc                PROVIDE (__init_array_end, .)
                0x020219fc                PROVIDE (__fini_array_start, .)

.fini_array     0x020219fc        0x4
 *(.fini_array)
 .fini_array    0x020219fc        0x4 /home/hansung/ndsdev/devkitPro/devkitARM/bin/../lib/gcc/arm-none-eabi/4.7.1/thumb/crtbegin.o
 *(SORT(.fini_array.*))
                0x02021a00                PROVIDE (__fini_array_end, .)

.ctors          0x02021a00        0x0
 *crtbegin.o(.ctors)
 *(EXCLUDE_FILE(*crtend.o) .ctors)
 *(SORT(.ctors.*))
 *(.ctors)
                0x02021a00                . = ALIGN (0x4)

.dtors          0x02021a00        0x0
 *crtbegin.o(.dtors)
 *(EXCLUDE_FILE(*crtend.o) .dtors)
 *(SORT(.dtors.*))
 *(.dtors)
                0x02021a00                . = ALIGN (0x4)

.eh_frame       0x02021a00        0x4
 *(.eh_frame)
 .eh_frame      0x02021a00        0x0 /home/hansung/ndsdev/devkitPro/devkitARM/bin/../lib/gcc/arm-none-eabi/4.7.1/thumb/crtbegin.o
 .eh_frame      0x02021a00        0x4 /home/hansung/ndsdev/devkitPro/devkitARM/bin/../lib/gcc/arm-none-eabi/4.7.1/thumb/crtend.o
                0x02021a04                . = ALIGN (0x4)

.gcc_except_table
                0x02021a04        0x0
 *(.gcc_except_table)
                0x02021a04                . = ALIGN (0x4)

.jcr            0x02021a04        0x4
 *(.jcr)
 .jcr           0x02021a04        0x0 /home/hansung/ndsdev/devkitPro/devkitARM/bin/../lib/gcc/arm-none-eabi/4.7.1/thumb/crtbegin.o
 .jcr           0x02021a04        0x4 /home/hansung/ndsdev/devkitPro/devkitARM/bin/../lib/gcc/arm-none-eabi/4.7.1/thumb/crtend.o

.got
 *(.got.plt)
 *(.got)
 *(.rel.got)

.ewram          0x02021a08        0x0
                0x02021a08                __ewram_start = ABSOLUTE (.)
 *(.ewram)
 *ewram.*(.text)
                0x02021a08                . = ALIGN (0x4)

.data           0x02021a08      0xb50
                0x02021a08                __data_start = ABSOLUTE (.)
 *(.data)
 .data          0x02021a08        0x0 /home/hansung/ndsdev/devkitPro/devkitARM/bin/../lib/gcc/arm-none-eabi/4.7.1/../../../../arm-none-eabi/lib/thumb/ds_arm9_crt0.o
 .data          0x02021a08        0x0 /home/hansung/ndsdev/devkitPro/devkitARM/bin/../lib/gcc/arm-none-eabi/4.7.1/thumb/crti.o
 .data          0x02021a08        0x4 /home/hansung/ndsdev/devkitPro/devkitARM/bin/../lib/gcc/arm-none-eabi/4.7.1/thumb/crtbegin.o
                0x02021a08                __dso_handle
 .data          0x02021a0c        0x0 down.o
 .data          0x02021a0c        0x0 up.o
 .data          0x02021a0c        0x0 croutine.o
 .data          0x02021a0c        0x0 list.o
 .data          0x02021a0c        0x0 queue.o
 .data          0x02021a0c        0x4 tasks.o
 .data          0x02021a10        0x4 card_spi.o
 .data          0x02021a14        0x8 gdbStub.o
                0x02021a18                pRegisters
 .data          0x02021a1c        0x0 heap_3.o
 .data          0x02021a1c        0x4 port.o
 .data          0x02021a20        0x4 portISR.o
                0x02021a20                ulCriticalNesting
 .data          0x02021a24       0x34 sevencore_io.o
 .data          0x02021a58        0x4 Exp_Homework.o
 .data          0x02021a5c        0x4 main.o
 .data          0x02021a60        0x0 gdbStubAsm.o
 .data          0x02021a60        0x0 port_asm.o
 .data          0x02021a60       0x60 /home/hansung/ndsdev/devkitPro/libnds/lib/libnds9.a(background.o)
                0x02021a60                bgScrollTable
                0x02021a80                bgTransform
                0x02021aa0                bgControl
 .data          0x02021ac0       0x64 /home/hansung/ndsdev/devkitPro/libnds/lib/libnds9.a(console.o)
                0x02021ac0                currentConsole
                0x02021ac4                defaultConsole
 .data          0x02021b24        0xc /home/hansung/ndsdev/devkitPro/libnds/lib/libnds9.a(decompress.o)
                0x02021b24                decomStream
 .data          0x02021b30        0x0 /home/hansung/ndsdev/devkitPro/libnds/lib/libnds9.a(exceptions.o)
 .data          0x02021b30        0x3 /home/hansung/ndsdev/devkitPro/libnds/lib/libnds9.a(keys.o)
 .data          0x02021b33        0x0 /home/hansung/ndsdev/devkitPro/libnds/lib/libnds9.a(sassert.o)
 .data          0x02021b33        0x0 /home/hansung/ndsdev/devkitPro/libnds/lib/libnds9.a(touch.o)
 .data          0x02021b33        0x0 /home/hansung/ndsdev/devkitPro/libnds/lib/libnds9.a(trig.o)
 *fill*         0x02021b33        0x1 ff
 .data          0x02021b34        0x4 /home/hansung/ndsdev/devkitPro/libnds/lib/libnds9.a(videoGL.o)
 .data          0x02021b38        0x0 /home/hansung/ndsdev/devkitPro/libnds/lib/libnds9.a(initSystem.o)
 .data          0x02021b38       0x10 /home/hansung/ndsdev/devkitPro/libnds/lib/libnds9.a(fifosystem.o)
                0x02021b38                fifo_buffer_free
                0x02021b3c                fifo_freewords
                0x02021b40                fifo_send_queue
                0x02021b44                fifo_receive_queue
 .data          0x02021b48        0x0 /home/hansung/ndsdev/devkitPro/libnds/lib/libnds9.a(interrupts.o)
 .data          0x02021b48        0x0 /home/hansung/ndsdev/devkitPro/libnds/lib/libnds9.a(libnds_exit.arm.o)
 .data          0x02021b48        0x0 /home/hansung/ndsdev/devkitPro/libnds/lib/libnds9.a(syscalls.o)
 .data          0x02021b48        0x0 /home/hansung/ndsdev/devkitPro/libnds/lib/libnds9.a(exceptionHandler.o)
 .data          0x02021b48        0x0 /home/hansung/ndsdev/devkitPro/libnds/lib/libnds9.a(mpu_setup.o)
 .data          0x02021b48        0x0 /home/hansung/ndsdev/devkitPro/libnds/lib/libnds9.a(biosCalls.o)
 .data          0x02021b48        0x0 /home/hansung/ndsdev/devkitPro/libnds/lib/libnds9.a(debugprint.o)
 .data          0x02021b48        0x0 /home/hansung/ndsdev/devkitPro/libnds/lib/libnds9.a(interruptDispatcher.o)
 .data          0x02021b48        0x0 /home/hansung/ndsdev/devkitPro/libnds/lib/libnds9.a(swiSoftReset.o)
 .data          0x02021b48        0x0 /home/hansung/ndsdev/devkitPro/libnds/lib/libnds9.a(default_font.bin.o)
 .data          0x02021b48        0x0 /home/hansung/ndsdev/devkitPro/libnds/lib/libnds9.a(dynamicArray.o)
 .data          0x02021b48        0x0 /home/hansung/ndsdev/devkitPro/libnds/lib/libnds9.a(system.o)
 .data          0x02021b48        0x0 /home/hansung/ndsdev/devkitPro/libnds/lib/libnds9.a(video.o)
 .data          0x02021b48        0x0 /home/hansung/ndsdev/devkitPro/devkitARM/bin/../lib/gcc/arm-none-eabi/4.7.1/thumb/libgcc.a(_udivsi3.o)
 .data          0x02021b48        0x0 /home/hansung/ndsdev/devkitPro/devkitARM/bin/../lib/gcc/arm-none-eabi/4.7.1/thumb/libgcc.a(_divsi3.o)
 .data          0x02021b48        0x0 /home/hansung/ndsdev/devkitPro/devkitARM/bin/../lib/gcc/arm-none-eabi/4.7.1/thumb/libgcc.a(_dvmd_tls.o)
 .data          0x02021b48        0x0 /home/hansung/ndsdev/devkitPro/devkitARM/bin/../lib/gcc/arm-none-eabi/4.7.1/thumb/libgcc.a(_muldi3.o)
 .data          0x02021b48        0x0 /home/hansung/ndsdev/devkitPro/devkitARM/bin/../lib/gcc/arm-none-eabi/4.7.1/../../../../arm-none-eabi/lib/thumb/libg.a(lib_a-bsearch.o)
 .data          0x02021b48      0x430 /home/hansung/ndsdev/devkitPro/devkitARM/bin/../lib/gcc/arm-none-eabi/4.7.1/../../../../arm-none-eabi/lib/thumb/libg.a(lib_a-impure.o)
                0x02021b48                _impure_ptr
 .data          0x02021f78        0x0 /home/hansung/ndsdev/devkitPro/devkitARM/bin/../lib/gcc/arm-none-eabi/4.7.1/../../../../arm-none-eabi/lib/thumb/libg.a(lib_a-init.o)
 .data          0x02021f78        0x0 /home/hansung/ndsdev/devkitPro/devkitARM/bin/../lib/gcc/arm-none-eabi/4.7.1/../../../../arm-none-eabi/lib/thumb/libg.a(lib_a-iprintf.o)
 .data          0x02021f78        0x0 /home/hansung/ndsdev/devkitPro/devkitARM/bin/../lib/gcc/arm-none-eabi/4.7.1/../../../../arm-none-eabi/lib/thumb/libg.a(lib_a-malloc.o)
 .data          0x02021f78      0x410 /home/hansung/ndsdev/devkitPro/devkitARM/bin/../lib/gcc/arm-none-eabi/4.7.1/../../../../arm-none-eabi/lib/thumb/libg.a(lib_a-mallocr.o)
                0x02021f78                __malloc_av_
                0x02022380                __malloc_sbrk_base
                0x02022384                __malloc_trim_threshold
 .data          0x02022388        0x0 /home/hansung/ndsdev/devkitPro/devkitARM/bin/../lib/gcc/arm-none-eabi/4.7.1/../../../../arm-none-eabi/lib/thumb/libg.a(lib_a-memcpy-stub.o)
 .data          0x02022388        0x0 /home/hansung/ndsdev/devkitPro/devkitARM/bin/../lib/gcc/arm-none-eabi/4.7.1/../../../../arm-none-eabi/lib/thumb/libg.a(lib_a-memset.o)
 .data          0x02022388        0x0 /home/hansung/ndsdev/devkitPro/devkitARM/bin/../lib/gcc/arm-none-eabi/4.7.1/../../../../arm-none-eabi/lib/thumb/libg.a(lib_a-mlock.o)
 .data          0x02022388        0x0 /home/hansung/ndsdev/devkitPro/devkitARM/bin/../lib/gcc/arm-none-eabi/4.7.1/../../../../arm-none-eabi/lib/thumb/libg.a(lib_a-rand.o)
 .data          0x02022388        0x0 /home/hansung/ndsdev/devkitPro/devkitARM/bin/../lib/gcc/arm-none-eabi/4.7.1/../../../../arm-none-eabi/lib/thumb/libg.a(lib_a-realloc.o)
 .data          0x02022388        0x0 /home/hansung/ndsdev/devkitPro/devkitARM/bin/../lib/gcc/arm-none-eabi/4.7.1/../../../../arm-none-eabi/lib/thumb/libg.a(lib_a-reallocr.o)
 .data          0x02022388        0x0 /home/hansung/ndsdev/devkitPro/devkitARM/bin/../lib/gcc/arm-none-eabi/4.7.1/../../../../arm-none-eabi/lib/thumb/libg.a(lib_a-setvbuf.o)
 .data          0x02022388        0x0 /home/hansung/ndsdev/devkitPro/devkitARM/bin/../lib/gcc/arm-none-eabi/4.7.1/../../../../arm-none-eabi/lib/thumb/libg.a(lib_a-siscanf.o)
 .data          0x02022388        0x0 /home/hansung/ndsdev/devkitPro/devkitARM/bin/../lib/gcc/arm-none-eabi/4.7.1/../../../../arm-none-eabi/lib/thumb/libg.a(lib_a-sprintf.o)
 .data          0x02022388        0x0 /home/hansung/ndsdev/devkitPro/devkitARM/bin/../lib/gcc/arm-none-eabi/4.7.1/../../../../arm-none-eabi/lib/thumb/libg.a(lib_a-stdio.o)
 .data          0x02022388        0x0 /home/hansung/ndsdev/devkitPro/devkitARM/bin/../lib/gcc/arm-none-eabi/4.7.1/../../../../arm-none-eabi/lib/thumb/libg.a(lib_a-strcat.o)
 .data          0x02022388        0x0 /home/hansung/ndsdev/devkitPro/devkitARM/bin/../lib/gcc/arm-none-eabi/4.7.1/../../../../arm-none-eabi/lib/thumb/libg.a(lib_a-strcpy.o)
 .data          0x02022388        0x0 /home/hansung/ndsdev/devkitPro/devkitARM/bin/../lib/gcc/arm-none-eabi/4.7.1/../../../../arm-none-eabi/lib/thumb/libg.a(lib_a-strlen.o)
 .data          0x02022388        0x0 /home/hansung/ndsdev/devkitPro/devkitARM/bin/../lib/gcc/arm-none-eabi/4.7.1/../../../../arm-none-eabi/lib/thumb/libg.a(lib_a-strncpy.o)
 .data          0x02022388        0x0 /home/hansung/ndsdev/devkitPro/devkitARM/bin/../lib/gcc/arm-none-eabi/4.7.1/../../../../arm-none-eabi/lib/thumb/libg.a(lib_a-svfiscanf.o)
 .data          0x02022388        0x0 /home/hansung/ndsdev/devkitPro/devkitARM/bin/../lib/gcc/arm-none-eabi/4.7.1/../../../../arm-none-eabi/lib/thumb/libg.a(lib_a-svfprintf.o)
 .data          0x02022388        0x0 /home/hansung/ndsdev/devkitPro/devkitARM/bin/../lib/gcc/arm-none-eabi/4.7.1/../../../../arm-none-eabi/lib/thumb/libg.a(lib_a-time.o)
 .data          0x02022388        0x0 /home/hansung/ndsdev/devkitPro/devkitARM/bin/../lib/gcc/arm-none-eabi/4.7.1/../../../../arm-none-eabi/lib/thumb/libg.a(lib_a-ungetc.o)
 .data          0x02022388        0x0 /home/hansung/ndsdev/devkitPro/devkitARM/bin/../lib/gcc/arm-none-eabi/4.7.1/../../../../arm-none-eabi/lib/thumb/libg.a(lib_a-vfiprintf.o)
 .data          0x02022388        0x0 /home/hansung/ndsdev/devkitPro/devkitARM/bin/../lib/gcc/arm-none-eabi/4.7.1/../../../../arm-none-eabi/lib/thumb/libg.a(lib_a-wcrtomb.o)
 .data          0x02022388        0x0 /home/hansung/ndsdev/devkitPro/devkitARM/bin/../lib/gcc/arm-none-eabi/4.7.1/../../../../arm-none-eabi/lib/thumb/libg.a(lib_a-wcsrtombs.o)
 .data          0x02022388        0x4 /home/hansung/ndsdev/devkitPro/devkitARM/bin/../lib/gcc/arm-none-eabi/4.7.1/../../../../arm-none-eabi/lib/thumb/libg.a(lib_a-wctomb_r.o)
                0x02022388                __wctomb
 .data          0x0202238c        0x0 /home/hansung/ndsdev/devkitPro/devkitARM/bin/../lib/gcc/arm-none-eabi/4.7.1/../../../../arm-none-eabi/lib/thumb/libg.a(lib_a-wsetup.o)
 .data          0x0202238c        0x4 /home/hansung/ndsdev/devkitPro/devkitARM/bin/../lib/gcc/arm-none-eabi/4.7.1/../../../../arm-none-eabi/lib/thumb/libg.a(lib_a-ctype_.o)
                0x0202238c                __ctype_ptr__
 .data          0x02022390        0x0 /home/hansung/ndsdev/devkitPro/devkitARM/bin/../lib/gcc/arm-none-eabi/4.7.1/../../../../arm-none-eabi/lib/thumb/libg.a(lib_a-dtoa.o)
 .data          0x02022390        0x0 /home/hansung/ndsdev/devkitPro/devkitARM/bin/../lib/gcc/arm-none-eabi/4.7.1/../../../../arm-none-eabi/lib/thumb/libg.a(lib_a-fflush.o)
 .data          0x02022390        0x0 /home/hansung/ndsdev/devkitPro/devkitARM/bin/../lib/gcc/arm-none-eabi/4.7.1/../../../../arm-none-eabi/lib/thumb/libg.a(lib_a-findfp.o)
 .data          0x02022390        0x0 /home/hansung/ndsdev/devkitPro/devkitARM/bin/../lib/gcc/arm-none-eabi/4.7.1/../../../../arm-none-eabi/lib/thumb/libg.a(lib_a-fputwc.o)
 .data          0x02022390        0x0 /home/hansung/ndsdev/devkitPro/devkitARM/bin/../lib/gcc/arm-none-eabi/4.7.1/../../../../arm-none-eabi/lib/thumb/libg.a(lib_a-freer.o)
 .data          0x02022390        0x0 /home/hansung/ndsdev/devkitPro/devkitARM/bin/../lib/gcc/arm-none-eabi/4.7.1/../../../../arm-none-eabi/lib/thumb/libg.a(lib_a-fvwrite.o)
 .data          0x02022390        0x0 /home/hansung/ndsdev/devkitPro/devkitARM/bin/../lib/gcc/arm-none-eabi/4.7.1/../../../../arm-none-eabi/lib/thumb/libg.a(lib_a-fwalk.o)
 .data          0x02022390        0x0 /home/hansung/ndsdev/devkitPro/devkitARM/bin/../lib/gcc/arm-none-eabi/4.7.1/../../../../arm-none-eabi/lib/thumb/libg.a(lib_a-iswspace.o)
 .data          0x02022390        0x0 /home/hansung/ndsdev/devkitPro/devkitARM/bin/../lib/gcc/arm-none-eabi/4.7.1/../../../../arm-none-eabi/lib/thumb/libg.a(lib_a-jp2uc.o)
 .data          0x02022390      0x17c /home/hansung/ndsdev/devkitPro/devkitARM/bin/../lib/gcc/arm-none-eabi/4.7.1/../../../../arm-none-eabi/lib/thumb/libg.a(lib_a-locale.o)
                0x02022390                __default_locale
                0x020224b0                __mb_cur_max
 .data          0x0202250c        0x0 /home/hansung/ndsdev/devkitPro/devkitARM/bin/../lib/gcc/arm-none-eabi/4.7.1/../../../../arm-none-eabi/lib/thumb/libg.a(lib_a-makebuf.o)
 .data          0x0202250c        0x0 /home/hansung/ndsdev/devkitPro/devkitARM/bin/../lib/gcc/arm-none-eabi/4.7.1/../../../../arm-none-eabi/lib/thumb/libg.a(lib_a-mbrtowc.o)
 .data          0x0202250c        0x4 /home/hansung/ndsdev/devkitPro/devkitARM/bin/../lib/gcc/arm-none-eabi/4.7.1/../../../../arm-none-eabi/lib/thumb/libg.a(lib_a-mbtowc_r.o)
                0x0202250c                __mbtowc
 .data          0x02022510        0x0 /home/hansung/ndsdev/devkitPro/devkitARM/bin/../lib/gcc/arm-none-eabi/4.7.1/../../../../arm-none-eabi/lib/thumb/libg.a(lib_a-memchr-stub.o)
 .data          0x02022510        0x0 /home/hansung/ndsdev/devkitPro/devkitARM/bin/../lib/gcc/arm-none-eabi/4.7.1/../../../../arm-none-eabi/lib/thumb/libg.a(lib_a-memmove.o)
 .data          0x02022510        0x0 /home/hansung/ndsdev/devkitPro/devkitARM/bin/../lib/gcc/arm-none-eabi/4.7.1/../../../../arm-none-eabi/lib/thumb/libg.a(lib_a-mprec.o)
 .data          0x02022510        0x0 /home/hansung/ndsdev/devkitPro/devkitARM/bin/../lib/gcc/arm-none-eabi/4.7.1/../../../../arm-none-eabi/lib/thumb/libg.a(lib_a-sccl.o)
 .data          0x02022510        0x0 /home/hansung/ndsdev/devkitPro/devkitARM/bin/../lib/gcc/arm-none-eabi/4.7.1/../../../../arm-none-eabi/lib/thumb/libg.a(lib_a-s_fpclassify.o)
 .data          0x02022510        0x0 /home/hansung/ndsdev/devkitPro/devkitARM/bin/../lib/gcc/arm-none-eabi/4.7.1/../../../../arm-none-eabi/lib/thumb/libg.a(lib_a-strcasecmp.o)
 .data          0x02022510        0x0 /home/hansung/ndsdev/devkitPro/devkitARM/bin/../lib/gcc/arm-none-eabi/4.7.1/../../../../arm-none-eabi/lib/thumb/libg.a(lib_a-strchr.o)
 .data          0x02022510        0x0 /home/hansung/ndsdev/devkitPro/devkitARM/bin/../lib/gcc/arm-none-eabi/4.7.1/../../../../arm-none-eabi/lib/thumb/libg.a(lib_a-strcmp.o)
 .data          0x02022510        0x0 /home/hansung/ndsdev/devkitPro/devkitARM/bin/../lib/gcc/arm-none-eabi/4.7.1/../../../../arm-none-eabi/lib/thumb/libg.a(lib_a-strlcpy.o)
 .data          0x02022510        0x0 /home/hansung/ndsdev/devkitPro/devkitARM/bin/../lib/gcc/arm-none-eabi/4.7.1/../../../../arm-none-eabi/lib/thumb/libg.a(lib_a-strncasecmp.o)
 .data          0x02022510        0x0 /home/hansung/ndsdev/devkitPro/devkitARM/bin/../lib/gcc/arm-none-eabi/4.7.1/../../../../arm-none-eabi/lib/thumb/libg.a(lib_a-strncmp.o)
 .data          0x02022510        0x0 /home/hansung/ndsdev/devkitPro/devkitARM/bin/../lib/gcc/arm-none-eabi/4.7.1/../../../../arm-none-eabi/lib/thumb/libg.a(lib_a-strtoll_r.o)
 .data          0x02022510        0x0 /home/hansung/ndsdev/devkitPro/devkitARM/bin/../lib/gcc/arm-none-eabi/4.7.1/../../../../arm-none-eabi/lib/thumb/libg.a(lib_a-strtol.o)
 .data          0x02022510        0x0 /home/hansung/ndsdev/devkitPro/devkitARM/bin/../lib/gcc/arm-none-eabi/4.7.1/../../../../arm-none-eabi/lib/thumb/libg.a(lib_a-strtoull_r.o)
 .data          0x02022510        0x0 /home/hansung/ndsdev/devkitPro/devkitARM/bin/../lib/gcc/arm-none-eabi/4.7.1/../../../../arm-none-eabi/lib/thumb/libg.a(lib_a-strtoul.o)
 .data          0x02022510        0x0 /home/hansung/ndsdev/devkitPro/devkitARM/bin/../lib/gcc/arm-none-eabi/4.7.1/../../../../arm-none-eabi/lib/thumb/libg.a(lib_a-svfiprintf.o)
 .data          0x02022510        0x0 /home/hansung/ndsdev/devkitPro/devkitARM/bin/../lib/gcc/arm-none-eabi/4.7.1/../../../../arm-none-eabi/lib/thumb/libg.a(lib_a-wbuf.o)
 .data          0x02022510        0x0 /home/hansung/ndsdev/devkitPro/devkitARM/bin/../lib/gcc/arm-none-eabi/4.7.1/../../../../arm-none-eabi/lib/thumb/libg.a(lib_a-wcsnrtombs.o)
 .data          0x02022510        0x0 /home/hansung/ndsdev/devkitPro/devkitARM/bin/../lib/gcc/arm-none-eabi/4.7.1/../../../../arm-none-eabi/lib/thumb/libg.a(lib_a-callocr.o)
 .data          0x02022510        0x0 /home/hansung/ndsdev/devkitPro/devkitARM/bin/../lib/gcc/arm-none-eabi/4.7.1/../../../../arm-none-eabi/lib/thumb/libg.a(lib_a-fclose.o)
 .data          0x02022510        0x0 /home/hansung/ndsdev/devkitPro/devkitARM/bin/../lib/gcc/arm-none-eabi/4.7.1/../../../../arm-none-eabi/lib/thumb/libg.a(lib_a-getenv_r.o)
 .data          0x02022510        0x4 /home/hansung/ndsdev/devkitPro/devkitARM/bin/../lib/gcc/arm-none-eabi/4.7.1/../../../../arm-none-eabi/lib/thumb/libg.a(lib_a-environ.o)
                0x02022510                environ
 .data          0x02022514        0x0 /home/hansung/ndsdev/devkitPro/devkitARM/bin/../lib/gcc/arm-none-eabi/4.7.1/../../../../arm-none-eabi/lib/thumb/libg.a(lib_a-envlock.o)
 .data          0x02022514       0x44 /home/hansung/ndsdev/devkitPro/devkitARM/bin/../lib/gcc/arm-none-eabi/4.7.1/../../../../arm-none-eabi/lib/thumb/libsysbase.a(iosupport.o)
                0x02022518                devoptab_list
 .data          0x02022558        0x0 /home/hansung/ndsdev/devkitPro/devkitARM/bin/../lib/gcc/arm-none-eabi/4.7.1/../../../../arm-none-eabi/lib/thumb/libsysbase.a(close.o)
 .data          0x02022558        0x0 /home/hansung/ndsdev/devkitPro/devkitARM/bin/../lib/gcc/arm-none-eabi/4.7.1/../../../../arm-none-eabi/lib/thumb/libsysbase.a(fstat.o)
 .data          0x02022558        0x0 /home/hansung/ndsdev/devkitPro/devkitARM/bin/../lib/gcc/arm-none-eabi/4.7.1/../../../../arm-none-eabi/lib/thumb/libsysbase.a(isatty.o)
 .data          0x02022558        0x0 /home/hansung/ndsdev/devkitPro/devkitARM/bin/../lib/gcc/arm-none-eabi/4.7.1/../../../../arm-none-eabi/lib/thumb/libsysbase.a(lseek.o)
 .data          0x02022558        0x0 /home/hansung/ndsdev/devkitPro/devkitARM/bin/../lib/gcc/arm-none-eabi/4.7.1/../../../../arm-none-eabi/lib/thumb/libsysbase.a(read.o)
 .data          0x02022558        0x0 /home/hansung/ndsdev/devkitPro/devkitARM/bin/../lib/gcc/arm-none-eabi/4.7.1/../../../../arm-none-eabi/lib/thumb/libsysbase.a(sbrk.o)
 .data          0x02022558        0x0 /home/hansung/ndsdev/devkitPro/devkitARM/bin/../lib/gcc/arm-none-eabi/4.7.1/../../../../arm-none-eabi/lib/thumb/libsysbase.a(times.o)
 .data          0x02022558        0x0 /home/hansung/ndsdev/devkitPro/devkitARM/bin/../lib/gcc/arm-none-eabi/4.7.1/../../../../arm-none-eabi/lib/thumb/libsysbase.a(write.o)
 .data          0x02022558        0x0 /home/hansung/ndsdev/devkitPro/devkitARM/bin/../lib/gcc/arm-none-eabi/4.7.1/../../../../arm-none-eabi/lib/thumb/libsysbase.a(malloc_vars.o)
 .data          0x02022558        0x0 /home/hansung/ndsdev/devkitPro/devkitARM/bin/../lib/gcc/arm-none-eabi/4.7.1/../../../../arm-none-eabi/lib/thumb/libsysbase.a(build_argv.o)
 .data          0x02022558        0x0 /home/hansung/ndsdev/devkitPro/devkitARM/bin/../lib/gcc/arm-none-eabi/4.7.1/../../../../arm-none-eabi/lib/thumb/libsysbase.a(syscall_support.o)
 .data          0x02022558        0x0 /home/hansung/ndsdev/devkitPro/devkitARM/bin/../lib/gcc/arm-none-eabi/4.7.1/../../../../arm-none-eabi/lib/thumb/libsysbase.a(handle_manager.o)
 .data          0x02022558        0x0 /home/hansung/ndsdev/devkitPro/devkitARM/bin/../lib/gcc/arm-none-eabi/4.7.1/thumb/libgcc.a(_arm_addsubdf3.o)
 .data          0x02022558        0x0 /home/hansung/ndsdev/devkitPro/devkitARM/bin/../lib/gcc/arm-none-eabi/4.7.1/thumb/libgcc.a(_arm_muldivdf3.o)
 .data          0x02022558        0x0 /home/hansung/ndsdev/devkitPro/devkitARM/bin/../lib/gcc/arm-none-eabi/4.7.1/thumb/libgcc.a(_arm_cmpdf2.o)
 .data          0x02022558        0x0 /home/hansung/ndsdev/devkitPro/devkitARM/bin/../lib/gcc/arm-none-eabi/4.7.1/thumb/libgcc.a(_arm_fixdfsi.o)
 .data          0x02022558        0x0 /home/hansung/ndsdev/devkitPro/devkitARM/bin/../lib/gcc/arm-none-eabi/4.7.1/thumb/libgcc.a(_aeabi_uldivmod.o)
 .data          0x02022558        0x0 /home/hansung/ndsdev/devkitPro/devkitARM/bin/../lib/gcc/arm-none-eabi/4.7.1/thumb/libgcc.a(bpabi.o)
 .data          0x02022558        0x0 /home/hansung/ndsdev/devkitPro/devkitARM/bin/../lib/gcc/arm-none-eabi/4.7.1/thumb/libgcc.a(_divdi3.o)
 .data          0x02022558        0x0 /home/hansung/ndsdev/devkitPro/devkitARM/bin/../lib/gcc/arm-none-eabi/4.7.1/thumb/libgcc.a(_udivdi3.o)
 .data          0x02022558        0x0 /home/hansung/ndsdev/devkitPro/devkitARM/bin/../lib/gcc/arm-none-eabi/4.7.1/thumb/libgcc.a(_clzsi2.o)
 .data          0x02022558        0x0 /home/hansung/ndsdev/devkitPro/devkitARM/bin/../lib/gcc/arm-none-eabi/4.7.1/../../../../arm-none-eabi/lib/thumb/libg.a(lib_a-errno.o)
 .data          0x02022558        0x0 /home/hansung/ndsdev/devkitPro/devkitARM/bin/../lib/gcc/arm-none-eabi/4.7.1/thumb/crtend.o
 .data          0x02022558        0x0 /home/hansung/ndsdev/devkitPro/devkitARM/bin/../lib/gcc/arm-none-eabi/4.7.1/thumb/crtn.o
 *(.data.*)
 *(.gnu.linkonce.d*)
                0x02022558                . = ALIGN (0x4)
                0x02022558                __data_end = ABSOLUTE (.)
                0x02022558                __dtcm_lma = .
                0x02022558                __bss_vma = .

.igot.plt       0x02022558        0x0
 .igot.plt      0x00000000        0x0 /home/hansung/ndsdev/devkitPro/devkitARM/bin/../lib/gcc/arm-none-eabi/4.7.1/../../../../arm-none-eabi/lib/thumb/ds_arm9_crt0.o

.tm_clone_table
                0x02022558        0x0
 .tm_clone_table
                0x02022558        0x0 /home/hansung/ndsdev/devkitPro/devkitARM/bin/../lib/gcc/arm-none-eabi/4.7.1/thumb/crtbegin.o
 .tm_clone_table
                0x02022558        0x0 /home/hansung/ndsdev/devkitPro/devkitARM/bin/../lib/gcc/arm-none-eabi/4.7.1/thumb/crtend.o

.dtcm           0x0b000000        0x0 load address 0x02022558
 *(.dtcm)
 *(.dtcm.*)
                0x0b000000                . = ALIGN (0x4)
                0x0b000000                __dtcm_end = ABSOLUTE (.)
                0x02022558                __itcm_lma = (__dtcm_lma + SIZEOF (.dtcm))

.itcm           0x01000100      0x194 load address 0x02022558
 *(.itcm)
 .itcm          0x01000100       0xc8 /home/hansung/ndsdev/devkitPro/libnds/lib/libnds9.a(interrupts.o)
                0x01000100                irqTable
 .itcm          0x010001c8       0xcc /home/hansung/ndsdev/devkitPro/libnds/lib/libnds9.a(interruptDispatcher.o)
                0x010001c8                IntrMain
 *itcm.*(.text)
                0x01000294                . = ALIGN (0x4)
                0x01000294                __itcm_end = ABSOLUTE (.)
                0x020226ec                __vectors_lma = (__itcm_lma + SIZEOF (.itcm))

.vectors        0x01000000        0x0 load address 0x020226ec
 *(.vectors)
 *vectors.*(.text)
                0x01000000                . = ALIGN (0x4)
                0x01000000                __vectors_end = ABSOLUTE (.)

.sbss           0x0b000000        0x0
                0x0b000000                __sbss_start = ABSOLUTE (.)
                0x0b000000                __sbss_start__ = ABSOLUTE (.)
 *(.sbss)
                0x0b000000                . = ALIGN (0x4)
                0x0b000000                __sbss_end = ABSOLUTE (.)

.bss            0x02022558     0x4680
                0x02022558                __bss_start = ABSOLUTE (.)
                0x02022558                __bss_start__ = ABSOLUTE (.)
 *(.dynbss)
 *(.gnu.linkonce.b*)
 *(.bss*)
 .bss           0x02022558        0x0 /home/hansung/ndsdev/devkitPro/devkitARM/bin/../lib/gcc/arm-none-eabi/4.7.1/../../../../arm-none-eabi/lib/thumb/ds_arm9_crt0.o
 .bss           0x02022558        0x0 /home/hansung/ndsdev/devkitPro/devkitARM/bin/../lib/gcc/arm-none-eabi/4.7.1/thumb/crti.o
 .bss           0x02022558       0x1c /home/hansung/ndsdev/devkitPro/devkitARM/bin/../lib/gcc/arm-none-eabi/4.7.1/thumb/crtbegin.o
 .bss           0x02022574        0x0 down.o
 .bss           0x02022574        0x0 up.o
 .bss           0x02022574       0x80 croutine.o
                0x020225e0                pxCurrentCoRoutine
 .bss           0x020225f4        0x0 list.o
 .bss           0x020225f4        0x0 queue.o
 .bss           0x020225f4     0x14cc tasks.o
                0x020225f4                pxCurrentTCB
 .bss           0x02023ac0        0x8 card_spi.o
 .bss           0x02023ac8     0x1050 gdbStub.o
                0x02024ac8                regMem
 .bss           0x02024b18        0x0 heap_3.o
 .bss           0x02024b18        0x0 port.o
 .bss           0x02024b18        0x0 portISR.o
 .bss           0x02024b18       0x70 sevencore_io.o
 .bss           0x02024b88        0x1 Exp_Homework.o
 .bss           0x02024b89        0x0 main.o
 .bss           0x02024b89        0x0 gdbStubAsm.o
 .bss           0x02024b89        0x0 port_asm.o
 .bss           0x02024b89        0x0 /home/hansung/ndsdev/devkitPro/libnds/lib/libnds9.a(background.o)
 .bss           0x02024b89        0x0 /home/hansung/ndsdev/devkitPro/libnds/lib/libnds9.a(console.o)
 .bss           0x02024b89        0x0 /home/hansung/ndsdev/devkitPro/libnds/lib/libnds9.a(decompress.o)
 .bss           0x02024b89        0x0 /home/hansung/ndsdev/devkitPro/libnds/lib/libnds9.a(exceptions.o)
 *fill*         0x02024b89        0x1 00
 .bss           0x02024b8a        0x6 /home/hansung/ndsdev/devkitPro/libnds/lib/libnds9.a(keys.o)
 .bss           0x02024b90        0x0 /home/hansung/ndsdev/devkitPro/libnds/lib/libnds9.a(sassert.o)
 .bss           0x02024b90        0x0 /home/hansung/ndsdev/devkitPro/libnds/lib/libnds9.a(touch.o)
 .bss           0x02024b90        0x0 /home/hansung/ndsdev/devkitPro/libnds/lib/libnds9.a(trig.o)
 .bss           0x02024b90        0x8 /home/hansung/ndsdev/devkitPro/libnds/lib/libnds9.a(videoGL.o)
 .bss           0x02024b98        0x0 /home/hansung/ndsdev/devkitPro/libnds/lib/libnds9.a(initSystem.o)
 .bss           0x02024b98        0x8 /home/hansung/ndsdev/devkitPro/libnds/lib/libnds9.a(fifosystem.o)
                0x02024b9c                processing
 .bss           0x02024ba0        0x0 /home/hansung/ndsdev/devkitPro/libnds/lib/libnds9.a(interrupts.o)
 .bss           0x02024ba0        0x0 /home/hansung/ndsdev/devkitPro/libnds/lib/libnds9.a(libnds_exit.arm.o)
 .bss           0x02024ba0        0x0 /home/hansung/ndsdev/devkitPro/libnds/lib/libnds9.a(syscalls.o)
 .bss           0x02024ba0        0x0 /home/hansung/ndsdev/devkitPro/libnds/lib/libnds9.a(exceptionHandler.o)
 .bss           0x02024ba0        0x0 /home/hansung/ndsdev/devkitPro/libnds/lib/libnds9.a(mpu_setup.o)
 .bss           0x02024ba0        0x0 /home/hansung/ndsdev/devkitPro/libnds/lib/libnds9.a(biosCalls.o)
 .bss           0x02024ba0        0x0 /home/hansung/ndsdev/devkitPro/libnds/lib/libnds9.a(debugprint.o)
 .bss           0x02024ba0        0x0 /home/hansung/ndsdev/devkitPro/libnds/lib/libnds9.a(interruptDispatcher.o)
 .bss           0x02024ba0        0x0 /home/hansung/ndsdev/devkitPro/libnds/lib/libnds9.a(swiSoftReset.o)
 .bss           0x02024ba0        0x0 /home/hansung/ndsdev/devkitPro/libnds/lib/libnds9.a(default_font.bin.o)
 .bss           0x02024ba0        0x0 /home/hansung/ndsdev/devkitPro/libnds/lib/libnds9.a(dynamicArray.o)
 .bss           0x02024ba0        0x4 /home/hansung/ndsdev/devkitPro/libnds/lib/libnds9.a(system.o)
 .bss           0x02024ba4        0x0 /home/hansung/ndsdev/devkitPro/libnds/lib/libnds9.a(video.o)
 .bss           0x02024ba4        0x0 /home/hansung/ndsdev/devkitPro/devkitARM/bin/../lib/gcc/arm-none-eabi/4.7.1/thumb/libgcc.a(_udivsi3.o)
 .bss           0x02024ba4        0x0 /home/hansung/ndsdev/devkitPro/devkitARM/bin/../lib/gcc/arm-none-eabi/4.7.1/thumb/libgcc.a(_divsi3.o)
 .bss           0x02024ba4        0x0 /home/hansung/ndsdev/devkitPro/devkitARM/bin/../lib/gcc/arm-none-eabi/4.7.1/thumb/libgcc.a(_dvmd_tls.o)
 .bss           0x02024ba4        0x0 /home/hansung/ndsdev/devkitPro/devkitARM/bin/../lib/gcc/arm-none-eabi/4.7.1/thumb/libgcc.a(_muldi3.o)
 .bss           0x02024ba4        0x0 /home/hansung/ndsdev/devkitPro/devkitARM/bin/../lib/gcc/arm-none-eabi/4.7.1/../../../../arm-none-eabi/lib/thumb/libg.a(lib_a-bsearch.o)
 .bss           0x02024ba4        0x0 /home/hansung/ndsdev/devkitPro/devkitARM/bin/../lib/gcc/arm-none-eabi/4.7.1/../../../../arm-none-eabi/lib/thumb/libg.a(lib_a-impure.o)
 .bss           0x02024ba4        0x0 /home/hansung/ndsdev/devkitPro/devkitARM/bin/../lib/gcc/arm-none-eabi/4.7.1/../../../../arm-none-eabi/lib/thumb/libg.a(lib_a-init.o)
 .bss           0x02024ba4        0x0 /home/hansung/ndsdev/devkitPro/devkitARM/bin/../lib/gcc/arm-none-eabi/4.7.1/../../../../arm-none-eabi/lib/thumb/libg.a(lib_a-iprintf.o)
 .bss           0x02024ba4        0x0 /home/hansung/ndsdev/devkitPro/devkitARM/bin/../lib/gcc/arm-none-eabi/4.7.1/../../../../arm-none-eabi/lib/thumb/libg.a(lib_a-malloc.o)
 .bss           0x02024ba4       0x34 /home/hansung/ndsdev/devkitPro/devkitARM/bin/../lib/gcc/arm-none-eabi/4.7.1/../../../../arm-none-eabi/lib/thumb/libg.a(lib_a-mallocr.o)
                0x02024ba4                __malloc_top_pad
                0x02024ba8                __malloc_current_mallinfo
                0x02024bd0                __malloc_max_sbrked_mem
                0x02024bd4                __malloc_max_total_mem
 .bss           0x02024bd8        0x0 /home/hansung/ndsdev/devkitPro/devkitARM/bin/../lib/gcc/arm-none-eabi/4.7.1/../../../../arm-none-eabi/lib/thumb/libg.a(lib_a-memcpy-stub.o)
 .bss           0x02024bd8        0x0 /home/hansung/ndsdev/devkitPro/devkitARM/bin/../lib/gcc/arm-none-eabi/4.7.1/../../../../arm-none-eabi/lib/thumb/libg.a(lib_a-memset.o)
 .bss           0x02024bd8        0x0 /home/hansung/ndsdev/devkitPro/devkitARM/bin/../lib/gcc/arm-none-eabi/4.7.1/../../../../arm-none-eabi/lib/thumb/libg.a(lib_a-mlock.o)
 .bss           0x02024bd8        0x0 /home/hansung/ndsdev/devkitPro/devkitARM/bin/../lib/gcc/arm-none-eabi/4.7.1/../../../../arm-none-eabi/lib/thumb/libg.a(lib_a-rand.o)
 .bss           0x02024bd8        0x0 /home/hansung/ndsdev/devkitPro/devkitARM/bin/../lib/gcc/arm-none-eabi/4.7.1/../../../../arm-none-eabi/lib/thumb/libg.a(lib_a-realloc.o)
 .bss           0x02024bd8        0x0 /home/hansung/ndsdev/devkitPro/devkitARM/bin/../lib/gcc/arm-none-eabi/4.7.1/../../../../arm-none-eabi/lib/thumb/libg.a(lib_a-reallocr.o)
 .bss           0x02024bd8        0x0 /home/hansung/ndsdev/devkitPro/devkitARM/bin/../lib/gcc/arm-none-eabi/4.7.1/../../../../arm-none-eabi/lib/thumb/libg.a(lib_a-setvbuf.o)
 .bss           0x02024bd8        0x0 /home/hansung/ndsdev/devkitPro/devkitARM/bin/../lib/gcc/arm-none-eabi/4.7.1/../../../../arm-none-eabi/lib/thumb/libg.a(lib_a-siscanf.o)
 .bss           0x02024bd8        0x0 /home/hansung/ndsdev/devkitPro/devkitARM/bin/../lib/gcc/arm-none-eabi/4.7.1/../../../../arm-none-eabi/lib/thumb/libg.a(lib_a-sprintf.o)
 .bss           0x02024bd8        0x0 /home/hansung/ndsdev/devkitPro/devkitARM/bin/../lib/gcc/arm-none-eabi/4.7.1/../../../../arm-none-eabi/lib/thumb/libg.a(lib_a-stdio.o)
 .bss           0x02024bd8        0x0 /home/hansung/ndsdev/devkitPro/devkitARM/bin/../lib/gcc/arm-none-eabi/4.7.1/../../../../arm-none-eabi/lib/thumb/libg.a(lib_a-strcat.o)
 .bss           0x02024bd8        0x0 /home/hansung/ndsdev/devkitPro/devkitARM/bin/../lib/gcc/arm-none-eabi/4.7.1/../../../../arm-none-eabi/lib/thumb/libg.a(lib_a-strcpy.o)
 .bss           0x02024bd8        0x0 /home/hansung/ndsdev/devkitPro/devkitARM/bin/../lib/gcc/arm-none-eabi/4.7.1/../../../../arm-none-eabi/lib/thumb/libg.a(lib_a-strlen.o)
 .bss           0x02024bd8        0x0 /home/hansung/ndsdev/devkitPro/devkitARM/bin/../lib/gcc/arm-none-eabi/4.7.1/../../../../arm-none-eabi/lib/thumb/libg.a(lib_a-strncpy.o)
 .bss           0x02024bd8        0x0 /home/hansung/ndsdev/devkitPro/devkitARM/bin/../lib/gcc/arm-none-eabi/4.7.1/../../../../arm-none-eabi/lib/thumb/libg.a(lib_a-svfiscanf.o)
 .bss           0x02024bd8        0x0 /home/hansung/ndsdev/devkitPro/devkitARM/bin/../lib/gcc/arm-none-eabi/4.7.1/../../../../arm-none-eabi/lib/thumb/libg.a(lib_a-svfprintf.o)
 .bss           0x02024bd8        0x0 /home/hansung/ndsdev/devkitPro/devkitARM/bin/../lib/gcc/arm-none-eabi/4.7.1/../../../../arm-none-eabi/lib/thumb/libg.a(lib_a-time.o)
 .bss           0x02024bd8        0x0 /home/hansung/ndsdev/devkitPro/devkitARM/bin/../lib/gcc/arm-none-eabi/4.7.1/../../../../arm-none-eabi/lib/thumb/libg.a(lib_a-ungetc.o)
 .bss           0x02024bd8        0x0 /home/hansung/ndsdev/devkitPro/devkitARM/bin/../lib/gcc/arm-none-eabi/4.7.1/../../../../arm-none-eabi/lib/thumb/libg.a(lib_a-vfiprintf.o)
 .bss           0x02024bd8        0x0 /home/hansung/ndsdev/devkitPro/devkitARM/bin/../lib/gcc/arm-none-eabi/4.7.1/../../../../arm-none-eabi/lib/thumb/libg.a(lib_a-wcrtomb.o)
 .bss           0x02024bd8        0x0 /home/hansung/ndsdev/devkitPro/devkitARM/bin/../lib/gcc/arm-none-eabi/4.7.1/../../../../arm-none-eabi/lib/thumb/libg.a(lib_a-wcsrtombs.o)
 .bss           0x02024bd8        0x0 /home/hansung/ndsdev/devkitPro/devkitARM/bin/../lib/gcc/arm-none-eabi/4.7.1/../../../../arm-none-eabi/lib/thumb/libg.a(lib_a-wctomb_r.o)
 .bss           0x02024bd8        0x0 /home/hansung/ndsdev/devkitPro/devkitARM/bin/../lib/gcc/arm-none-eabi/4.7.1/../../../../arm-none-eabi/lib/thumb/libg.a(lib_a-wsetup.o)
 .bss           0x02024bd8        0x0 /home/hansung/ndsdev/devkitPro/devkitARM/bin/../lib/gcc/arm-none-eabi/4.7.1/../../../../arm-none-eabi/lib/thumb/libg.a(lib_a-ctype_.o)
 .bss           0x02024bd8        0x0 /home/hansung/ndsdev/devkitPro/devkitARM/bin/../lib/gcc/arm-none-eabi/4.7.1/../../../../arm-none-eabi/lib/thumb/libg.a(lib_a-dtoa.o)
 .bss           0x02024bd8        0x0 /home/hansung/ndsdev/devkitPro/devkitARM/bin/../lib/gcc/arm-none-eabi/4.7.1/../../../../arm-none-eabi/lib/thumb/libg.a(lib_a-fflush.o)
 .bss           0x02024bd8        0x0 /home/hansung/ndsdev/devkitPro/devkitARM/bin/../lib/gcc/arm-none-eabi/4.7.1/../../../../arm-none-eabi/lib/thumb/libg.a(lib_a-findfp.o)
 .bss           0x02024bd8        0x0 /home/hansung/ndsdev/devkitPro/devkitARM/bin/../lib/gcc/arm-none-eabi/4.7.1/../../../../arm-none-eabi/lib/thumb/libg.a(lib_a-fputwc.o)
 .bss           0x02024bd8        0x0 /home/hansung/ndsdev/devkitPro/devkitARM/bin/../lib/gcc/arm-none-eabi/4.7.1/../../../../arm-none-eabi/lib/thumb/libg.a(lib_a-freer.o)
 .bss           0x02024bd8        0x0 /home/hansung/ndsdev/devkitPro/devkitARM/bin/../lib/gcc/arm-none-eabi/4.7.1/../../../../arm-none-eabi/lib/thumb/libg.a(lib_a-fvwrite.o)
 .bss           0x02024bd8        0x0 /home/hansung/ndsdev/devkitPro/devkitARM/bin/../lib/gcc/arm-none-eabi/4.7.1/../../../../arm-none-eabi/lib/thumb/libg.a(lib_a-fwalk.o)
 .bss           0x02024bd8        0x0 /home/hansung/ndsdev/devkitPro/devkitARM/bin/../lib/gcc/arm-none-eabi/4.7.1/../../../../arm-none-eabi/lib/thumb/libg.a(lib_a-iswspace.o)
 .bss           0x02024bd8        0x0 /home/hansung/ndsdev/devkitPro/devkitARM/bin/../lib/gcc/arm-none-eabi/4.7.1/../../../../arm-none-eabi/lib/thumb/libg.a(lib_a-jp2uc.o)
 .bss           0x02024bd8      0x2b8 /home/hansung/ndsdev/devkitPro/devkitARM/bin/../lib/gcc/arm-none-eabi/4.7.1/../../../../arm-none-eabi/lib/thumb/libg.a(lib_a-locale.o)
                0x02024e84                _PathLocale
                0x02024e88                __mlocale_changed
                0x02024e8c                __nlocale_changed
 .bss           0x02024e90        0x0 /home/hansung/ndsdev/devkitPro/devkitARM/bin/../lib/gcc/arm-none-eabi/4.7.1/../../../../arm-none-eabi/lib/thumb/libg.a(lib_a-makebuf.o)
 .bss           0x02024e90        0x0 /home/hansung/ndsdev/devkitPro/devkitARM/bin/../lib/gcc/arm-none-eabi/4.7.1/../../../../arm-none-eabi/lib/thumb/libg.a(lib_a-mbrtowc.o)